Component: ARM Compiler 5.06 update 5 (build 528) Tool: armlink [4d35e2]

==============================================================================

Section Cross References

    startup_stm32f407xx.o(STACK) refers (Special) to heapauxi.o(.text) for __use_two_region_memory
    startup_stm32f407xx.o(HEAP) refers (Special) to heapauxi.o(.text) for __use_two_region_memory
    startup_stm32f407xx.o(RESET) refers (Special) to heapauxi.o(.text) for __use_two_region_memory
    startup_stm32f407xx.o(RESET) refers to startup_stm32f407xx.o(STACK) for __initial_sp
    startup_stm32f407xx.o(RESET) refers to startup_stm32f407xx.o(.text) for Reset_Handler
    startup_stm32f407xx.o(RESET) refers to stm32f4xx_it.o(i.NMI_Handler) for NMI_Handler
    startup_stm32f407xx.o(RESET) refers to stm32f4xx_it.o(i.HardFault_Handler) for HardFault_Handler
    startup_stm32f407xx.o(RESET) refers to stm32f4xx_it.o(i.MemManage_Handler) for MemManage_Handler
    startup_stm32f407xx.o(RESET) refers to stm32f4xx_it.o(i.BusFault_Handler) for BusFault_Handler
    startup_stm32f407xx.o(RESET) refers to stm32f4xx_it.o(i.UsageFault_Handler) for UsageFault_Handler
    startup_stm32f407xx.o(RESET) refers to port.o(.emb_text) for SVC_Handler
    startup_stm32f407xx.o(RESET) refers to stm32f4xx_it.o(i.DebugMon_Handler) for DebugMon_Handler
    startup_stm32f407xx.o(RESET) refers to cmsis_os2.o(i.SysTick_Handler) for SysTick_Handler
    startup_stm32f407xx.o(RESET) refers to stm32f4xx_it.o(i.DMA1_Stream0_IRQHandler) for DMA1_Stream0_IRQHandler
    startup_stm32f407xx.o(RESET) refers to stm32f4xx_it.o(i.DMA1_Stream6_IRQHandler) for DMA1_Stream6_IRQHandler
    startup_stm32f407xx.o(RESET) refers to stm32f4xx_it.o(i.I2C1_EV_IRQHandler) for I2C1_EV_IRQHandler
    startup_stm32f407xx.o(RESET) refers to stm32f4xx_it.o(i.I2C1_ER_IRQHandler) for I2C1_ER_IRQHandler
    startup_stm32f407xx.o(RESET) refers to stm32f4xx_it.o(i.TIM8_TRG_COM_TIM14_IRQHandler) for TIM8_TRG_COM_TIM14_IRQHandler
    startup_stm32f407xx.o(RESET) refers to stm32f4xx_it.o(i.DMA2_Stream1_IRQHandler) for DMA2_Stream1_IRQHandler
    startup_stm32f407xx.o(RESET) refers to stm32f4xx_it.o(i.DMA2_Stream6_IRQHandler) for DMA2_Stream6_IRQHandler
    startup_stm32f407xx.o(.text) refers (Special) to heapauxi.o(.text) for __use_two_region_memory
    startup_stm32f407xx.o(.text) refers to system_stm32f4xx_1.o(i.SystemInit) for SystemInit
    startup_stm32f407xx.o(.text) refers to __main.o(!!!main) for __main
    startup_stm32f407xx.o(.text) refers to startup_stm32f407xx.o(HEAP) for Heap_Mem
    startup_stm32f407xx.o(.text) refers to startup_stm32f407xx.o(STACK) for Stack_Mem
    chassis.o(i.Chassis_Init) refers to motor.o(i.Motor_Init) for Motor_Init
    chassis.o(i.Chassis_Init) refers to trap_plan.o(i.TrapPlan_Init) for TrapPlan_Init
    chassis.o(i.Chassis_Init) refers to tim.o(.bss) for htim2
    chassis.o(i.Chassis_Init) refers to motor.o(.bss) for g_motor_left
    chassis.o(i.Chassis_Init) refers to motor.o(.bss) for g_motor_right
    chassis.o(i.Chassis_Init) refers to chassis.o(.bss) for .bss
    chassis.o(i.Chassis_Init) refers to chassis.o(.data) for .data
    chassis.o(i.Chassis_IsMoveDone) refers to trap_plan.o(i.TrapPlan_IsDone) for TrapPlan_IsDone
    chassis.o(i.Chassis_IsMoveDone) refers to chassis.o(.bss) for .bss
    chassis.o(i.Chassis_IsRotateDone) refers to trap_plan.o(i.TrapPlan_IsDone) for TrapPlan_IsDone
    chassis.o(i.Chassis_IsRotateDone) refers to chassis.o(.bss) for .bss
    chassis.o(i.Chassis_Moveto) refers to trap_plan.o(i.TrapPlan_Stop) for TrapPlan_Stop
    chassis.o(i.Chassis_Moveto) refers to trap_plan.o(i.TrapPlan_SetTarget) for TrapPlan_SetTarget
    chassis.o(i.Chassis_Moveto) refers to chassis.o(.bss) for .bss
    chassis.o(i.Chassis_RotateTo) refers to trap_plan.o(i.TrapPlan_SetTarget) for TrapPlan_SetTarget
    chassis.o(i.Chassis_RotateTo) refers to chassis.o(.bss) for .bss
    chassis.o(i.Chassis_RotateTo) refers to chassis.o(.data) for .data
    chassis.o(i.Chassis_SetGyroData) refers to chassis.o(.data) for .data
    chassis.o(i.Chassis_SetHeadingLock) refers to chassis.o(.data) for .data
    chassis.o(i.Chassis_Stop) refers to trap_plan.o(i.TrapPlan_Stop) for TrapPlan_Stop
    chassis.o(i.Chassis_Stop) refers to motor.o(i.Stepper_SetSpeed) for Stepper_SetSpeed
    chassis.o(i.Chassis_Stop) refers to chassis.o(.bss) for .bss
    chassis.o(i.Chassis_Stop) refers to chassis.o(.data) for .data
    chassis.o(i.Chassis_Stop) refers to motor.o(.bss) for g_motor_left
    chassis.o(i.Chassis_Stop) refers to motor.o(.bss) for g_motor_right
    chassis.o(i.Chassis_Update) refers to trap_plan.o(i.TrapPlan_IsDone) for TrapPlan_IsDone
    chassis.o(i.Chassis_Update) refers to trap_plan.o(i.TrapPlan_Update) for TrapPlan_Update
    chassis.o(i.Chassis_Update) refers to motor.o(i.Stepper_SetWheelSpeed) for Stepper_SetWheelSpeed
    chassis.o(i.Chassis_Update) refers to chassis.o(.bss) for .bss
    chassis.o(i.Chassis_Update) refers to chassis.o(.data) for .data
[...]
    EXTI0_IRQHandler                         0x08000327   Thumb Code     0  startup_stm32f407xx.o(.text)
    EXTI15_10_IRQHandler                     0x08000327   Thumb Code     0  startup_stm32f407xx.o(.text)
    EXTI1_IRQHandler                         0x08000327   Thumb Code     0  startup_stm32f407xx.o(.text)
    EXTI2_IRQHandler                         0x08000327   Thumb Code     0  startup_stm32f407xx.o(.text)
    EXTI3_IRQHandler                         0x08000327   Thumb Code     0  startup_stm32f407xx.o(.text)
    EXTI4_IRQHandler                         0x08000327   Thumb Code     0  startup_stm32f407xx.o(.text)
    EXTI9_5_IRQHandler                       0x08000327   Thumb Code     0  startup_stm32f407xx.o(.text)
    FLASH_IRQHandler                         0x08000327   Thumb Code     0  startup_stm32f407xx.o(.text)
    FMC_IRQHandler                           0x08000327   Thumb Code     0  startup_stm32f407xx.o(.text)
    FPU_IRQHandler                           0x08000327   Thumb Code     0  startup_stm32f407xx.o(.text)
    HASH_RNG_IRQHandler                      0x08000327   Thumb Code     0  startup_stm32f407xx.o(.text)
    I2C2_ER_IRQHandler                       0x08000327   Thumb Code     0  startup_stm32f407xx.o(.text)
    I2C2_EV_IRQHandler                       0x08000327   Thumb Code     0  startup_stm32f407xx.o(.text)
    I2C3_ER_IRQHandler                       0x08000327   Thumb Code     0  startup_stm32f407xx.o(.text)
    I2C3_EV_IRQHandler                       0x08000327   Thumb Code     0  startup_stm32f407xx.o(.text)
    OTG_FS_IRQHandler                        0x08000327   Thumb Code     0  startup_stm32f407xx.o(.text)
    OTG_FS_WKUP_IRQHandler                   0x08000327   Thumb Code     0  startup_stm32f407xx.o(.text)
    OTG_HS_EP1_IN_IRQHandler                 0x08000327   Thumb Code     0  startup_stm32f407xx.o(.text)
    OTG_HS_EP1_OUT_IRQHandler                0x08000327   Thumb Code     0  startup_stm32f407xx.o(.text)
    OTG_HS_IRQHandler                        0x08000327   Thumb Code     0  startup_stm32f407xx.o(.text)
    OTG_HS_WKUP_IRQHandler                   0x08000327   Thumb Code     0  startup_stm32f407xx.o(.text)
    PVD_IRQHandler                           0x08000327   Thumb Code     0  startup_stm32f407xx.o(.text)
    RCC_IRQHandler                           0x08000327   Thumb Code     0  startup_stm32f407xx.o(.text)
    RTC_Alarm_IRQHandler                     0x08000327   Thumb Code     0  startup_stm32f407xx.o(.text)
    RTC_WKUP_IRQHandler                      0x08000327   Thumb Code     0  startup_stm32f407xx.o(.text)
    SDIO_IRQHandler                          0x08000327   Thumb Code     0  startup_stm32f407xx.o(.text)
    SPI1_IRQHandler                          0x08000327   Thumb Code     0  startup_stm32f407xx.o(.text)
    SPI2_IRQHandler                          0x08000327   Thumb Code     0  startup_stm32f407xx.o(.text)
    SPI3_IRQHandler                          0x08000327   Thumb Code     0  startup_stm32f407xx.o(.text)
    TAMP_STAMP_IRQHandler                    0x08000327   Thumb Code     0  startup_stm32f407xx.o(.text)
    TIM1_BRK_TIM9_IRQHandler                 0x08000327   Thumb Code     0  startup_stm32f407xx.o(.text)
    TIM1_CC_IRQHandler                       0x08000327   Thumb Code     0  startup_stm32f407xx.o(.text)
    TIM1_TRG_COM_TIM11_IRQHandler            0x08000327   Thumb Code     0  startup_stm32f407xx.o(.text)
    TIM1_UP_TIM10_IRQHandler                 0x08000327   Thumb Code     0  startup_stm32f407xx.o(.text)
    TIM2_IRQHandler                          0x08000327   Thumb Code     0  startup_stm32f407xx.o(.text)
    TIM3_IRQHandler                          0x08000327   Thumb Code     0  startup_stm32f407xx.o(.text)
    TIM4_IRQHandler                          0x08000327   Thumb Code     0  startup_stm32f407xx.o(.text)
    TIM5_IRQHandler                          0x08000327   Thumb Code     0  startup_stm32f407xx.o(.text)
    TIM6_DAC_IRQHandler                      0x08000327   Thumb Code     0  startup_stm32f407xx.o(.text)
    TIM7_IRQHandler                          0x08000327   Thumb Code     0  startup_stm32f407xx.o(.text)
    TIM8_BRK_TIM12_IRQHandler                0x08000327   Thumb Code     0  startup_stm32f407xx.o(.text)
    TIM8_CC_IRQHandler                       0x08000327   Thumb Code     0  startup_stm32f407xx.o(.text)
    TIM8_UP_TIM13_IRQHandler                 0x08000327   Thumb Code     0  startup_stm32f407xx.o(.text)
    UART4_IRQHandler                         0x08000327   Thumb Code     0  startup_stm32f407xx.o(.text)
    UART5_IRQHandler                         0x08000327   Thumb Code     0  startup_stm32f407xx.o(.text)
    USART1_IRQHandler                        0x08000327   Thumb Code     0  startup_stm32f407xx.o(.text)
    USART2_IRQHandler                        0x08000327   Thumb Code     0  startup_stm32f407xx.o(.text)
    USART3_IRQHandler                        0x08000327   Thumb Code     0  startup_stm32f407xx.o(.text)
    USART6_IRQHandler                        0x08000327   Thumb Code     0  startup_stm32f407xx.o(.text)
    WWDG_IRQHandler                          0x08000327   Thumb Code     0  startup_stm32f407xx.o(.text)
    __user_initial_stackheap                 0x08000329   Thumb Code     0  startup_stm32f407xx.o(.text)
    __aeabi_uldivmod                         0x0800034d   Thumb Code     0  lludivv7m.o(.text)
    _ll_udiv                                 0x0800034d   Thumb Code   238  lludivv7m.o(.text)
    __2snprintf                              0x0800043d   Thumb Code    50  __2snprintf.o(.text)
    _printf_pre_padding                      0x08000475   Thumb Code    44  _printf_pad.o(.text)
    _printf_post_padding                     0x080004a1   Thumb Code    34  _printf_pad.o(.text)
    _printf_int_dec                          0x080004c5   Thumb Code   104  _printf_dec.o(.text)
    _printf_int_hex                          0x0800053d   Thumb Code    84  _printf_hex_int.o(.text)
    _printf_longlong_hex                     0x0800053d   Thumb Code     0  _printf_hex_int.o(.text)
    __printf                                 0x08000595   Thumb Code   308  __printf_flags_wp.o(.text)
    strlen                                   0x080006cd   Thumb Code    62  strlen.o(.text)
    __aeabi_memcpy                           0x0800070b   Thumb Code     0  rt_memcpy_v6.o(.text)
    __rt_memcpy                              0x0800070b   Thumb Code   138  rt_memcpy_v6.o(.text)
    _memcpy_lastbytes                        0x08000771   Thumb Code     0  rt_memcpy_v6.o(.text)
    __aeabi_memset                           0x08000795   Thumb Code    16  aeabi_memset.o(.text)
    __aeabi_memclr                           0x080007a5   Thumb Code     0  rt_memclr.o(.text)
    __rt_memclr                              0x080007a5   Thumb Code    68  rt_memclr.o(.text)
    _memset                                  0x080007a9   Thumb Code     0  rt_memclr.o(.text)
    __aeabi_memclr4                          0x080007e9   Thumb Code     0  rt_memclr_w.o(.text)
    __aeabi_memclr8                          0x080007e9   Thumb Code     0  rt_memclr_w.o(.text)
    __rt_memclr_w                            0x080007e9   Thumb Code    78  rt_memclr_w.o(.text)
    _memset_w                                0x080007ed   Thumb Code     0  rt_memclr_w.o(.text)
    __use_two_region_memory                  0x08000837   Thumb Code     2  heapauxi.o(.text)
    __rt_heap_escrow$2region                 0x08000839   Thumb Code     2  heapauxi.o(.text)
    __rt_heap_expand$2region                 0x0800083b   Thumb Code     2  heapauxi.o(.text)
    __read_errno                             0x0800083d   Thumb Code    10  _rserrno.o(.text)
    __set_errno                              0x08000847   Thumb Code    12  _rserrno.o(.text)
    _printf_int_common                       0x08000853   Thumb Code   178  _printf_intcommon.o(.text)
    __lib_sel_fp_printf                      0x08000905   Thumb Code     2  _printf_fp_dec.o(.text)
    _printf_fp_dec_real                      0x08000ab7   Thumb Code   620  _printf_fp_dec.o(.text)
    _printf_char_common                      0x08000d2f   Thumb Code    32  _printf_char_common.o(.text)
    _sputc                                   0x08000d55   Thumb Code    10  _sputc.o(.text)
    _snputc                                  0x08000d5f   Thumb Code    16  _snputc.o(.text)
    __aeabi_memcpy4                          0x08000d6f   Thumb Code     0  rt_memcpy_w.o(.text)
    __aeabi_memcpy8                          0x08000d6f   Thumb Code     0  rt_memcpy_w.o(.text)
    __rt_memcpy_w                            0x08000d6f   Thumb Code   100  rt_memcpy_w.o(.text)
    _memcpy_lastbytes_aligned                0x08000db7   Thumb Code     0  rt_memcpy_w.o(.text)
    __rt_locale                              0x08000dd5   Thumb Code     8  rt_locale_intlibspace.o(.text)
    __aeabi_errno_addr                       0x08000ddd   Thumb Code     8  rt_errno_addr_intlibspace.o(.text)
    __errno$intlibspace                      0x08000ddd   Thumb Code     0  rt_errno_addr_intlibspace.o(.text)
    __rt_errno_addr$intlibspace              0x08000ddd   Thumb Code     0  rt_errno_addr_intlibspace.o(.text)
    _ll_udiv10                               0x08000de5   Thumb Code   138  lludiv10.o(.text)
    _printf_fp_infnan                        0x08000e71   Thumb Code   112  _printf_fp_infnan.o(.text)
    _btod_etento                             0x08000ef1   Thumb Code   224  bigflt0.o(.text)
    __user_libspace                          0x08000fd5   Thumb Code     8  libspace.o(.text)
    __user_perproc_libspace                  0x08000fd5   Thumb Code     0  libspace.o(.text)
    __user_perthread_libspace                0x08000fd5   Thumb Code     0  libspace.o(.text)
    __user_setup_stackheap                   0x08000fdd   Thumb Code    74  sys_stackheap_outer.o(.text)
    exit                                     0x08001027   Thumb Code    18  exit.o(.text)
    strcmp                                   0x08001039   Thumb Code   128  strcmpv7m.o(.text)
    _sys_exit                                0x080010b9   Thumb Code     8  sys_exit.o(.text)
    __I$use$semihosting                      0x080010c5   Thumb Code     0  use_no_semi.o(.text)
    __use_no_semihosting_swi                 0x080010c5   Thumb Code     2  use_no_semi.o(.text)
    __semihosting_library_function           0x080010c7   Thumb Code     0  indicate_semi.o(.text)
    _btod_d2e                                0x080010c7   Thumb Code    62  btod.o(CL$$btod_d2e)
    _d2e_denorm_low                          0x08001105   Thumb Code    70  btod.o(CL$$btod_d2e_denorm_low)
    _d2e_norm_op1                            0x0800114b   Thumb Code    96  btod.o(CL$$btod_d2e_norm_op1)
    __btod_div_common                        0x080011ab   Thumb Code   696  btod.o(CL$$btod_div_common)
    _e2e                                     0x080014e3   Thumb Code   220  btod.o(CL$$btod_e2e)
    _btod_ediv                               0x080015bf   Thumb Code    42  btod.o(CL$$btod_ediv)
    _btod_emul                               0x080015e9   Thumb Code    42  btod.o(CL$$btod_emul)
    __btod_mult_common                       0x08001613   Thumb Code   580  btod.o(CL$$btod_mult_common)
    BusFault_Handler                         0x08001857   Thumb Code     2  stm32f4xx_it.o(i.BusFault_Handler)
    Chassis_Init                             0x08001859   Thumb Code   152  chassis.o(i.Chassis_Init)
    Chassis_IsMoveDone                       0x0800192d   Thumb Code     6  chassis.o(i.Chassis_IsMoveDone)
    Chassis_IsRotateDone                     0x08001939   Thumb Code     6  chassis.o(i.Chassis_IsRotateDone)
    Chassis_Moveto                           0x08001945   Thumb Code    56  chassis.o(i.Chassis_Moveto)
    Chassis_RotateTo                         0x08001989   Thumb Code    42  chassis.o(i.Chassis_RotateTo)
    Chassis_SetHeadingLock                   0x080019c5   Thumb Code    34  chassis.o(i.Chassis_SetHeadingLock)
    Chassis_Update                           0x080019f1   Thumb Code   414  chassis.o(i.Chassis_Update)
    DMA1_Stream0_IRQHandler                  0x08001bd5   Thumb Code     6  stm32f4xx_it.o(i.DMA1_Stream0_IRQHandler)
    DMA1_Stream6_IRQHandler                  0x08001be1   Thumb Code     6  stm32f4xx_it.o(i.DMA1_Stream6_IRQHandler)
    DMA2_Stream1_IRQHandler                  0x08001bed   Thumb Code     6  stm32f4xx_it.o(i.DMA2_Stream1_IRQHandler)
    DMA2_Stream6_IRQHandler                  0x08001bf9   Thumb Code     6  stm32f4xx_it.o(i.DMA2_Stream6_IRQHandler)
    DebugMon_Handler                         0x08001ca9   Thumb Code     2  stm32f4xx_it.o(i.DebugMon_Handler)
    Error_Handler                            0x08001cab   Thumb Code     4  main.o(i.Error_Handler)
    GraySensor_CorrectPose                   0x08001cb1   Thumb Code    80  gray_sensor.o(i.GraySensor_CorrectPose)
    GraySensor_Init                          0x08001d05   Thumb Code    34  gray_sensor.o(i.GraySensor_Init)
    GraySensor_ReadOnce                      0x08001d35   Thumb Code   230  gray_sensor.o(i.GraySensor_ReadOnce)
    HAL_DMA_Abort                            0x08001e41   Thumb Code   146  stm32f4xx_hal_dma.o(i.HAL_DMA_Abort)
    HAL_DMA_Abort_IT                         0x08001ed3   Thumb Code    36  stm32f4xx_hal_dma.o(i.HAL_DMA_Abort_IT)
    HAL_DMA_DeInit                           0x08001ef7   Thumb Code    98  stm32f4xx_hal_dma.o(i.HAL_DMA_DeInit)
    HAL_DMA_GetError                         0x08001f59   Thumb Code     4  stm32f4xx_hal_dma.o(i.HAL_DMA_GetError)
    HAL_DMA_GetState                         0x08001f5d   Thumb Code     6  stm32f4xx_hal_dma.o(i.HAL_DMA_GetState)
    HAL_DMA_IRQHandler                       0x08001f65   Thumb Code   412  stm32f4xx_hal_dma.o(i.HAL_DMA_IRQHandler)
    HAL_DMA_Init                             0x08002105   Thumb Code   206  stm32f4xx_hal_dma.o(i.HAL_DMA_Init)
    HAL_DMA_Start_IT                         0x080021d9   Thumb Code   110  stm32f4xx_hal_dma.o(i.HAL_DMA_Start_IT)
    HAL_Delay                                0x08002249   Thumb Code    32  stm32f4xx_hal.o(i.HAL_Delay)
    HAL_GPIO_DeInit                          0x0800226d   Thumb Code   320  stm32f4xx_hal_gpio.o(i.HAL_GPIO_DeInit)
    HAL_GPIO_Init                            0x080023d5   Thumb Code   450  stm32f4xx_hal_gpio.o(i.HAL_GPIO_Init)
    HAL_GPIO_WritePin                        0x080025c5   Thumb Code    10  stm32f4xx_hal_gpio.o(i.HAL_GPIO_WritePin)
    HAL_GetTick                              0x080025d1   Thumb Code     6  stm32f4xx_hal.o(i.HAL_GetTick)
    HAL_I2C_AbortCpltCallback                0x080025dd   Thumb Code     2  stm32f4xx_hal_i2c.o(i.HAL_I2C_AbortCpltCallback)
    HAL_I2C_AddrCallback                     0x080025df   Thumb Code     2  stm32f4xx_hal_i2c.o(i.HAL_I2C_AddrCallback)
    HAL_I2C_DeInit                           0x080025e1   Thumb Code    50  stm32f4xx_hal_i2c.o(i.HAL_I2C_DeInit)
    HAL_I2C_ER_IRQHandler                    0x08002613   Thumb Code   186  stm32f4xx_hal_i2c.o(i.HAL_I2C_ER_IRQHandler)
    HAL_I2C_EV_IRQHandler                    0x080026cd   Thumb Code   560  stm32f4xx_hal_i2c.o(i.HAL_I2C_EV_IRQHandler)
    HAL_I2C_ErrorCallback                    0x080028fd   Thumb Code    30  stm32f4xx_it.o(i.HAL_I2C_ErrorCallback)
    HAL_I2C_Init                             0x08002921   Thumb Code   376  stm32f4xx_hal_i2c.o(i.HAL_I2C_Init)
    HAL_I2C_ListenCpltCallback               0x08002aa9   Thumb Code     2  stm32f4xx_hal_i2c.o(i.HAL_I2C_ListenCpltCallback)
    HAL_I2C_MasterRxCpltCallback             0x08002aab   Thumb Code     2  stm32f4xx_hal_i2c.o(i.HAL_I2C_MasterRxCpltCallback)
    HAL_I2C_MasterTxCpltCallback             0x08002aad   Thumb Code     2  stm32f4xx_hal_i2c.o(i.HAL_I2C_MasterTxCpltCallback)
    HAL_I2C_MemRxCpltCallback                0x08002ab1   Thumb Code    56  stm32f4xx_it.o(i.HAL_I2C_MemRxCpltCallback)
    HAL_I2C_MemTxCpltCallback                0x08002af5   Thumb Code     2  stm32f4xx_hal_i2c.o(i.HAL_I2C_MemTxCpltCallback)
    HAL_I2C_Mem_Read                         0x08002af9   Thumb Code   502  stm32f4xx_hal_i2c.o(i.HAL_I2C_Mem_Read)
    HAL_I2C_Mem_Read_DMA                     0x08002cfd   Thumb Code   444  stm32f4xx_hal_i2c.o(i.HAL_I2C_Mem_Read_DMA)
    HAL_I2C_Mem_Write                        0x08002ec9   Thumb Code   294  stm32f4xx_hal_i2c.o(i.HAL_I2C_Mem_Write)
    HAL_I2C_MspDeInit                        0x08002ff9   Thumb Code   124  i2c.o(i.HAL_I2C_MspDeInit)
    HAL_I2C_MspInit                          0x08003091   Thumb Code   360  i2c.o(i.HAL_I2C_MspInit)
    HAL_I2C_SlaveRxCpltCallback              0x0800321d   Thumb Code     2  stm32f4xx_hal_i2c.o(i.HAL_I2C_SlaveRxCpltCallback)
    HAL_I2C_SlaveTxCpltCallback              0x0800321f   Thumb Code     2  stm32f4xx_hal_i2c.o(i.HAL_I2C_SlaveTxCpltCallback)
    HAL_IncTick                              0x08003221   Thumb Code    12  stm32f4xx_hal.o(i.HAL_IncTick)
    HAL_Init                                 0x08003231   Thumb Code    48  stm32f4xx_hal.o(i.HAL_Init)
    HAL_InitTick                             0x08003265   Thumb Code   132  stm32f4xx_hal_timebase_tim.o(i.HAL_InitTick)
    HAL_MspInit                              0x080032fd   Thumb Code    52  stm32f4xx_hal_msp.o(i.HAL_MspInit)
    HAL_NVIC_EnableIRQ                       0x08003335   Thumb Code    26  stm32f4xx_hal_cortex.o(i.HAL_NVIC_EnableIRQ)
    HAL_NVIC_SetPriority                     0x08003351   Thumb Code    60  stm32f4xx_hal_cortex.o(i.HAL_NVIC_SetPriority)
    HAL_NVIC_SetPriorityGrouping             0x08003391   Thumb Code    26  stm32f4xx_hal_cortex.o(i.HAL_NVIC_SetPriorityGrouping)
    HAL_RCC_ClockConfig                      0x080033b5   Thumb Code   288  stm32f4xx_hal_rcc.o(i.HAL_RCC_ClockConfig)
    HAL_RCC_GetClockConfig                   0x080034e9   Thumb Code    54  stm32f4xx_hal_rcc.o(i.HAL_RCC_GetClockConfig)
    HAL_RCC_GetPCLK1Freq                     0x08003529   Thumb Code    20  stm32f4xx_hal_rcc.o(i.HAL_RCC_GetPCLK1Freq)
    HAL_RCC_GetPCLK2Freq                     0x08003549   Thumb Code    20  stm32f4xx_hal_rcc.o(i.HAL_RCC_GetPCLK2Freq)
    HAL_RCC_GetSysClockFreq                  0x08003569   Thumb Code    88  stm32f4xx_hal_rcc.o(i.HAL_RCC_GetSysClockFreq)
    HAL_RCC_OscConfig                        0x080035c9   Thumb Code   856  stm32f4xx_hal_rcc.o(i.HAL_RCC_OscConfig)
    HAL_TIMEx_BreakCallback                  0x08003935   Thumb Code     2  stm32f4xx_hal_tim_ex.o(i.HAL_TIMEx_BreakCallback)
    HAL_TIMEx_CommutCallback                 0x08003937   Thumb Code     2  stm32f4xx_hal_tim_ex.o(i.HAL_TIMEx_CommutCallback)
    HAL_TIMEx_MasterConfigSynchronization    0x08003939   Thumb Code   116  stm32f4xx_hal_tim_ex.o(i.HAL_TIMEx_MasterConfigSynchronization)
    HAL_TIM_Base_Init                        0x080039c9   Thumb Code    90  stm32f4xx_hal_tim.o(i.HAL_TIM_Base_Init)
    HAL_TIM_Base_MspInit                     0x08003a23   Thumb Code     2  stm32f4xx_hal_tim.o(i.HAL_TIM_Base_MspInit)
    HAL_TIM_Base_Start_IT                    0x08003a25   Thumb Code   100  stm32f4xx_hal_tim.o(i.HAL_TIM_Base_Start_IT)
    HAL_TIM_IC_CaptureCallback               0x08003aa5   Thumb Code     2  stm32f4xx_hal_tim.o(i.HAL_TIM_IC_CaptureCallback)
    HAL_TIM_IRQHandler                       0x08003aa7   Thumb Code   304  stm32f4xx_hal_tim.o(i.HAL_TIM_IRQHandler)
    HAL_TIM_MspPostInit                      0x08003bd9   Thumb Code   212  tim.o(i.HAL_TIM_MspPostInit)
    HAL_TIM_OC_DelayElapsedCallback          0x08003ccd   Thumb Code     2  stm32f4xx_hal_tim.o(i.HAL_TIM_OC_DelayElapsedCallback)
    HAL_TIM_PWM_ConfigChannel                0x08003ccf   Thumb Code   204  stm32f4xx_hal_tim.o(i.HAL_TIM_PWM_ConfigChannel)
    HAL_TIM_PWM_Init                         0x08003d9b   Thumb Code    90  stm32f4xx_hal_tim.o(i.HAL_TIM_PWM_Init)
    HAL_TIM_PWM_MspInit                      0x08003df5   Thumb Code   122  tim.o(i.HAL_TIM_PWM_MspInit)
    HAL_TIM_PWM_PulseFinishedCallback        0x08003e85   Thumb Code     2  stm32f4xx_hal_tim.o(i.HAL_TIM_PWM_PulseFinishedCallback)
    HAL_TIM_PWM_Start                        0x08003e89   Thumb Code   172  stm32f4xx_hal_tim.o(i.HAL_TIM_PWM_Start)
    HAL_TIM_PeriodElapsedCallback            0x08003f51   Thumb Code    14  main.o(i.HAL_TIM_PeriodElapsedCallback)
    HAL_TIM_TriggerCallback                  0x08003f65   Thumb Code     2  stm32f4xx_hal_tim.o(i.HAL_TIM_TriggerCallback)
    HAL_UARTEx_RxEventCallback               0x08003f67   Thumb Code     2  stm32f4xx_hal_uart.o(i.HAL_UARTEx_RxEventCallback)
    HAL_UART_DMAStop                         0x08003f69   Thumb Code   112  stm32f4xx_hal_uart.o(i.HAL_UART_DMAStop)
    HAL_UART_ErrorCallback                   0x08003fd9   Thumb Code     2  stm32f4xx_hal_uart.o(i.HAL_UART_ErrorCallback)
    HAL_UART_Init                            0x08003fdb   Thumb Code   100  stm32f4xx_hal_uart.o(i.HAL_UART_Init)
    HAL_UART_MspInit                         0x08004041   Thumb Code   304  usart.o(i.HAL_UART_MspInit)
    HAL_UART_Receive_DMA                     0x08004191   Thumb Code    28  stm32f4xx_hal_uart.o(i.HAL_UART_Receive_DMA)
    HAL_UART_RxCpltCallback                  0x080041ad   Thumb Code     2  stm32f4xx_hal_uart.o(i.HAL_UART_RxCpltCallback)
    HAL_UART_RxHalfCpltCallback              0x080041af   Thumb Code     2  stm32f4xx_hal_uart.o(i.HAL_UART_RxHalfCpltCallback)
    HAL_UART_Transmit                        0x080041b1   Thumb Code   160  stm32f4xx_hal_uart.o(i.HAL_UART_Transmit)
    HardFault_Handler                        0x08004251   Thumb Code     2  stm32f4xx_it.o(i.HardFault_Handler)
    I2C1_ER_IRQHandler                       0x08004255   Thumb Code     6  stm32f4xx_it.o(i.I2C1_ER_IRQHandler)
    I2C1_EV_IRQHandler                       0x08004261   Thumb Code     6  stm32f4xx_it.o(i.I2C1_EV_IRQHandler)
    MPU6050_GetYaw                           0x08005279   Thumb Code     8  mpu6050.o(i.MPU6050_GetYaw)
    MPU6050_Init                             0x08005285   Thumb Code   102  mpu6050.o(i.MPU6050_Init)
    MPU6050_IntegrateYaw                     0x080052f1   Thumb Code    44  mpu6050.o(i.MPU6050_IntegrateYaw)
    MPU6050_OnDMAComplete                    0x08005329   Thumb Code    16  mpu6050.o(i.MPU6050_OnDMAComplete)
    MPU6050_ProcessData                      0x08005341   Thumb Code   112  mpu6050.o(i.MPU6050_ProcessData)
    MPU6050_StartReadDMA                     0x080053bd   Thumb Code    32  mpu6050.o(i.MPU6050_StartReadDMA)
    MPU6050_UpdateTemperature                0x080053e5   Thumb Code    90  mpu6050.o(i.MPU6050_UpdateTemperature)
    MX_DMA_Init                              0x08005451   Thumb Code   104  dma.o(i.MX_DMA_Init)
    MX_FREERTOS_Init                         0x080054bd   Thumb Code    48  freertos.o(i.MX_FREERTOS_Init)
    MX_GPIO_Init                             0x08005501   Thumb Code   244  gpio.o(i.MX_GPIO_Init)
    MX_I2C1_Init                             0x08005605   Thumb Code    50  i2c.o(i.MX_I2C1_Init)
    MX_I2C2_Init                             0x08005645   Thumb Code    50  i2c.o(i.MX_I2C2_Init)
    MX_I2C3_Init                             0x08005685   Thumb Code    50  i2c.o(i.MX_I2C3_Init)
    MX_TIM2_Init                             0x080056c5   Thumb Code   108  tim.o(i.MX_TIM2_Init)
    MX_TIM3_Init                             0x08005735   Thumb Code   106  tim.o(i.MX_TIM3_Init)
    MX_TIM4_Init                             0x080057a9   Thumb Code   106  tim.o(i.MX_TIM4_Init)
    MX_TIM5_Init                             0x0800581d   Thumb Code   148  tim.o(i.MX_TIM5_Init)
    MX_TIM9_Init                             0x080058b9   Thumb Code    96  tim.o(i.MX_TIM9_Init)
    MX_USART2_UART_Init                      0x08005921   Thumb Code    48  usart.o(i.MX_USART2_UART_Init)
    MX_USART3_UART_Init                      0x08005959   Thumb Code    48  usart.o(i.MX_USART3_UART_Init)
    MX_USART6_UART_Init                      0x08005991   Thumb Code    48  usart.o(i.MX_USART6_UART_Init)
    MX_USB_OTG_FS_USB_Init                   0x080059c9   Thumb Code     2  usb_otg.o(i.MX_USB_OTG_FS_USB_Init)
    MemManage_Handler                        0x080059cb   Thumb Code     2  stm32f4xx_it.o(i.MemManage_Handler)
    Motor_Init                               0x080059cd   Thumb Code   124  motor.o(i.Motor_Init)
    NMI_Handler                              0x08005a49   Thumb Code     2  stm32f4xx_it.o(i.NMI_Handler)
    StartDefaultTask                         0x08005a4d   Thumb Code   220  freertos.o(i.StartDefaultTask)
    Stepper_SetSpeed                         0x08005d21   Thumb Code   134  motor.o(i.Stepper_SetSpeed)
    Stepper_SetWheelSpeed                    0x08005db5   Thumb Code    28  motor.o(i.Stepper_SetWheelSpeed)
    SysTick_Handler                          0x08005dd5   Thumb Code    26  cmsis_os2.o(i.SysTick_Handler)
    SystemClock_Config                       0x08005df1   Thumb Code   140  main.o(i.SystemClock_Config)
    SystemInit                               0x08005e85   Thumb Code    12  system_stm32f4xx_1.o(i.SystemInit)
    TIM8_TRG_COM_TIM14_IRQHandler            0x08005e95   Thumb Code     6  stm32f4xx_it.o(i.TIM8_TRG_COM_TIM14_IRQHandler)
    TIM_Base_SetConfig                       0x08005ea1   Thumb Code   164  stm32f4xx_hal_tim.o(i.TIM_Base_SetConfig)
    TIM_CCxChannelCmd                        0x08005f71   Thumb Code    26  stm32f4xx_hal_tim.o(i.TIM_CCxChannelCmd)
    TIM_OC2_SetConfig                        0x08005fed   Thumb Code    98  stm32f4xx_hal_tim.o(i.TIM_OC2_SetConfig)
    TrapPlan_Init                            0x08006129   Thumb Code    56  trap_plan.o(i.TrapPlan_Init)
    TrapPlan_IsDone                          0x08006161   Thumb Code    16  trap_plan.o(i.TrapPlan_IsDone)
    TrapPlan_SetTarget                       0x08006171   Thumb Code   186  trap_plan.o(i.TrapPlan_SetTarget)
    TrapPlan_Stop                            0x08006235   Thumb Code    22  trap_plan.o(i.TrapPlan_Stop)
    TrapPlan_Update                          0x08006251   Thumb Code   398  trap_plan.o(i.TrapPlan_Update)
    UART_Start_Receive_DMA                   0x0800664d   Thumb Code   146  stm32f4xx_hal_uart.o(i.UART_Start_Receive_DMA)
    UsageFault_Handler                       0x0800675f   Thumb Code     2  stm32f4xx_it.o(i.UsageFault_Handler)
    __ARM_fpclassify                         0x08006761   Thumb Code    48  fpclassify.o(i.__ARM_fpclassify)
    __hardfp_sqrtf                           0x080067b1   Thumb Code    58  sqrtf.o(i.__hardfp_sqrtf)
    _is_digit                                0x080067eb   Thumb Code    14  __printf_wp.o(i._is_digit)
    chassis_feed_gyro                        0x08006861   Thumb Code     8  chassis.o(i.chassis_feed_gyro)
    main                                     0x0800688d   Thumb Code    86  main.o(i.main)
    osDelay                                  0x08006a1f   Thumb Code    26  cmsis_os2.o(i.osDelay)
    osKernelInitialize                       0x08006a39   Thumb Code    32  cmsis_os2.o(i.osKernelInitialize)
    osKernelStart                            0x08006a5d   Thumb Code    48  cmsis_os2.o(i.osKernelStart)
    osThreadNew                              0x08006a95   Thumb Code   138  cmsis_os2.o(i.osThreadNew)
    osTimerNew                               0x08006b21   Thumb Code   116  cmsis_os2.o(i.osTimerNew)
    osTimerStart                             0x08006b99   Thumb Code    50  cmsis_os2.o(i.osTimerStart)
    pvPortMalloc                             0x08007425   Thumb Code   216  heap_4.o(i.pvPortMalloc)
    pvTaskIncrementMutexHeldCount            0x08007501   Thumb Code    18  tasks.o(i.pvTaskIncrementMutexHeldCount)
    pvTimerGetTimerID                        0x08007519   Thumb Code    36  timers.o(i.pvTimerGetTimerID)
    pxPortInitialiseStack                    0x0800753d   Thumb Code    40  port.o(i.pxPortInitialiseStack)
    uxListRemove                             0x08007579   Thumb Code    38  list.o(i.uxListRemove)
    vApplicationGetIdleTaskMemory            0x080075a1   Thumb Code    16  cmsis_os2.o(i.vApplicationGetIdleTaskMemory)
    vApplicationGetTimerTaskMemory           0x080075b5   Thumb Code    18  cmsis_os2.o(i.vApplicationGetTimerTaskMemory)
    vListInitialise                          0x080075cd   Thumb Code    22  list.o(i.vListInitialise)
    vListInitialiseItem                      0x080075e3   Thumb Code     6  list.o(i.vListInitialiseItem)
    vListInsert                              0x080075e9   Thumb Code    48  list.o(i.vListInsert)
    vListInsertEnd                           0x08007619   Thumb Code    24  list.o(i.vListInsertEnd)
    vPortEnterCritical                       0x08007631   Thumb Code    54  port.o(i.vPortEnterCritical)
    vPortExitCritical                        0x08007671   Thumb Code    34  port.o(i.vPortExitCritical)
    vPortFree                                0x08007699   Thumb Code    94  heap_4.o(i.vPortFree)
    vPortSetupTimerInterrupt                 0x080076fd   Thumb Code    32  port.o(i.vPortSetupTimerInterrupt)
    vPortValidateInterruptPriority           0x08007721   Thumb Code    74  port.o(i.vPortValidateInterruptPriority)
    vQueueAddToRegistry                      0x08007775   Thumb Code    34  queue.o(i.vQueueAddToRegistry)
    vQueueWaitForMessageRestricted           0x0800779d   Thumb Code    68  queue.o(i.vQueueWaitForMessageRestricted)
    vTaskDelay                               0x080077e1   Thumb Code    66  tasks.o(i.vTaskDelay)
    vTaskDelayUntil                          0x0800782d   Thumb Code   132  tasks.o(i.vTaskDelayUntil)
    vTaskInternalSetTimeOutState             0x080078b9   Thumb Code    12  tasks.o(i.vTaskInternalSetTimeOutState)
    vTaskMissedYield                         0x080078c9   Thumb Code     8  tasks.o(i.vTaskMissedYield)
    vTaskPlaceOnEventList                    0x080078d5   Thumb Code    44  tasks.o(i.vTaskPlaceOnEventList)
    vTaskPlaceOnEventListRestricted          0x08007905   Thumb Code    52  tasks.o(i.vTaskPlaceOnEventListRestricted)
    vTaskPriorityDisinheritAfterTimeout      0x0800793d   Thumb Code   134  tasks.o(i.vTaskPriorityDisinheritAfterTimeout)
    vTaskStartScheduler                      0x080079cd   Thumb Code   118  tasks.o(i.vTaskStartScheduler)
    vTaskSuspendAll                          0x08007a55   Thumb Code    10  tasks.o(i.vTaskSuspendAll)
    vTaskSwitchContext                       0x08007a65   Thumb Code    90  tasks.o(i.vTaskSwitchContext)
    xPortStartScheduler                      0x08007ac9   Thumb Code   222  port.o(i.xPortStartScheduler)
    xPortSysTickHandler                      0x08007bbd   Thumb Code    38  port.o(i.xPortSysTickHandler)
    xQueueGenericCreate                      0x08007be9   Thumb Code    66  queue.o(i.xQueueGenericCreate)
    xQueueGenericCreateStatic                0x08007c2b   Thumb Code   102  queue.o(i.xQueueGenericCreateStatic)
    xQueueGenericReset                       0x08007c91   Thumb Code   132  queue.o(i.xQueueGenericReset)
    xQueueGenericSend                        0x08007d19   Thumb Code   346  queue.o(i.xQueueGenericSend)
    xQueueGenericSendFromISR                 0x08007e79   Thumb Code   190  queue.o(i.xQueueGenericSendFromISR)
    xQueueGiveFromISR                        0x08007f37   Thumb Code   156  queue.o(i.xQueueGiveFromISR)
    xQueueReceive                            0x08007fd5   Thumb Code   308  queue.o(i.xQueueReceive)
    xQueueSemaphoreTake                      0x0800810d   Thumb Code   372  queue.o(i.xQueueSemaphoreTake)
    xTaskCheckForTimeOut                     0x08008285   Thumb Code   112  tasks.o(i.xTaskCheckForTimeOut)
    xTaskCreate                              0x080082f9   Thumb Code    90  tasks.o(i.xTaskCreate)
    xTaskCreateStatic                        0x08008353   Thumb Code    86  tasks.o(i.xTaskCreateStatic)
    xTaskGetSchedulerState                   0x080083a9   Thumb Code    22  tasks.o(i.xTaskGetSchedulerState)
    xTaskGetTickCount                        0x080083c5   Thumb Code     6  tasks.o(i.xTaskGetTickCount)
    xTaskIncrementTick                       0x080083d1   Thumb Code   192  tasks.o(i.xTaskIncrementTick)
    xTaskPriorityDisinherit                  0x08008499   Thumb Code   118  tasks.o(i.xTaskPriorityDisinherit)
    xTaskPriorityInherit                     0x08008519   Thumb Code   112  tasks.o(i.xTaskPriorityInherit)
    xTaskRemoveFromEventList                 0x08008591   Thumb Code    98  tasks.o(i.xTaskRemoveFromEventList)
    xTaskResumeAll                           0x08008601   Thumb Code   182  tasks.o(i.xTaskResumeAll)
    xTimerCreate                             0x080086c5   Thumb Code    52  timers.o(i.xTimerCreate)
    xTimerCreateStatic                       0x080086f9   Thumb Code    46  timers.o(i.xTimerCreateStatic)
    xTimerCreateTimerTask                    0x08008729   Thumb Code    78  timers.o(i.xTimerCreateTimerTask)
    xTimerGenericCommand                     0x08008789   Thumb Code    98  timers.o(i.xTimerGenericCommand)
    _get_lc_numeric                          0x080087f1   Thumb Code    44  lc_numeric_c.o(locale$$code)
    __fpl_dretinf                            0x0800881d   Thumb Code    12  dretinf.o(x$fpl$dretinf)
    __aeabi_f2d                              0x08008829   Thumb Code     0  f2d.o(x$fpl$f2d)
    _f2d                                     0x08008829   Thumb Code    86  f2d.o(x$fpl$f2d)
    __fpl_fnaninf                            0x0800887f   Thumb Code   140  fnaninf.o(x$fpl$fnaninf)
    _fp_init                                 0x0800890b   Thumb Code    10  fpinit.o(x$fpl$fpinit)
    __fplib_config_fpu_vfp                   0x08008913   Thumb Code     0  fpinit.o(x$fpl$fpinit)
    __fplib_config_pureend_doubles           0x08008913   Thumb Code     0  fpinit.o(x$fpl$fpinit)
    _printf_fp_dec                           0x08008915   Thumb Code     4  printf1.o(x$fpl$printf1)
    __I$use$fp                               0x08008918   Number         0  usenofp.o(x$fpl$usenofp)
    defaultTask_attributes                   0x08008954   Data          36  freertos.o(.constdata)
    AHBPrescTable                            0x08008980   Data          16  system_stm32f4xx_1.o(.constdata)
    APBPrescTable                            0x08008990   Data           8  system_stm32f4xx_1.o(.constdata)
    Region$$Table$$Base                      0x08008aa0   Number         0  anon$$obj.o(Region$$Table)
    Region$$Table$$Limit                     0x08008ac0   Number         0  anon$$obj.o(Region$$Table)
    g_gyro_z_bias_dps                        0x20000018   Data           4  mpu6050.o(.data)
    g_gray_read_ok                           0x20000030   Data           1  gray_sensor.o(.data)
    g_i2c_dma_sem                            0x20000040   Data           4  freertos.o(.data)
    gyroTaskHandle                           0x20000044   Data           4  freertos.o(.data)
    controlTimerHandle                       0x20000048   Data           4  freertos.o(.data)
    defaultTaskHandle                        0x2000004c   Data           4  freertos.o(.data)
    uwTickFreq                               0x20000050   Data           1  stm32f4xx_hal.o(.data)
    uwTickPrio                               0x20000054   Data           4  stm32f4xx_hal.o(.data)
    uwTick                                   0x20000058   Data           4  stm32f4xx_hal.o(.data)
    SystemCoreClock                          0x2000005c   Data           4  system_stm32f4xx_1.o(.data)
    pxCurrentTCB                             0x20000060   Data           4  tasks.o(.data)
    g_motor_left                             0x20000120   Data          36  motor.o(.bss)
    g_motor_right                            0x20000144   Data          36  motor.o(.bss)
    g_mpu6050_data                           0x20000168   Data          24  mpu6050.o(.bss)
    g_gray_info_last                         0x20000180   Data          16  gray_sensor.o(.bss)
    hi2c1                                    0x200001f4   Data          84  i2c.o(.bss)
    hi2c2                                    0x20000248   Data          84  i2c.o(.bss)
    hi2c3                                    0x2000029c   Data          84  i2c.o(.bss)
    hdma_i2c1_rx                             0x200002f0   Data          96  i2c.o(.bss)
    hdma_i2c1_tx                             0x20000350   Data          96  i2c.o(.bss)
    htim2                                    0x200003b0   Data          72  tim.o(.bss)
    htim3                                    0x200003f8   Data          72  tim.o(.bss)
    htim4                                    0x20000440   Data          72  tim.o(.bss)
    htim5                                    0x20000488   Data          72  tim.o(.bss)
    htim9                                    0x200004d0   Data          72  tim.o(.bss)
    huart2                                   0x20000518   Data          72  usart.o(.bss)
    huart3                                   0x20000560   Data          72  usart.o(.bss)
    huart6                                   0x200005a8   Data          72  usart.o(.bss)
    hdma_usart6_rx                           0x200005f0   Data          96  usart.o(.bss)
    hdma_usart6_tx                           0x20000650   Data          96  usart.o(.bss)
    htim14                                   0x200006b0   Data          72  stm32f4xx_hal_timebase_tim.o(.bss)
    xQueueRegistry                           0x200006f8   Data          64  queue.o(.bss)
    __libspace_start                         0x20004fcc   Data          96  libspace.o(.bss)
    __temporary_stack_top$libspace           0x2000502c   Data           0  libspace.o(.bss)



==============================================================================

Memory Map of the image

  Image Entry point : 0x08000189

  Load Region LR_IROM1 (Base: 0x08000000, Size: 0x00008bbc, Max: 0x00100000, ABSOLUTE)

    Execution Region ER_IROM1 (Exec base: 0x08000000, Load base: 0x08000000, Size: 0x00008adc, Max: 0x00100000, ABSOLUTE)

    Exec Addr    Load Addr    Size         Type   Attr      Idx    E Section Name        Object

    0x08000000   0x08000000   0x00000188   Data   RO            3    RESET               startup_stm32f407xx.o
    0x08000188   0x08000188   0x00000008   Code   RO         5896  * !!!main             c_w.l(__main.o)
    0x08000190   0x08000190   0x00000034   Code   RO         6149    !!!scatter          c_w.l(__scatter.o)
    0x080001c4   0x080001c4   0x0000001a   Code   RO         6151    !!handler_copy      c_w.l(__scatter_copy.o)
    0x080001de   0x080001de   0x00000002   PAD
    0x080001e0   0x080001e0   0x0000001c   Code   RO         6153    !!handler_zi        c_w.l(__scatter_zi.o)
    0x080001fc   0x080001fc   0x00000000   Code   RO         5881    .ARM.Collect$$_printf_percent$$00000000  c_w.l(_printf_percent.o)
    0x080001fc   0x080001fc   0x00000006   Code   RO         5880    .ARM.Collect$$_printf_percent$$00000003  c_w.l(_printf_f.o)
    0x08000202   0x08000202   0x00000006   Code   RO         5879    .ARM.Collect$$_printf_percent$$00000009  c_w.l(_printf_d.o)
    0x08000208   0x08000208   0x00000006   Code   RO         5878    .ARM.Collect$$_printf_percent$$0000000C  c_w.l(_printf_x.o)
    0x0800020e   0x0800020e   0x00000004   Code   RO         5931    .ARM.Collect$$_printf_percent$$00000017  c_w.l(_printf_percent_end.o)
    0x08000212   0x08000212   0x00000002   Code   RO         6022    .ARM.Collect$$libinit$$00000000  c_w.l(libinit.o)
    0x08000214   0x08000214   0x00000004   Code   RO         6023    .ARM.Collect$$libinit$$00000001  c_w.l(libinit2.o)
    0x08000218   0x08000218   0x00000000   Code   RO         6026    .ARM.Collect$$libinit$$00000004  c_w.l(libinit2.o)
    0x08000218   0x08000218   0x00000000   Code   RO         6029    .ARM.Collect$$libinit$$0000000A  c_w.l(libinit2.o)
    0x08000218   0x08000218   0x00000000   Code   RO         6031    .ARM.Collect$$libinit$$0000000C  c_w.l(libinit2.o)
    0x08000218   0x08000218   0x00000000   Code   RO         6033    .ARM.Collect$$libinit$$0000000E  c_w.l(libinit2.o)
    0x08000218   0x08000218   0x00000006   Code   RO         6034    .ARM.Collect$$libinit$$0000000F  c_w.l(libinit2.o)
    0x0800021e   0x0800021e   0x00000000   Code   RO         6036    .ARM.Collect$$libinit$$00000011  c_w.l(libinit2.o)
    0x0800021e   0x0800021e   0x00000000   Code   RO         6038    .ARM.Collect$$libinit$$00000013  c_w.l(libinit2.o)
    0x0800021e   0x0800021e   0x00000000   Code   RO         6040    .ARM.Collect$$libinit$$00000015  c_w.l(libinit2.o)
    0x0800021e   0x0800021e   0x0000000a   Code   RO         6041    .ARM.Collect$$libinit$$00000016  c_w.l(libinit2.o)
    0x08000228   0x08000228   0x00000000   Code   RO         6042    .ARM.Collect$$libinit$$00000017  c_w.l(libinit2.o)
    0x08000228   0x08000228   0x00000000   Code   RO         6044    .ARM.Collect$$libinit$$00000019  c_w.l(libinit2.o)
    0x08000228   0x08000228   0x00000000   Code   RO         6046    .ARM.Collect$$libinit$$0000001B  c_w.l(libinit2.o)
    0x08000228   0x08000228   0x00000000   Code   RO         6048    .ARM.Collect$$libinit$$0000001D  c_w.l(libinit2.o)
    0x08000228   0x08000228   0x00000000   Code   RO         6050    .ARM.Collect$$libinit$$0000001F  c_w.l(libinit2.o)
    0x08000228   0x08000228   0x00000000   Code   RO         6052    .ARM.Collect$$libinit$$00000021  c_w.l(libinit2.o)
    0x08000228   0x08000228   0x00000000   Code   RO         6054    .ARM.Collect$$libinit$$00000023  c_w.l(libinit2.o)
    0x08000228   0x08000228   0x00000000   Code   RO         6056    .ARM.Collect$$libinit$$00000025  c_w.l(libinit2.o)
    0x08000228   0x08000228   0x00000000   Code   RO         6060    .ARM.Collect$$libinit$$0000002C  c_w.l(libinit2.o)
    0x08000228   0x08000228   0x00000000   Code   RO         6062    .ARM.Collect$$libinit$$0000002E  c_w.l(libinit2.o)
    0x08000228   0x08000228   0x00000000   Code   RO         6064    .ARM.Collect$$libinit$$00000030  c_w.l(libinit2.o)
    0x08000228   0x08000228   0x00000000   Code   RO         6066    .ARM.Collect$$libinit$$00000032  c_w.l(libinit2.o)
    0x08000228   0x08000228   0x00000002   Code   RO         6067    .ARM.Collect$$libinit$$00000033  c_w.l(libinit2.o)
    0x0800022a   0x0800022a   0x00000002   Code   RO         6114    .ARM.Collect$$libshutdown$$00000000  c_w.l(libshutdown.o)
    0x0800022c   0x0800022c   0x00000000   Code   RO         6132    .ARM.Collect$$libshutdown$$00000002  c_w.l(libshutdown2.o)
    0x0800022c   0x0800022c   0x00000000   Code   RO         6134    .ARM.Collect$$libshutdown$$00000004  c_w.l(libshutdown2.o)
    0x0800022c   0x0800022c   0x00000000   Code   RO         6137    .ARM.Collect$$libshutdown$$00000007  c_w.l(libshutdown2.o)
    0x0800022c   0x0800022c   0x00000000   Code   RO         6140    .ARM.Collect$$libshutdown$$0000000A  c_w.l(libshutdown2.o)
    0x0800022c   0x0800022c   0x00000000   Code   RO         6142    .ARM.Collect$$libshutdown$$0000000C  c_w.l(libshutdown2.o)
    0x0800022c   0x0800022c   0x00000000   Code   RO         6145    .ARM.Collect$$libshutdown$$0000000F  c_w.l(libshutdown2.o)
    0x0800022c   0x0800022c   0x00000002   Code   RO         6146    .ARM.Collect$$libshutdown$$00000010  c_w.l(libshutdown2.o)
    0x0800022e   0x0800022e   0x00000000   Code   RO         5914    .ARM.Collect$$rtentry$$00000000  c_w.l(__rtentry.o)
    0x0800022e   0x0800022e   0x00000000   Code   RO         5940    .ARM.Collect$$rtentry$$00000002  c_w.l(__rtentry2.o)
    0x0800022e   0x0800022e   0x00000006   Code   RO         5952    .ARM.Collect$$rtentry$$00000004  c_w.l(__rtentry4.o)
    0x08000234   0x08000234   0x00000000   Code   RO         5942    .ARM.Collect$$rtentry$$00000009  c_w.l(__rtentry2.o)
    0x08000234   0x08000234   0x00000004   Code   RO         5943    .ARM.Collect$$rtentry$$0000000A  c_w.l(__rtentry2.o)
    0x08000238   0x08000238   0x00000000   Code   RO         5945    .ARM.Collect$$rtentry$$0000000C  c_w.l(__rtentry2.o)
    0x08000238   0x08000238   0x00000008   Code   RO         5946    .ARM.Collect$$rtentry$$0000000D  c_w.l(__rtentry2.o)
    0x08000240   0x08000240   0x00000002   Code   RO         6068    .ARM.Collect$$rtexit$$00000000  c_w.l(rtexit.o)
    0x08000242   0x08000242   0x00000000   Code   RO         6083    .ARM.Collect$$rtexit$$00000002  c_w.l(rtexit2.o)
    0x08000242   0x08000242   0x00000004   Code   RO         6084    .ARM.Collect$$rtexit$$00000003  c_w.l(rtexit2.o)
    0x08000246   0x08000246   0x00000006   Code   RO         6085    .ARM.Collect$$rtexit$$00000004  c_w.l(rtexit2.o)
    0x0800024c   0x0800024c   0x000000be   Code   RO         5746    .emb_text           port.o
    0x0800030a   0x0800030a   0x00000002   PAD
    0x0800030c   0x0800030c   0x00000040   Code   RO            4    .text               startup_stm32f407xx.o
    0x0800034c   0x0800034c   0x000000ee   Code   RO         5825    .text               c_w.l(lludivv7m.o)
    0x0800043a   0x0800043a   0x00000002   PAD
    0x0800043c   0x0800043c   0x00000038   Code   RO         5827    .text               c_w.l(__2snprintf.o)
    0x08000474   0x08000474   0x0000004e   Code   RO         5833    .text               c_w.l(_printf_pad.o)
    0x080004c2   0x080004c2   0x00000002   PAD
    0x080004c4   0x080004c4   0x00000078   Code   RO         5835    .text               c_w.l(_printf_dec.o)
    0x0800053c   0x0800053c   0x00000058   Code   RO         5840    .text               c_w.l(_printf_hex_int.o)
    0x08000594   0x08000594   0x00000138   Code   RO         5870    .text               c_w.l(__printf_flags_wp.o)
    0x080006cc   0x080006cc   0x0000003e   Code   RO         5882    .text               c_w.l(strlen.o)
    0x0800070a   0x0800070a   0x0000008a   Code   RO         5884    .text               c_w.l(rt_memcpy_v6.o)
    0x08000794   0x08000794   0x00000010   Code   RO         5888    .text               c_w.l(aeabi_memset.o)
    0x080007a4   0x080007a4   0x00000044   Code   RO         5890    .text               c_w.l(rt_memclr.o)
    0x080007e8   0x080007e8   0x0000004e   Code   RO         5892    .text               c_w.l(rt_memclr_w.o)
    0x08000836   0x08000836   0x00000006   Code   RO         5894    .text               c_w.l(heapauxi.o)
    0x0800083c   0x0800083c   0x00000016   Code   RO         5919    .text               c_w.l(_rserrno.o)
    0x08000852   0x08000852   0x000000b2   Code   RO         5921    .text               c_w.l(_printf_intcommon.o)
    0x08000904   0x08000904   0x0000041e   Code   RO         5923    .text               c_w.l(_printf_fp_dec.o)
    0x08000d22   0x08000d22   0x00000002   PAD
    0x08000d24   0x08000d24   0x00000030   Code   RO         5925    .text               c_w.l(_printf_char_common.o)
    0x08000d54   0x08000d54   0x0000000a   Code   RO         5927    .text               c_w.l(_sputc.o)
    0x08000d5e   0x08000d5e   0x00000010   Code   RO         5929    .text               c_w.l(_snputc.o)
    0x08000d6e   0x08000d6e   0x00000064   Code   RO         5932    .text               c_w.l(rt_memcpy_w.o)
    0x08000dd2   0x08000dd2   0x00000002   PAD
    0x08000dd4   0x08000dd4   0x00000008   Code   RO         5959    .text               c_w.l(rt_locale_intlibspace.o)
    0x08000ddc   0x08000ddc   0x00000008   Code   RO         5964    .text               c_w.l(rt_errno_addr_intlibspace.o)
    0x08000de4   0x08000de4   0x0000008a   Code   RO         5966    .text               c_w.l(lludiv10.o)
    0x08000e6e   0x08000e6e   0x00000002   PAD
    0x08000e70   0x08000e70   0x00000080   Code   RO         5968    .text               c_w.l(_printf_fp_infnan.o)
    0x08000ef0   0x08000ef0   0x000000e4   Code   RO         5972    .text               c_w.l(bigflt0.o)
    0x08000fd4   0x08000fd4   0x00000008   Code   RO         6004    .text               c_w.l(libspace.o)
    0x08000fdc   0x08000fdc   0x0000004a   Code   RO         6007    .text               c_w.l(sys_stackheap_outer.o)
    0x08001026   0x08001026   0x00000012   Code   RO         6009    .text               c_w.l(exit.o)
    0x08001038   0x08001038   0x00000080   Code   RO         6015    .text               c_w.l(strcmpv7m.o)
    0x080010b8   0x080010b8   0x0000000c   Code   RO         6080    .text               c_w.l(sys_exit.o)
    0x080010c4   0x080010c4   0x00000002   Code   RO         6101    .text               c_w.l(use_no_semi.o)
    0x080010c6   0x080010c6   0x00000000   Code   RO         6103    .text               c_w.l(indicate_semi.o)
    0x080010c6   0x080010c6   0x0000003e   Code   RO         5975    CL$$btod_d2e        c_w.l(btod.o)
    0x08001104   0x08001104   0x00000046   Code   RO         5977    CL$$btod_d2e_denorm_low  c_w.l(btod.o)
    0x0800114a   0x0800114a   0x00000060   Code   RO         5976    CL$$btod_d2e_norm_op1  c_w.l(btod.o)
    0x080011aa   0x080011aa   0x00000338   Code   RO         5985    CL$$btod_div_common  c_w.l(btod.o)
    0x080014e2   0x080014e2   0x000000dc   Code   RO         5982    CL$$btod_e2e        c_w.l(btod.o)
    0x080015be   0x080015be   0x0000002a   Code   RO         5979    CL$$btod_ediv       c_w.l(btod.o)
    0x080015e8   0x080015e8   0x0000002a   Code   RO         5978    CL$$btod_emul       c_w.l(btod.o)
    0x08001612   0x08001612   0x00000244   Code   RO         5984    CL$$btod_mult_common  c_w.l(btod.o)
    0x08001856   0x08001856   0x00000002   Code   RO          932    i.BusFault_Handler  stm32f4xx_it.o
    0x08001858   0x08001858   0x000000d4   Code   RO           13    i.Chassis_Init      chassis.o
    0x0800192c   0x0800192c   0x0000000c   Code   RO           14    i.Chassis_IsMoveDone  chassis.o
    0x08001938   0x08001938   0x0000000c   Code   RO           15    i.Chassis_IsRotateDone  chassis.o
    0x08001944   0x08001944   0x00000044   Code   RO           16    i.Chassis_Moveto    chassis.o
    0x08001988   0x08001988   0x0000003c   Code   RO           17    i.Chassis_RotateTo  chassis.o
    0x080019c4   0x080019c4   0x0000002c   Code   RO           19    i.Chassis_SetHeadingLock  chassis.o
    0x080019f0   0x080019f0   0x000001e0   Code   RO           21    i.Chassis_Update    chassis.o
    0x08001bd0   0x08001bd0   0x00000004   Code   RO          628    i.ControlTimerCallback  freertos.o
    0x08001bd4   0x08001bd4   0x0000000c   Code   RO          933    i.DMA1_Stream0_IRQHandler  stm32f4xx_it.o
    0x08001be0   0x08001be0   0x0000000c   Code   RO          934    i.DMA1_Stream6_IRQHandler  stm32f4xx_it.o
    0x08001bec   0x08001bec   0x0000000c   Code   RO          935    i.DMA2_Stream1_IRQHandler  stm32f4xx_it.o
    0x08001bf8   0x08001bf8   0x0000000c   Code   RO          936    i.DMA2_Stream6_IRQHandler  stm32f4xx_it.o
    0x08001c04   0x08001c04   0x00000028   Code   RO         2539    i.DMA_CalcBaseAndBitshift  stm32f4xx_hal_dma.o
    0x08001c2c   0x08001c2c   0x00000054   Code   RO         2540    i.DMA_CheckFifoParam  stm32f4xx_hal_dma.o
    0x08001c80   0x08001c80   0x00000028   Code   RO         2541    i.DMA_SetConfig     stm32f4xx_hal_dma.o
    0x08001ca8   0x08001ca8   0x00000002   Code   RO          937    i.DebugMon_Handler  stm32f4xx_it.o
    0x08001caa   0x08001caa   0x00000004   Code   RO          550    i.Error_Handler     main.o
    0x08001cae   0x08001cae   0x00000002   PAD
    0x08001cb0   0x08001cb0   0x00000054   Code   RO          478    i.GraySensor_CorrectPose  gray_sensor.o
    0x08001d04   0x08001d04   0x00000030   Code   RO          479    i.GraySensor_Init   gray_sensor.o
    0x08001d34   0x08001d34   0x0000010c   Code   RO          480    i.GraySensor_ReadOnce  gray_sensor.o
    0x08001e40   0x08001e40   0x00000092   Code   RO         2542    i.HAL_DMA_Abort     stm32f4xx_hal_dma.o
    0x08001ed2   0x08001ed2   0x00000024   Code   RO         2543    i.HAL_DMA_Abort_IT  stm32f4xx_hal_dma.o
    0x08001ef6   0x08001ef6   0x00000062   Code   RO         2544    i.HAL_DMA_DeInit    stm32f4xx_hal_dma.o
    0x08001f58   0x08001f58   0x00000004   Code   RO         2545    i.HAL_DMA_GetError  stm32f4xx_hal_dma.o
    0x08001f5c   0x08001f5c   0x00000006   Code   RO         2546    i.HAL_DMA_GetState  stm32f4xx_hal_dma.o
    0x08001f62   0x08001f62   0x00000002   PAD
    0x08001f64   0x08001f64   0x000001a0   Code   RO         2547    i.HAL_DMA_IRQHandler  stm32f4xx_hal_dma.o
    0x08002104   0x08002104   0x000000d4   Code   RO         2548    i.HAL_DMA_Init      stm32f4xx_hal_dma.o
    0x080021d8   0x080021d8   0x0000006e   Code   RO         2552    i.HAL_DMA_Start_IT  stm32f4xx_hal_dma.o
    0x08002246   0x08002246   0x00000002   PAD
    0x08002248   0x08002248   0x00000024   Code   RO         2979    i.HAL_Delay         stm32f4xx_hal.o
    0x0800226c   0x0800226c   0x00000168   Code   RO         2432    i.HAL_GPIO_DeInit   stm32f4xx_hal_gpio.o
    0x080023d4   0x080023d4   0x000001f0   Code   RO         2435    i.HAL_GPIO_Init     stm32f4xx_hal_gpio.o
    0x080025c4   0x080025c4   0x0000000a   Code   RO         2439    i.HAL_GPIO_WritePin  stm32f4xx_hal_gpio.o
    0x080025ce   0x080025ce   0x00000002   PAD
    0x080025d0   0x080025d0   0x0000000c   Code   RO         2985    i.HAL_GetTick       stm32f4xx_hal.o
    0x080025dc   0x080025dc   0x00000002   Code   RO         3230    i.HAL_I2C_AbortCpltCallback  stm32f4xx_hal_i2c.o
    0x080025de   0x080025de   0x00000002   Code   RO         3231    i.HAL_I2C_AddrCallback  stm32f4xx_hal_i2c.o
    0x080025e0   0x080025e0   0x00000032   Code   RO         3232    i.HAL_I2C_DeInit    stm32f4xx_hal_i2c.o
    0x08002612   0x08002612   0x000000ba   Code   RO         3234    i.HAL_I2C_ER_IRQHandler  stm32f4xx_hal_i2c.o
    0x080026cc   0x080026cc   0x00000230   Code   RO         3235    i.HAL_I2C_EV_IRQHandler  stm32f4xx_hal_i2c.o
    0x080028fc   0x080028fc   0x00000024   Code   RO          938    i.HAL_I2C_ErrorCallback  stm32f4xx_it.o
    0x08002920   0x08002920   0x00000188   Code   RO         3241    i.HAL_I2C_Init      stm32f4xx_hal_i2c.o
    0x08002aa8   0x08002aa8   0x00000002   Code   RO         3243    i.HAL_I2C_ListenCpltCallback  stm32f4xx_hal_i2c.o
    0x08002aaa   0x08002aaa   0x00000002   Code   RO         3244    i.HAL_I2C_MasterRxCpltCallback  stm32f4xx_hal_i2c.o
    0x08002aac   0x08002aac   0x00000002   Code   RO         3245    i.HAL_I2C_MasterTxCpltCallback  stm32f4xx_hal_i2c.o
    0x08002aae   0x08002aae   0x00000002   PAD
    0x08002ab0   0x08002ab0   0x00000044   Code   RO          939    i.HAL_I2C_MemRxCpltCallback  stm32f4xx_it.o
    0x08002af4   0x08002af4   0x00000002   Code   RO         3258    i.HAL_I2C_MemTxCpltCallback  stm32f4xx_hal_i2c.o
    0x08002af6   0x08002af6   0x00000002   PAD
    0x08002af8   0x08002af8   0x00000204   Code   RO         3259    i.HAL_I2C_Mem_Read  stm32f4xx_hal_i2c.o
    0x08002cfc   0x08002cfc   0x000001cc   Code   RO         3260    i.HAL_I2C_Mem_Read_DMA  stm32f4xx_hal_i2c.o
    0x08002ec8   0x08002ec8   0x00000130   Code   RO         3262    i.HAL_I2C_Mem_Write  stm32f4xx_hal_i2c.o
    0x08002ff8   0x08002ff8   0x00000098   Code   RO          728    i.HAL_I2C_MspDeInit  i2c.o
    0x08003090   0x08003090   0x0000018c   Code   RO          729    i.HAL_I2C_MspInit   i2c.o
    0x0800321c   0x0800321c   0x00000002   Code   RO         3267    i.HAL_I2C_SlaveRxCpltCallback  stm32f4xx_hal_i2c.o
    0x0800321e   0x0800321e   0x00000002   Code   RO         3268    i.HAL_I2C_SlaveTxCpltCallback  stm32f4xx_hal_i2c.o
    0x08003220   0x08003220   0x00000010   Code   RO         2991    i.HAL_IncTick       stm32f4xx_hal.o
    0x08003230   0x08003230   0x00000034   Code   RO         2992    i.HAL_Init          stm32f4xx_hal.o
    0x08003264   0x08003264   0x00000098   Code   RO         1068    i.HAL_InitTick      stm32f4xx_hal_timebase_tim.o
    0x080032fc   0x080032fc   0x00000038   Code   RO         1044    i.HAL_MspInit       stm32f4xx_hal_msp.o
    0x08003334   0x08003334   0x0000001a   Code   RO         2827    i.HAL_NVIC_EnableIRQ  stm32f4xx_hal_cortex.o
    0x0800334e   0x0800334e   0x00000002   PAD
    0x08003350   0x08003350   0x00000040   Code   RO         2833    i.HAL_NVIC_SetPriority  stm32f4xx_hal_cortex.o
    0x08003390   0x08003390   0x00000024   Code   RO         2834    i.HAL_NVIC_SetPriorityGrouping  stm32f4xx_hal_cortex.o
    0x080033b4   0x080033b4   0x00000134   Code   RO         2081    i.HAL_RCC_ClockConfig  stm32f4xx_hal_rcc.o
    0x080034e8   0x080034e8   0x00000040   Code   RO         2085    i.HAL_RCC_GetClockConfig  stm32f4xx_hal_rcc.o
    0x08003528   0x08003528   0x00000020   Code   RO         2088    i.HAL_RCC_GetPCLK1Freq  stm32f4xx_hal_rcc.o
    0x08003548   0x08003548   0x00000020   Code   RO         2089    i.HAL_RCC_GetPCLK2Freq  stm32f4xx_hal_rcc.o
    0x08003568   0x08003568   0x00000060   Code   RO         2090    i.HAL_RCC_GetSysClockFreq  stm32f4xx_hal_rcc.o
    0x080035c8   0x080035c8   0x0000036c   Code   RO         2093    i.HAL_RCC_OscConfig  stm32f4xx_hal_rcc.o
    0x08003934   0x08003934   0x00000002   Code   RO         1813    i.HAL_TIMEx_BreakCallback  stm32f4xx_hal_tim_ex.o
    0x08003936   0x08003936   0x00000002   Code   RO         1814    i.HAL_TIMEx_CommutCallback  stm32f4xx_hal_tim_ex.o
    0x08003938   0x08003938   0x00000090   Code   RO         1832    i.HAL_TIMEx_MasterConfigSynchronization  stm32f4xx_hal_tim_ex.o
    0x080039c8   0x080039c8   0x0000005a   Code   RO         1109    i.HAL_TIM_Base_Init  stm32f4xx_hal_tim.o
    0x08003a22   0x08003a22   0x00000002   Code   RO         1111    i.HAL_TIM_Base_MspInit  stm32f4xx_hal_tim.o
    0x08003a24   0x08003a24   0x00000080   Code   RO         1114    i.HAL_TIM_Base_Start_IT  stm32f4xx_hal_tim.o
    0x08003aa4   0x08003aa4   0x00000002   Code   RO         1143    i.HAL_TIM_IC_CaptureCallback  stm32f4xx_hal_tim.o
    0x08003aa6   0x08003aa6   0x00000130   Code   RO         1157    i.HAL_TIM_IRQHandler  stm32f4xx_hal_tim.o
    0x08003bd6   0x08003bd6   0x00000002   PAD
    0x08003bd8   0x08003bd8   0x000000f4   Code   RO          782    i.HAL_TIM_MspPostInit  tim.o
    0x08003ccc   0x08003ccc   0x00000002   Code   RO         1160    i.HAL_TIM_OC_DelayElapsedCallback  stm32f4xx_hal_tim.o
    0x08003cce   0x08003cce   0x000000cc   Code   RO         1181    i.HAL_TIM_PWM_ConfigChannel  stm32f4xx_hal_tim.o
    0x08003d9a   0x08003d9a   0x0000005a   Code   RO         1184    i.HAL_TIM_PWM_Init  stm32f4xx_hal_tim.o
    0x08003df4   0x08003df4   0x00000090   Code   RO          784    i.HAL_TIM_PWM_MspInit  tim.o
    0x08003e84   0x08003e84   0x00000002   Code   RO         1187    i.HAL_TIM_PWM_PulseFinishedCallback  stm32f4xx_hal_tim.o
    0x08003e86   0x08003e86   0x00000002   PAD
    0x08003e88   0x08003e88   0x000000c8   Code   RO         1189    i.HAL_TIM_PWM_Start  stm32f4xx_hal_tim.o
    0x08003f50   0x08003f50   0x00000014   Code   RO          551    i.HAL_TIM_PeriodElapsedCallback  main.o
    0x08003f64   0x08003f64   0x00000002   Code   RO         1200    i.HAL_TIM_TriggerCallback  stm32f4xx_hal_tim.o
    0x08003f66   0x08003f66   0x00000002   Code   RO         3697    i.HAL_UARTEx_RxEventCallback  stm32f4xx_hal_uart.o
    0x08003f68   0x08003f68   0x00000070   Code   RO         3709    i.HAL_UART_DMAStop  stm32f4xx_hal_uart.o
    0x08003fd8   0x08003fd8   0x00000002   Code   RO         3711    i.HAL_UART_ErrorCallback  stm32f4xx_hal_uart.o
    0x08003fda   0x08003fda   0x00000064   Code   RO         3715    i.HAL_UART_Init     stm32f4xx_hal_uart.o
    0x0800403e   0x0800403e   0x00000002   PAD
    0x08004040   0x08004040   0x00000150   Code   RO          855    i.HAL_UART_MspInit  usart.o
    0x08004190   0x08004190   0x0000001c   Code   RO         3719    i.HAL_UART_Receive_DMA  stm32f4xx_hal_uart.o
    0x080041ac   0x080041ac   0x00000002   Code   RO         3721    i.HAL_UART_RxCpltCallback  stm32f4xx_hal_uart.o
    0x080041ae   0x080041ae   0x00000002   Code   RO         3722    i.HAL_UART_RxHalfCpltCallback  stm32f4xx_hal_uart.o
    0x080041b0   0x080041b0   0x000000a0   Code   RO         3723    i.HAL_UART_Transmit  stm32f4xx_hal_uart.o
    0x08004250   0x08004250   0x00000002   Code   RO          940    i.HardFault_Handler  stm32f4xx_it.o
    0x08004252   0x08004252   0x00000002   PAD
    0x08004254   0x08004254   0x0000000c   Code   RO          941    i.I2C1_ER_IRQHandler  stm32f4xx_it.o
    0x08004260   0x08004260   0x0000000c   Code   RO          942    i.I2C1_EV_IRQHandler  stm32f4xx_it.o
    0x0800426c   0x0800426c   0x000000bc   Code   RO         3279    i.I2C_DMAAbort      stm32f4xx_hal_i2c.o
    0x08004328   0x08004328   0x00000040   Code   RO         3280    i.I2C_DMAError      stm32f4xx_hal_i2c.o
    0x08004368   0x08004368   0x00000112   Code   RO         3281    i.I2C_DMAXferCplt   stm32f4xx_hal_i2c.o
    0x0800447a   0x0800447a   0x00000010   Code   RO         3282    i.I2C_Flush_DR      stm32f4xx_hal_i2c.o
    0x0800448a   0x0800448a   0x00000002   PAD
    0x0800448c   0x0800448c   0x00000158   Code   RO         3283    i.I2C_ITError       stm32f4xx_hal_i2c.o
    0x080045e4   0x080045e4   0x0000002e   Code   RO         3284    i.I2C_IsAcknowledgeFailed  stm32f4xx_hal_i2c.o
    0x08004612   0x08004612   0x000000da   Code   RO         3285    i.I2C_MasterReceive_BTF  stm32f4xx_hal_i2c.o
    0x080046ec   0x080046ec   0x000000f4   Code   RO         3286    i.I2C_MasterReceive_RXNE  stm32f4xx_hal_i2c.o
    0x080047e0   0x080047e0   0x00000082   Code   RO         3289    i.I2C_MasterTransmit_BTF  stm32f4xx_hal_i2c.o
    0x08004862   0x08004862   0x00000002   PAD
    0x08004864   0x08004864   0x000000b6   Code   RO         3290    i.I2C_MasterTransmit_TXE  stm32f4xx_hal_i2c.o
    0x0800491a   0x0800491a   0x00000002   PAD
    0x0800491c   0x0800491c   0x00000118   Code   RO         3291    i.I2C_Master_ADDR   stm32f4xx_hal_i2c.o
    0x08004a34   0x08004a34   0x0000008c   Code   RO         3292    i.I2C_Master_SB     stm32f4xx_hal_i2c.o
    0x08004ac0   0x08004ac0   0x000000a8   Code   RO         3293    i.I2C_MemoryTransmit_TXE_BTF  stm32f4xx_hal_i2c.o
    0x08004b68   0x08004b68   0x000000fc   Code   RO         3294    i.I2C_RequestMemoryRead  stm32f4xx_hal_i2c.o
    0x08004c64   0x08004c64   0x000000a8   Code   RO         3295    i.I2C_RequestMemoryWrite  stm32f4xx_hal_i2c.o
    0x08004d0c   0x08004d0c   0x00000046   Code   RO         3296    i.I2C_Slave_ADDR    stm32f4xx_hal_i2c.o
    0x08004d52   0x08004d52   0x00000002   PAD
    0x08004d54   0x08004d54   0x00000090   Code   RO         3297    i.I2C_Slave_AF      stm32f4xx_hal_i2c.o
    0x08004de4   0x08004de4   0x0000015c   Code   RO         3298    i.I2C_Slave_STOPF   stm32f4xx_hal_i2c.o
    0x08004f40   0x08004f40   0x00000056   Code   RO         3299    i.I2C_WaitOnBTFFlagUntilTimeout  stm32f4xx_hal_i2c.o
    0x08004f96   0x08004f96   0x00000002   PAD
    0x08004f98   0x08004f98   0x00000090   Code   RO         3300    i.I2C_WaitOnFlagUntilTimeout  stm32f4xx_hal_i2c.o
    0x08005028   0x08005028   0x000000bc   Code   RO         3301    i.I2C_WaitOnMasterAddressFlagUntilTimeout  stm32f4xx_hal_i2c.o
    0x080050e4   0x080050e4   0x00000070   Code   RO         3302    i.I2C_WaitOnRXNEFlagUntilTimeout  stm32f4xx_hal_i2c.o
    0x08005154   0x08005154   0x00000056   Code   RO         3303    i.I2C_WaitOnTXEFlagUntilTimeout  stm32f4xx_hal_i2c.o
    0x080051aa   0x080051aa   0x00000002   PAD
    0x080051ac   0x080051ac   0x000000cc   Code   RO          374    i.MPU6050_Calibrate  mpu6050.o
    0x08005278   0x08005278   0x0000000c   Code   RO          377    i.MPU6050_GetYaw    mpu6050.o
    0x08005284   0x08005284   0x0000006c   Code   RO          378    i.MPU6050_Init      mpu6050.o
    0x080052f0   0x080052f0   0x00000038   Code   RO          379    i.MPU6050_IntegrateYaw  mpu6050.o
    0x08005328   0x08005328   0x00000018   Code   RO          380    i.MPU6050_OnDMAComplete  mpu6050.o
    0x08005340   0x08005340   0x0000007c   Code   RO          381    i.MPU6050_ProcessData  mpu6050.o
    0x080053bc   0x080053bc   0x00000028   Code   RO          383    i.MPU6050_StartReadDMA  mpu6050.o
    0x080053e4   0x080053e4   0x0000006c   Code   RO          384    i.MPU6050_UpdateTemperature  mpu6050.o
    0x08005450   0x08005450   0x0000006c   Code   RO          704    i.MX_DMA_Init       dma.o
    0x080054bc   0x080054bc   0x00000044   Code   RO          629    i.MX_FREERTOS_Init  freertos.o
    0x08005500   0x08005500   0x00000104   Code   RO          604    i.MX_GPIO_Init      gpio.o
    0x08005604   0x08005604   0x00000040   Code   RO          730    i.MX_I2C1_Init      i2c.o
    0x08005644   0x08005644   0x00000040   Code   RO          731    i.MX_I2C2_Init      i2c.o
    0x08005684   0x08005684   0x00000040   Code   RO          732    i.MX_I2C3_Init      i2c.o
    0x080056c4   0x080056c4   0x00000070   Code   RO          785    i.MX_TIM2_Init      tim.o
    0x08005734   0x08005734   0x00000074   Code   RO          786    i.MX_TIM3_Init      tim.o
    0x080057a8   0x080057a8   0x00000074   Code   RO          787    i.MX_TIM4_Init      tim.o
    0x0800581c   0x0800581c   0x0000009c   Code   RO          788    i.MX_TIM5_Init      tim.o
    0x080058b8   0x080058b8   0x00000068   Code   RO          789    i.MX_TIM9_Init      tim.o
    0x08005920   0x08005920   0x00000038   Code   RO          856    i.MX_USART2_UART_Init  usart.o
    0x08005958   0x08005958   0x00000038   Code   RO          857    i.MX_USART3_UART_Init  usart.o
    0x08005990   0x08005990   0x00000038   Code   RO          858    i.MX_USART6_UART_Init  usart.o
    0x080059c8   0x080059c8   0x00000002   Code   RO          908    i.MX_USB_OTG_FS_USB_Init  usb_otg.o
    0x080059ca   0x080059ca   0x00000002   Code   RO          943    i.MemManage_Handler  stm32f4xx_it.o
    0x080059cc   0x080059cc   0x0000007c   Code   RO          226    i.Motor_Init        motor.o
    0x08005a48   0x08005a48   0x00000002   Code   RO          944    i.NMI_Handler       stm32f4xx_it.o
    0x08005a4a   0x08005a4a   0x00000002   PAD
    0x08005a4c   0x08005a4c   0x000000f0   Code   RO          630    i.StartDefaultTask  freertos.o
    0x08005b3c   0x08005b3c   0x000001e4   Code   RO          631    i.StartGyroTask     freertos.o
    0x08005d20   0x08005d20   0x00000094   Code   RO          228    i.Stepper_SetSpeed  motor.o
    0x08005db4   0x08005db4   0x00000020   Code   RO          229    i.Stepper_SetWheelSpeed  motor.o
    0x08005dd4   0x08005dd4   0x0000001a   Code   RO         5181    i.SysTick_Handler   cmsis_os2.o
    0x08005dee   0x08005dee   0x00000002   PAD
    0x08005df0   0x08005df0   0x00000094   Code   RO          552    i.SystemClock_Config  main.o
    0x08005e84   0x08005e84   0x00000010   Code   RO         4049    i.SystemInit        system_stm32f4xx_1.o
    0x08005e94   0x08005e94   0x0000000c   Code   RO          945    i.TIM8_TRG_COM_TIM14_IRQHandler  stm32f4xx_it.o
    0x08005ea0   0x08005ea0   0x000000d0   Code   RO         1202    i.TIM_Base_SetConfig  stm32f4xx_hal_tim.o
    0x08005f70   0x08005f70   0x0000001a   Code   RO         1203    i.TIM_CCxChannelCmd  stm32f4xx_hal_tim.o
    0x08005f8a   0x08005f8a   0x00000002   PAD
    0x08005f8c   0x08005f8c   0x00000060   Code   RO         1215    i.TIM_OC1_SetConfig  stm32f4xx_hal_tim.o
    0x08005fec   0x08005fec   0x0000006c   Code   RO         1216    i.TIM_OC2_SetConfig  stm32f4xx_hal_tim.o
    0x08006058   0x08006058   0x00000068   Code   RO         1217    i.TIM_OC3_SetConfig  stm32f4xx_hal_tim.o
    0x080060c0   0x080060c0   0x00000050   Code   RO         1218    i.TIM_OC4_SetConfig  stm32f4xx_hal_tim.o
    0x08006110   0x08006110   0x00000018   Code   RO         5182    i.TimerCallback     cmsis_os2.o
    0x08006128   0x08006128   0x00000038   Code   RO          318    i.TrapPlan_Init     trap_plan.o
    0x08006160   0x08006160   0x00000010   Code   RO          319    i.TrapPlan_IsDone   trap_plan.o
    0x08006170   0x08006170   0x000000c4   Code   RO          320    i.TrapPlan_SetTarget  trap_plan.o
    0x08006234   0x08006234   0x0000001c   Code   RO          321    i.TrapPlan_Stop     trap_plan.o
    0x08006250   0x08006250   0x00000198   Code   RO          322    i.TrapPlan_Update   trap_plan.o
    0x080063e8   0x080063e8   0x0000004a   Code   RO         3729    i.UART_DMAError     stm32f4xx_hal_uart.o
    0x08006432   0x08006432   0x00000086   Code   RO         3730    i.UART_DMAReceiveCplt  stm32f4xx_hal_uart.o
    0x080064b8   0x080064b8   0x0000001e   Code   RO         3732    i.UART_DMARxHalfCplt  stm32f4xx_hal_uart.o
    0x080064d6   0x080064d6   0x0000004e   Code   RO         3738    i.UART_EndRxTransfer  stm32f4xx_hal_uart.o
    0x08006524   0x08006524   0x0000001c   Code   RO         3739    i.UART_EndTxTransfer  stm32f4xx_hal_uart.o
    0x08006540   0x08006540   0x0000010c   Code   RO         3741    i.UART_SetConfig    stm32f4xx_hal_uart.o
    0x0800664c   0x0800664c   0x000000a0   Code   RO         3742    i.UART_Start_Receive_DMA  stm32f4xx_hal_uart.o
    0x080066ec   0x080066ec   0x00000072   Code   RO         3744    i.UART_WaitOnFlagUntilTimeout  stm32f4xx_hal_uart.o
    0x0800675e   0x0800675e   0x00000002   Code   RO          946    i.UsageFault_Handler  stm32f4xx_it.o
    0x08006760   0x08006760   0x00000030   Code   RO         6002    i.__ARM_fpclassify  m_wm.l(fpclassify.o)
    0x08006790   0x08006790   0x00000020   Code   RO         2840    i.__NVIC_SetPriority  stm32f4xx_hal_cortex.o
    0x080067b0   0x080067b0   0x0000003a   Code   RO         5902    i.__hardfp_sqrtf    m_wm.l(sqrtf.o)
    0x080067ea   0x080067ea   0x0000000e   Code   RO         5868    i._is_digit         c_w.l(__printf_wp.o)
    0x080067f8   0x080067f8   0x00000068   Code   RO          481    i.calc_offset       gray_sensor.o
    0x08006860   0x08006860   0x0000000c   Code   RO           22    i.chassis_feed_gyro  chassis.o
    0x0800686c   0x0800686c   0x00000020   Code   RO          230    i.clampf            motor.o
    0x0800688c   0x0800688c   0x00000056   Code   RO          553    i.main              main.o
    0x080068e2   0x080068e2   0x00000002   PAD
    0x080068e4   0x080068e4   0x000000bc   Code   RO          231    i.motor_write_hw    motor.o
    0x080069a0   0x080069a0   0x00000054   Code   RO          385    i.mpu_read_sample   mpu6050.o
    0x080069f4   0x080069f4   0x0000001a   Code   RO          386    i.mpu_write_reg     mpu6050.o
    0x08006a0e   0x08006a0e   0x00000010   Code   RO          323    i.my_abs            trap_plan.o
    0x08006a1e   0x08006a1e   0x0000001a   Code   RO         5183    i.osDelay           cmsis_os2.o
    0x08006a38   0x08006a38   0x00000024   Code   RO         5197    i.osKernelInitialize  cmsis_os2.o
    0x08006a5c   0x08006a5c   0x00000038   Code   RO         5200    i.osKernelStart     cmsis_os2.o
    0x08006a94   0x08006a94   0x0000008a   Code   RO         5242    i.osThreadNew       cmsis_os2.o
    0x08006b1e   0x08006b1e   0x00000002   PAD
    0x08006b20   0x08006b20   0x00000078   Code   RO         5251    i.osTimerNew        cmsis_os2.o
    0x08006b98   0x08006b98   0x00000032   Code   RO         5252    i.osTimerStart      cmsis_os2.o
    0x08006bca   0x08006bca   0x00000002   PAD
    0x08006bcc   0x08006bcc   0x00000074   Code   RO          482    i.parse_dma_frame   gray_sensor.o
    0x08006c40   0x08006c40   0x0000005c   Code   RO         4654    i.prvAddCurrentTaskToDelayedList  tasks.o
    0x08006c9c   0x08006c9c   0x000000d0   Code   RO         4655    i.prvAddNewTaskToReadyList  tasks.o
    0x08006d6c   0x08006d6c   0x00000058   Code   RO         5019    i.prvCheckForValidListAndQueue  timers.o
    0x08006dc4   0x08006dc4   0x00000026   Code   RO         4254    i.prvCopyDataFromQueue  queue.o
    0x08006dea   0x08006dea   0x0000006c   Code   RO         4255    i.prvCopyDataToQueue  queue.o
    0x08006e56   0x08006e56   0x00000034   Code   RO         4656    i.prvDeleteTCB      tasks.o
    0x08006e8a   0x08006e8a   0x00000002   PAD
    0x08006e8c   0x08006e8c   0x0000004c   Code   RO         5691    i.prvHeapInit       heap_4.o
    0x08006ed8   0x08006ed8   0x00000060   Code   RO         4657    i.prvIdleTask       tasks.o
    0x08006f38   0x08006f38   0x00000022   Code   RO         4257    i.prvInitialiseNewQueue  queue.o
    0x08006f5a   0x08006f5a   0x00000002   PAD
    0x08006f5c   0x08006f5c   0x000000b0   Code   RO         4658    i.prvInitialiseNewTask  tasks.o
    0x0800700c   0x0800700c   0x0000004e   Code   RO         5020    i.prvInitialiseNewTimer  timers.o
    0x0800705a   0x0800705a   0x00000002   PAD
    0x0800705c   0x0800705c   0x0000004c   Code   RO         5692    i.prvInsertBlockIntoFreeList  heap_4.o
    0x080070a8   0x080070a8   0x00000038   Code   RO         5021    i.prvInsertTimerInActiveList  timers.o
    0x080070e0   0x080070e0   0x0000001c   Code   RO         4258    i.prvIsQueueEmpty   queue.o
    0x080070fc   0x080070fc   0x000000fc   Code   RO         5022    i.prvProcessReceivedCommands  timers.o
    0x080071f8   0x080071f8   0x000000c0   Code   RO         5023    i.prvProcessTimerOrBlockTask  timers.o
    0x080072b8   0x080072b8   0x00000020   Code   RO         4660    i.prvResetNextTaskUnblockTime  tasks.o
    0x080072d8   0x080072d8   0x00000028   Code   RO         5024    i.prvSampleTimeNow  timers.o
    0x08007300   0x08007300   0x0000006c   Code   RO         5025    i.prvSwitchTimerLists  timers.o
    0x0800736c   0x0800736c   0x00000028   Code   RO         5747    i.prvTaskExitError  port.o
    0x08007394   0x08007394   0x00000024   Code   RO         5026    i.prvTimerTask      timers.o
    0x080073b8   0x080073b8   0x0000006a   Code   RO         4259    i.prvUnlockQueue    queue.o
    0x08007422   0x08007422   0x00000002   PAD
    0x08007424   0x08007424   0x000000dc   Code   RO         5693    i.pvPortMalloc      heap_4.o
    0x08007500   0x08007500   0x00000018   Code   RO         4663    i.pvTaskIncrementMutexHeldCount  tasks.o
    0x08007518   0x08007518   0x00000024   Code   RO         5027    i.pvTimerGetTimerID  timers.o
    0x0800753c   0x0800753c   0x0000002c   Code   RO         5748    i.pxPortInitialiseStack  port.o
    0x08007568   0x08007568   0x00000010   Code   RO          483    i.uart_send_cmd     gray_sensor.o
    0x08007578   0x08007578   0x00000026   Code   RO         4214    i.uxListRemove      list.o
    0x0800759e   0x0800759e   0x00000002   PAD
    0x080075a0   0x080075a0   0x00000014   Code   RO         5254    i.vApplicationGetIdleTaskMemory  cmsis_os2.o
    0x080075b4   0x080075b4   0x00000018   Code   RO         5255    i.vApplicationGetTimerTaskMemory  cmsis_os2.o
    0x080075cc   0x080075cc   0x00000016   Code   RO         4215    i.vListInitialise   list.o
    0x080075e2   0x080075e2   0x00000006   Code   RO         4216    i.vListInitialiseItem  list.o
    0x080075e8   0x080075e8   0x00000030   Code   RO         4217    i.vListInsert       list.o
    0x08007618   0x08007618   0x00000018   Code   RO         4218    i.vListInsertEnd    list.o
    0x08007630   0x08007630   0x00000040   Code   RO         5750    i.vPortEnterCritical  port.o
    0x08007670   0x08007670   0x00000028   Code   RO         5751    i.vPortExitCritical  port.o
    0x08007698   0x08007698   0x00000064   Code   RO         5694    i.vPortFree         heap_4.o
    0x080076fc   0x080076fc   0x00000024   Code   RO         5752    i.vPortSetupTimerInterrupt  port.o
    0x08007720   0x08007720   0x00000054   Code   RO         5753    i.vPortValidateInterruptPriority  port.o
    0x08007774   0x08007774   0x00000028   Code   RO         4265    i.vQueueAddToRegistry  queue.o
    0x0800779c   0x0800779c   0x00000044   Code   RO         4269    i.vQueueWaitForMessageRestricted  queue.o
    0x080077e0   0x080077e0   0x0000004c   Code   RO         4673    i.vTaskDelay        tasks.o
    0x0800782c   0x0800782c   0x0000008c   Code   RO         4674    i.vTaskDelayUntil   tasks.o
    0x080078b8   0x080078b8   0x00000010   Code   RO         4678    i.vTaskInternalSetTimeOutState  tasks.o
    0x080078c8   0x080078c8   0x0000000c   Code   RO         4679    i.vTaskMissedYield  tasks.o
    0x080078d4   0x080078d4   0x00000030   Code   RO         4681    i.vTaskPlaceOnEventList  tasks.o
    0x08007904   0x08007904   0x00000038   Code   RO         4682    i.vTaskPlaceOnEventListRestricted  tasks.o
    0x0800793c   0x0800793c   0x00000090   Code   RO         4684    i.vTaskPriorityDisinheritAfterTimeout  tasks.o
    0x080079cc   0x080079cc   0x00000088   Code   RO         4690    i.vTaskStartScheduler  tasks.o
    0x08007a54   0x08007a54   0x00000010   Code   RO         4692    i.vTaskSuspendAll   tasks.o
    0x08007a64   0x08007a64   0x00000064   Code   RO         4693    i.vTaskSwitchContext  tasks.o
    0x08007ac8   0x08007ac8   0x000000f4   Code   RO         5754    i.xPortStartScheduler  port.o
    0x08007bbc   0x08007bbc   0x0000002c   Code   RO         5755    i.xPortSysTickHandler  port.o
    0x08007be8   0x08007be8   0x00000042   Code   RO         4274    i.xQueueGenericCreate  queue.o
    0x08007c2a   0x08007c2a   0x00000066   Code   RO         4275    i.xQueueGenericCreateStatic  queue.o
    0x08007c90   0x08007c90   0x00000088   Code   RO         4276    i.xQueueGenericReset  queue.o
    0x08007d18   0x08007d18   0x00000160   Code   RO         4277    i.xQueueGenericSend  queue.o
    0x08007e78   0x08007e78   0x000000be   Code   RO         4278    i.xQueueGenericSendFromISR  queue.o
    0x08007f36   0x08007f36   0x0000009c   Code   RO         4281    i.xQueueGiveFromISR  queue.o
    0x08007fd2   0x08007fd2   0x00000002   PAD
    0x08007fd4   0x08007fd4   0x00000138   Code   RO         4287    i.xQueueReceive     queue.o
    0x0800810c   0x0800810c   0x00000178   Code   RO         4289    i.xQueueSemaphoreTake  queue.o
    0x08008284   0x08008284   0x00000074   Code   RO         4695    i.xTaskCheckForTimeOut  tasks.o
    0x080082f8   0x080082f8   0x0000005a   Code   RO         4696    i.xTaskCreate       tasks.o
    0x08008352   0x08008352   0x00000056   Code   RO         4697    i.xTaskCreateStatic  tasks.o
    0x080083a8   0x080083a8   0x0000001c   Code   RO         4701    i.xTaskGetSchedulerState  tasks.o
    0x080083c4   0x080083c4   0x0000000c   Code   RO         4702    i.xTaskGetTickCount  tasks.o
    0x080083d0   0x080083d0   0x000000c8   Code   RO         4704    i.xTaskIncrementTick  tasks.o
    0x08008498   0x08008498   0x00000080   Code   RO         4707    i.xTaskPriorityDisinherit  tasks.o
    0x08008518   0x08008518   0x00000078   Code   RO         4708    i.xTaskPriorityInherit  tasks.o
    0x08008590   0x08008590   0x00000070   Code   RO         4709    i.xTaskRemoveFromEventList  tasks.o
    0x08008600   0x08008600   0x000000c4   Code   RO         4710    i.xTaskResumeAll    tasks.o
    0x080086c4   0x080086c4   0x00000034   Code   RO         5033    i.xTimerCreate      timers.o
    0x080086f8   0x080086f8   0x0000002e   Code   RO         5034    i.xTimerCreateStatic  timers.o
    0x08008726   0x08008726   0x00000002   PAD
    0x08008728   0x08008728   0x00000060   Code   RO         5035    i.xTimerCreateTimerTask  timers.o
    0x08008788   0x08008788   0x00000068   Code   RO         5036    i.xTimerGenericCommand  timers.o
    0x080087f0   0x080087f0   0x0000002c   Code   RO         5998    locale$$code        c_w.l(lc_numeric_c.o)
    0x0800881c   0x0800881c   0x0000000c   Code   RO         5934    x$fpl$dretinf       fz_wm.l(dretinf.o)
    0x08008828   0x08008828   0x00000056   Code   RO         5898    x$fpl$f2d           fz_wm.l(f2d.o)
    0x0800887e   0x0800887e   0x0000008c   Code   RO         5936    x$fpl$fnaninf       fz_wm.l(fnaninf.o)
    0x0800890a   0x0800890a   0x0000000a   Code   RO         6078    x$fpl$fpinit        fz_wm.l(fpinit.o)
    0x08008914   0x08008914   0x00000004   Code   RO         5900    x$fpl$printf1       fz_wm.l(printf1.o)
    0x08008918   0x08008918   0x00000000   Code   RO         5938    x$fpl$usenofp       fz_wm.l(usenofp.o)
    0x08008918   0x08008918   0x00000008   Data   RO          486    .constdata          gray_sensor.o
    0x08008920   0x08008920   0x00000058   Data   RO          632    .constdata          freertos.o
    0x08008978   0x08008978   0x00000008   Data   RO         2554    .constdata          stm32f4xx_hal_dma.o
    0x08008980   0x08008980   0x00000010   Data   RO         4050    .constdata          system_stm32f4xx_1.o
    0x08008990   0x08008990   0x00000008   Data   RO         4051    .constdata          system_stm32f4xx_1.o
    0x08008998   0x08008998   0x00000028   Data   RO         5841    .constdata          c_w.l(_printf_hex_int.o)
    0x080089c0   0x080089c0   0x00000011   Data   RO         5871    .constdata          c_w.l(__printf_flags_wp.o)
    0x080089d1   0x080089d1   0x00000003   PAD
    0x080089d4   0x080089d4   0x00000094   Data   RO         5973    .constdata          c_w.l(bigflt0.o)
    0x08008a68   0x08008a68   0x00000010   Data   RO          487    .conststring        gray_sensor.o
    0x08008a78   0x08008a78   0x00000025   Data   RO          633    .conststring        freertos.o
    0x08008a9d   0x08008a9d   0x00000003   PAD
    0x08008aa0   0x08008aa0   0x00000020   Data   RO         6147    Region$$Table       anon$$obj.o
    0x08008ac0   0x08008ac0   0x0000001c   Data   RO         5997    locale$$data        c_w.l(lc_numeric_c.o)


    Execution Region RW_IRAM1 (Exec base: 0x20000000, Load base: 0x08008adc, Size: 0x00005630, Max: 0x0001c000, ABSOLUTE)

    Exec Addr    Load Addr    Size         Type   Attr      Idx    E Section Name        Object

    0x20000000   0x08008adc   0x00000014   Data   RW           24    .data               chassis.o
    0x20000014   0x08008af0   0x0000001a   Data   RW          388    .data               mpu6050.o
    0x2000002e   0x08008b0a   0x00000002   PAD
    0x20000030   0x08008b0c   0x0000000c   Data   RW          488    .data               gray_sensor.o
    0x2000003c   0x08008b18   0x00000014   Data   RW          634    .data               freertos.o
    0x20000050   0x08008b2c   0x0000000c   Data   RW         2999    .data               stm32f4xx_hal.o
    0x2000005c   0x08008b38   0x00000004   Data   RW         4052    .data               system_stm32f4xx_1.o
    0x20000060   0x08008b3c   0x0000003c   Data   RW         4713    .data               tasks.o
    0x2000009c   0x08008b78   0x00000014   Data   RW         5044    .data               timers.o
    0x200000b0   0x08008b8c   0x00000004   Data   RW         5257    .data               cmsis_os2.o
    0x200000b4   0x08008b90   0x00000020   Data   RW         5700    .data               heap_4.o
    0x200000d4   0x08008bb0   0x0000000c   Data   RW         5756    .data               port.o
    0x200000e0        -       0x00000040   Zero   RW           23    .bss                chassis.o
    0x20000120        -       0x00000024   Zero   RW          232    .bss                motor.o
    0x20000144        -       0x00000024   Zero   RW          233    .bss                motor.o
    0x20000168        -       0x00000018   Zero   RW          387    .bss                mpu6050.o
    0x20000180        -       0x00000010   Zero   RW          484    .bss                gray_sensor.o
    0x20000190        -       0x00000064   Zero   RW          485    .bss                gray_sensor.o
    0x200001f4        -       0x000001bc   Zero   RW          733    .bss                i2c.o
    0x200003b0        -       0x00000168   Zero   RW          790    .bss                tim.o
    0x20000518        -       0x00000198   Zero   RW          859    .bss                usart.o
    0x200006b0        -       0x00000048   Zero   RW         1071    .bss                stm32f4xx_hal_timebase_tim.o
    0x200006f8        -       0x00000040   Zero   RW         4291    .bss                queue.o
    0x20000738        -       0x000004c4   Zero   RW         4712    .bss                tasks.o
    0x20000bfc        -       0x00000118   Zero   RW         5043    .bss                timers.o
    0x20000d14        -       0x000006b8   Zero   RW         5256    .bss                cmsis_os2.o
    0x200013cc        -       0x00003c00   Zero   RW         5699    .bss                heap_4.o
    0x20004fcc        -       0x00000060   Zero   RW         6005    .bss                c_w.l(libspace.o)
    0x2000502c   0x08008bbc   0x00000004   PAD
    0x20005030        -       0x00000200   Zero   RW            2    HEAP                startup_stm32f407xx.o
    0x20005230        -       0x00000400   Zero   RW            1    STACK               startup_stm32f407xx.o


    Execution Region RW_IRAM2 (Exec base: 0x2001c000, Load base: 0x08008bbc, Size: 0x00000000, Max: 0x00004000, ABSOLUTE)

    **** No section assigned to this execution region ****


==============================================================================

Image component sizes


      Code (inc. data)   RO Data    RW Data    ZI Data      Debug   Object Name

       900        182          0         20         64     704917   chassis.o
       520         26          0          4       1720      64939   cmsis_os2.o
       108          4          0          0          0        822   dma.o
         0          0          0          0          0      21892   event_groups.o
       796        170        125         20          0      17561   freertos.o
       260         16          0          0          0       1067   gpio.o
       636         76         24         12        116       5775   gray_sensor.o
       472         24          0         32      15360       4827   heap_4.o
       740        106          0          0        444       3945   i2c.o
       138          0          0          0          0       3510   list.o
       258         14          0          0          0       2700   main.o
       524         28          0          0         72      16145   motor.o
       786         88          0         26         24       7879   mpu6050.o
       786         82          0         12          0      11433   port.o
      2112         24          0          0         64      21544   queue.o
        64         26        392          0       1536        836   startup_stm32f407xx.o
       116         18          0         12          0       8674   stm32f4xx_hal.o
       158         14          0          0          0      32998   stm32f4xx_hal_cortex.o
      1192         16          8          0          0       9185   stm32f4xx_hal_dma.o
       866         86          0          0          0       3118   stm32f4xx_hal_gpio.o
      6376        108          0          0          0      36092   stm32f4xx_hal_i2c.o
        56          4          0          0          0        854   stm32f4xx_hal_msp.o
      1408         82          0          0          0       5877   stm32f4xx_hal_rcc.o
      1648        136          0          0          0      13595   stm32f4xx_hal_tim.o
       148         28          0          0          0       2465   stm32f4xx_hal_tim_ex.o
       152         20          0          0         72       1464   stm32f4xx_hal_timebase_tim.o
      1294         24          0          0          0      11981   stm32f4xx_hal_uart.o
       200         60          0          0          0       7956   stm32f4xx_it.o
        16          4         24          4          0       1111   system_stm32f4xx_1.o
      2512        200          0         60       1220      30439   tasks.o
       992         94          0          0        360       5271   tim.o
      1184         80          0         20        280      25487   timers.o
       720         26          0          0          0       5729   trap_plan.o
       504         56          0          0        408       3274   usart.o
         2          0          0          0          0        457   usb_otg.o

    ----------------------------------------------------------------------
     28706       1922        608        224      21740    1095819   Object Totals
         0          0         32          0          0          0   (incl. Generated)
        62          0          3          2          0          0   (incl. Padding)

    ----------------------------------------------------------------------

      Code (inc. data)   RO Data    RW Data    ZI Data      Debug   Library Member Name

        56          6          0          0          0         88   __2snprintf.o
         8          0          0          0          0         68   __main.o
       312          4         17          0          0         92   __printf_flags_wp.o
        14          0          0          0          0         68   __printf_wp.o
         0          0          0          0          0          0   __rtentry.o
        12          0          0          0          0          0   __rtentry2.o
         6          0          0          0          0          0   __rtentry4.o
        52          8          0          0          0          0   __scatter.o
        26          0          0          0          0          0   __scatter_copy.o
        28          0          0          0          0          0   __scatter_zi.o
        48          6          0          0          0         96   _printf_char_common.o
         6          0          0          0          0          0   _printf_d.o
       120         16          0          0          0         92   _printf_dec.o
         6          0          0          0          0          0   _printf_f.o
      1054          0          0          0          0        216   _printf_fp_dec.o
       128         16          0          0          0         84   _printf_fp_infnan.o
        88          4         40          0          0         88   _printf_hex_int.o
       178          0          0          0          0         88   _printf_intcommon.o
        78          0          0          0          0        108   _printf_pad.o
         0          0          0          0          0          0   _printf_percent.o
         4          0          0          0          0          0   _printf_percent_end.o
         6          0          0          0          0          0   _printf_x.o
        22          0          0          0          0        100   _rserrno.o
        16          0          0          0          0         68   _snputc.o
        10          0          0          0          0         68   _sputc.o
        16          0          0          0          0         68   aeabi_memset.o
       228          4        148          0          0         96   bigflt0.o
      1936        128          0          0          0        672   btod.o
        18          0          0          0          0         80   exit.o
         6          0          0          0          0        152   heapauxi.o
         0          0          0          0          0          0   indicate_semi.o
        44         10         28          0          0         76   lc_numeric_c.o
         2          0          0          0          0          0   libinit.o
        22          0          0          0          0          0   libinit2.o
         2          0          0          0          0          0   libshutdown.o
         2          0          0          0          0          0   libshutdown2.o
         8          4          0          0         96         68   libspace.o
       138          0          0          0          0         80   lludiv10.o
       238          0          0          0          0        100   lludivv7m.o
         8          4          0          0          0         68   rt_errno_addr_intlibspace.o
         8          4          0          0          0         68   rt_locale_intlibspace.o
        68          0          0          0          0         68   rt_memclr.o
        78          0          0          0          0         80   rt_memclr_w.o
       138          0          0          0          0         68   rt_memcpy_v6.o
       100          0          0          0          0         80   rt_memcpy_w.o
         2          0          0          0          0          0   rtexit.o
        10          0          0          0          0          0   rtexit2.o
       128          0          0          0          0         68   strcmpv7m.o
        62          0          0          0          0         76   strlen.o
        12          4          0          0          0         68   sys_exit.o
        74          0          0          0          0         80   sys_stackheap_outer.o
         2          0          0          0          0         68   use_no_semi.o
        12          0          0          0          0        116   dretinf.o
        86          4          0          0          0        132   f2d.o
       140          4          0          0          0        132   fnaninf.o
        10          0          0          0          0        116   fpinit.o
         4          0          0          0          0        116   printf1.o
         0          0          0          0          0          0   usenofp.o
        48          0          0          0          0        124   fpclassify.o
        58          0          0          0          0        136   sqrtf.o

    ----------------------------------------------------------------------
      5998        226        236          0        100       4380   Library Totals
        12          0          3          0          4          0   (incl. Padding)

    ----------------------------------------------------------------------

      Code (inc. data)   RO Data    RW Data    ZI Data      Debug   Library Name

      5628        218        233          0         96       3508   c_w.l
       252          8          0          0          0        612   fz_wm.l
       106          0          0          0          0        260   m_wm.l

    ----------------------------------------------------------------------
      5998        226        236          0        100       4380   Library Totals

    ----------------------------------------------------------------------

==============================================================================


      Code (inc. data)   RO Data    RW Data    ZI Data      Debug   

     34704       2148        844        224      21840    1072323   Grand Totals
     34704       2148        844        224      21840    1072323   ELF Image Totals
     34704       2148        844        224          0          0   ROM Totals

==============================================================================

    Total RO  Size (Code + RO Data)                35548 (  34.71kB)
    Total RW  Size (RW Data + ZI Data)             22064 (  21.55kB)
    Total ROM Size (Code + RO Data + RW Data)      35772 (  34.93kB)

==============================================================================

