Component: ARM Compiler 5.06 update 5 (build 528) Tool: armlink [4d35e2]

==============================================================================

Section Cross References

    startup_stm32f407xx.o(STACK) refers (Special) to heapauxi.o(.text) for __use_two_region_memory
    startup_stm32f407xx.o(HEAP) refers (Special) to heapauxi.o(.text) for __use_two_region_memory
    startup_stm32f407xx.o(RESET) refers (Special) to heapauxi.o(.text) for __use_two_region_memory
    startup_stm32f407xx.o(RESET) refers to startup_stm32f407xx.o(STACK) for __initial_sp
    startup_stm32f407xx.o(RESET) refers to startup_stm32f407xx.o(.text) for Reset_Handler
    startup_stm32f407xx.o(RESET) refers to stm32f4xx_it.o(i.NMI_Handler) for NMI_Handler
    startup_stm32f407xx.o(RESET) refers to stm32f4xx_it.o(i.HardFault_Handler) for HardFault_Handler
    startup_stm32f407xx.o(RESET) refers to stm32f4xx_it.o(i.MemManage_Handler) for MemManage_Handler
    startup_stm32f407xx.o(RESET) refers to stm32f4xx_it.o(i.BusFault_Handler) for BusFault_Handler
    startup_stm32f407xx.o(RESET) refers to stm32f4xx_it.o(i.UsageFault_Handler) for UsageFault_Handler
    startup_stm32f407xx.o(RESET) refers to port.o(.emb_text) for SVC_Handler
    startup_stm32f407xx.o(RESET) refers to stm32f4xx_it.o(i.DebugMon_Handler) for DebugMon_Handler
    startup_stm32f407xx.o(RESET) refers to cmsis_os2.o(i.SysTick_Handler) for SysTick_Handler
    startup_stm32f407xx.o(RESET) refers to stm32f4xx_it.o(i.DMA1_Stream0_IRQHandler) for DMA1_Stream0_IRQHandler
    startup_stm32f407xx.o(RESET) refers to stm32f4xx_it.o(i.DMA1_Stream6_IRQHandler) for DMA1_Stream6_IRQHandler
    startup_stm32f407xx.o(RESET) refers to stm32f4xx_it.o(i.TIM2_IRQHandler) for TIM2_IRQHandler
    startup_stm32f407xx.o(RESET) refers to stm32f4xx_it.o(i.TIM3_IRQHandler) for TIM3_IRQHandler
    startup_stm32f407xx.o(RESET) refers to stm32f4xx_it.o(i.TIM8_TRG_COM_TIM14_IRQHandler) for TIM8_TRG_COM_TIM14_IRQHandler
    startup_stm32f407xx.o(.text) refers (Special) to heapauxi.o(.text) for __use_two_region_memory
    startup_stm32f407xx.o(.text) refers to system_stm32f4xx_1.o(i.SystemInit) for SystemInit
    startup_stm32f407xx.o(.text) refers to __main.o(!!!main) for __main
    startup_stm32f407xx.o(.text) refers to startup_stm32f407xx.o(HEAP) for Heap_Mem
    startup_stm32f407xx.o(.text) refers to startup_stm32f407xx.o(STACK) for Stack_Mem
    main.o(i.HAL_TIM_PeriodElapsedCallback) refers to stm32f4xx_hal.o(i.HAL_IncTick) for HAL_IncTick
    main.o(i.SystemClock_Config) refers to rt_memclr_w.o(.text) for __aeabi_memclr4
    main.o(i.SystemClock_Config) refers to stm32f4xx_hal_rcc.o(i.HAL_RCC_OscConfig) for HAL_RCC_OscConfig
    main.o(i.SystemClock_Config) refers to stm32f4xx_hal_rcc.o(i.HAL_RCC_ClockConfig) for HAL_RCC_ClockConfig
    main.o(i.main) refers to stm32f4xx_hal.o(i.HAL_Init) for HAL_Init
    main.o(i.main) refers to stm32f4xx_hal.o(i.HAL_Delay) for HAL_Delay
    main.o(i.main) refers to main.o(i.SystemClock_Config) for SystemClock_Config
    main.o(i.main) refers to gpio.o(i.MX_GPIO_Init) for MX_GPIO_Init
    main.o(i.main) refers to dma.o(i.MX_DMA_Init) for MX_DMA_Init
    main.o(i.main) refers to i2c.o(i.MX_I2C1_Init) for MX_I2C1_Init
    main.o(i.main) refers to i2c.o(i.MX_I2C2_Init) for MX_I2C2_Init
    main.o(i.main) refers to i2c.o(i.MX_I2C3_Init) for MX_I2C3_Init
    main.o(i.main) refers to tim.o(i.MX_TIM2_Init) for MX_TIM2_Init
    main.o(i.main) refers to tim.o(i.MX_TIM3_Init) for MX_TIM3_Init
    main.o(i.main) refers to tim.o(i.MX_TIM4_Init) for MX_TIM4_Init
    main.o(i.main) refers to tim.o(i.MX_TIM5_Init) for MX_TIM5_Init
    main.o(i.main) refers to tim.o(i.MX_TIM9_Init) for MX_TIM9_Init
    main.o(i.main) refers to usart.o(i.MX_USART2_UART_Init) for MX_USART2_UART_Init
    main.o(i.main) refers to usart.o(i.MX_USART3_UART_Init) for MX_USART3_UART_Init
    main.o(i.main) refers to usart.o(i.MX_USART6_UART_Init) for MX_USART6_UART_Init
    main.o(i.main) refers to usb_otg.o(i.MX_USB_OTG_FS_USB_Init) for MX_USB_OTG_FS_USB_Init
    main.o(i.main) refers to cmsis_os2.o(i.osKernelInitialize) for osKernelInitialize
    main.o(i.main) refers to freertos.o(i.MX_FREERTOS_Init) for MX_FREERTOS_Init
    main.o(i.main) refers to cmsis_os2.o(i.osKernelStart) for osKernelStart
    gpio.o(i.MX_GPIO_Init) refers to rt_memclr_w.o(.text) for __aeabi_memclr4
    gpio.o(i.MX_GPIO_Init) refers to stm32f4xx_hal_gpio.o(i.HAL_GPIO_WritePin) for HAL_GPIO_WritePin
    gpio.o(i.MX_GPIO_Init) refers to stm32f4xx_hal_gpio.o(i.HAL_GPIO_Init) for HAL_GPIO_Init
    freertos.o(i.ControlTimerCallback) refers to chassis.o(i.Chassis_Update) for Chassis_Update
    freertos.o(i.MX_FREERTOS_Init) refers to cmsis_os2.o(i.osTimerNew) for osTimerNew
    freertos.o(i.MX_FREERTOS_Init) refers to cmsis_os2.o(i.osTimerStart) for osTimerStart
    freertos.o(i.MX_FREERTOS_Init) refers to cmsis_os2.o(i.osThreadNew) for osThreadNew
[...]
    i.vTaskSuspendAll                        0x08004c9c   Section        0  tasks.o(i.vTaskSuspendAll)
    i.vTaskSwitchContext                     0x08004cac   Section        0  tasks.o(i.vTaskSwitchContext)
    i.xPortStartScheduler                    0x08004d10   Section        0  port.o(i.xPortStartScheduler)
    i.xPortSysTickHandler                    0x08004e04   Section        0  port.o(i.xPortSysTickHandler)
    i.xQueueGenericCreateStatic              0x08004e30   Section        0  queue.o(i.xQueueGenericCreateStatic)
    i.xQueueGenericReset                     0x08004e98   Section        0  queue.o(i.xQueueGenericReset)
    i.xQueueGenericSend                      0x08004f20   Section        0  queue.o(i.xQueueGenericSend)
    i.xQueueGenericSendFromISR               0x08005080   Section        0  queue.o(i.xQueueGenericSendFromISR)
    i.xQueueReceive                          0x08005140   Section        0  queue.o(i.xQueueReceive)
    i.xTaskCheckForTimeOut                   0x08005278   Section        0  tasks.o(i.xTaskCheckForTimeOut)
    i.xTaskCreate                            0x080052ec   Section        0  tasks.o(i.xTaskCreate)
    i.xTaskCreateStatic                      0x08005346   Section        0  tasks.o(i.xTaskCreateStatic)
    i.xTaskGetSchedulerState                 0x0800539c   Section        0  tasks.o(i.xTaskGetSchedulerState)
    i.xTaskGetTickCount                      0x080053b8   Section        0  tasks.o(i.xTaskGetTickCount)
    i.xTaskIncrementTick                     0x080053c4   Section        0  tasks.o(i.xTaskIncrementTick)
    i.xTaskPriorityDisinherit                0x0800548c   Section        0  tasks.o(i.xTaskPriorityDisinherit)
    i.xTaskRemoveFromEventList               0x0800550c   Section        0  tasks.o(i.xTaskRemoveFromEventList)
    i.xTaskResumeAll                         0x0800557c   Section        0  tasks.o(i.xTaskResumeAll)
    i.xTimerCreate                           0x08005640   Section        0  timers.o(i.xTimerCreate)
    i.xTimerCreateStatic                     0x08005674   Section        0  timers.o(i.xTimerCreateStatic)
    i.xTimerCreateTimerTask                  0x080056a4   Section        0  timers.o(i.xTimerCreateTimerTask)
    i.xTimerGenericCommand                   0x08005704   Section        0  timers.o(i.xTimerGenericCommand)
    x$fpl$fpinit                             0x0800576c   Section       10  fpinit.o(x$fpl$fpinit)
    $v0                                      0x0800576c   Number         0  fpinit.o(x$fpl$fpinit)
    x$fpl$usenofp                            0x08005776   Section        0  usenofp.o(x$fpl$usenofp)
    .constdata                               0x08005778   Section       88  freertos.o(.constdata)
    .constdata                               0x080057d0   Section        8  stm32f4xx_hal_dma.o(.constdata)
    flagBitshiftOffset                       0x080057d0   Data           8  stm32f4xx_hal_dma.o(.constdata)
    .constdata                               0x080057d8   Section       16  system_stm32f4xx_1.o(.constdata)
    .constdata                               0x080057e8   Section        8  system_stm32f4xx_1.o(.constdata)
    .conststring                             0x080057f0   Section       37  freertos.o(.conststring)
    .data                                    0x20000000   Section       12  freertos.o(.data)
    .data                                    0x2000000c   Section       20  chassis.o(.data)
    g_heading_locked                         0x2000000c   Data           1  chassis.o(.data)
    g_heading_target_rad                     0x20000010   Data           4  chassis.o(.data)
    g_heading_integral                       0x20000014   Data           4  chassis.o(.data)
    g_gyro_angular_rad_s                     0x20000018   Data           4  chassis.o(.data)
    g_gyro_angle_z_rad                       0x2000001c   Data           4  chassis.o(.data)
    .data                                    0x20000020   Section       22  mpu6050.o(.data)
    g_gyro_z_offset_at_ref                   0x20000024   Data           4  mpu6050.o(.data)
    g_calib_temp_c                           0x20000028   Data           4  mpu6050.o(.data)
    g_current_temp_c                         0x2000002c   Data           4  mpu6050.o(.data)
    g_rx_buf                                 0x20000030   Data           6  mpu6050.o(.data)
    .data                                    0x20000038   Section       12  stm32f4xx_hal.o(.data)
    .data                                    0x20000044   Section        4  system_stm32f4xx_1.o(.data)
    .data                                    0x20000048   Section       60  tasks.o(.data)
    uxDeletedTasksWaitingCleanUp             0x2000004c   Data           4  tasks.o(.data)
    uxCurrentNumberOfTasks                   0x20000050   Data           4  tasks.o(.data)
    xTickCount                               0x20000054   Data           4  tasks.o(.data)
    uxTopReadyPriority                       0x20000058   Data           4  tasks.o(.data)
    xSchedulerRunning                        0x2000005c   Data           4  tasks.o(.data)
    xPendedTicks                             0x20000060   Data           4  tasks.o(.data)
    xYieldPending                            0x20000064   Data           4  tasks.o(.data)
    xNumOfOverflows                          0x20000068   Data           4  tasks.o(.data)
    uxTaskNumber                             0x2000006c   Data           4  tasks.o(.data)
    xNextTaskUnblockTime                     0x20000070   Data           4  tasks.o(.data)
    xIdleTaskHandle                          0x20000074   Data           4  tasks.o(.data)
    uxSchedulerSuspended                     0x20000078   Data           4  tasks.o(.data)
    pxDelayedTaskList                        0x2000007c   Data           4  tasks.o(.data)
    pxOverflowDelayedTaskList                0x20000080   Data           4  tasks.o(.data)
    .data                                    0x20000084   Section       20  timers.o(.data)
    xTimerQueue                              0x20000084   Data           4  timers.o(.data)
    xTimerTaskHandle                         0x20000088   Data           4  timers.o(.data)
    xLastTime                                0x2000008c   Data           4  timers.o(.data)
    pxCurrentTimerList                       0x20000090   Data           4  timers.o(.data)
    pxOverflowTimerList                      0x20000094   Data           4  timers.o(.data)
    .data                                    0x20000098   Section        4  cmsis_os2.o(.data)
    KernelState                              0x20000098   Data           4  cmsis_os2.o(.data)
    .data                                    0x2000009c   Section       32  heap_4.o(.data)
    pxEnd                                    0x2000009c   Data           4  heap_4.o(.data)
    xFreeBytesRemaining                      0x200000a0   Data           4  heap_4.o(.data)
    xMinimumEverFreeBytesRemaining           0x200000a4   Data           4  heap_4.o(.data)
    xNumberOfSuccessfulAllocations           0x200000a8   Data           4  heap_4.o(.data)
    xNumberOfSuccessfulFrees                 0x200000ac   Data           4  heap_4.o(.data)
    xBlockAllocatedBit                       0x200000b0   Data           4  heap_4.o(.data)
    xStart                                   0x200000b4   Data           8  heap_4.o(.data)
    .data                                    0x200000bc   Section       12  port.o(.data)
    ucMaxSysCallPriority                     0x200000bc   Data           1  port.o(.data)
    uxCriticalNesting                        0x200000c0   Data           4  port.o(.data)
    ulMaxPRIGROUPValue                       0x200000c4   Data           4  port.o(.data)
    .bss                                     0x200000c8   Section      444  i2c.o(.bss)
    .bss                                     0x20000284   Section      360  tim.o(.bss)
    .bss                                     0x200003ec   Section      216  usart.o(.bss)
    .bss                                     0x200004c4   Section       72  stm32f4xx_hal_timebase_tim.o(.bss)
    .bss                                     0x2000050c   Section       64  chassis.o(.bss)
    g_trans_planner                          0x2000050c   Data          32  chassis.o(.bss)
    g_rot_planner                            0x2000052c   Data          32  chassis.o(.bss)
    .bss                                     0x2000054c   Section       36  motor.o(.bss)
    .bss                                     0x20000570   Section       36  motor.o(.bss)
    .bss                                     0x20000594   Section       24  mpu6050.o(.bss)
    .bss                                     0x200005ac   Section       64  queue.o(.bss)
    .bss                                     0x200005ec   Section     1220  tasks.o(.bss)
    pxReadyTasksLists                        0x200005ec   Data        1120  tasks.o(.bss)
    xDelayedTaskList1                        0x20000a4c   Data          20  tasks.o(.bss)
    xDelayedTaskList2                        0x20000a60   Data          20  tasks.o(.bss)
    xPendingReadyList                        0x20000a74   Data          20  tasks.o(.bss)
    xTasksWaitingTermination                 0x20000a88   Data          20  tasks.o(.bss)
    xSuspendedTaskList                       0x20000a9c   Data          20  tasks.o(.bss)
    .bss                                     0x20000ab0   Section      280  timers.o(.bss)
    xStaticTimerQueue                        0x20000ab0   Data          80  timers.o(.bss)
    ucStaticTimerQueueStorage                0x20000b00   Data         160  timers.o(.bss)
    xActiveTimerList1                        0x20000ba0   Data          20  timers.o(.bss)
    xActiveTimerList2                        0x20000bb4   Data          20  timers.o(.bss)
    .bss                                     0x20000bc8   Section     1720  cmsis_os2.o(.bss)
    Idle_TCB                                 0x20000bc8   Data          92  cmsis_os2.o(.bss)
    Idle_Stack                               0x20000c24   Data         512  cmsis_os2.o(.bss)
    Timer_TCB                                0x20000e24   Data          92  cmsis_os2.o(.bss)
    Timer_Stack                              0x20000e80   Data        1024  cmsis_os2.o(.bss)
    .bss                                     0x20001280   Section    15360  heap_4.o(.bss)
    ucHeap                                   0x20001280   Data       15360  heap_4.o(.bss)
    .bss                                     0x20004e80   Section       96  libspace.o(.bss)
    HEAP                                     0x20004ee0   Section      512  startup_stm32f407xx.o(HEAP)
    Heap_Mem                                 0x20004ee0   Data         512  startup_stm32f407xx.o(HEAP)
    STACK                                    0x200050e0   Section     1024  startup_stm32f407xx.o(STACK)
    Stack_Mem                                0x200050e0   Data        1024  startup_stm32f407xx.o(STACK)
    __initial_sp                             0x200054e0   Data           0  startup_stm32f407xx.o(STACK)

    Global Symbols

    Symbol Name                              Value     Ov Type        Size  Object(Section)

    BuildAttributes$$THM_ISAv4$E$P$D$K$B$S$7EM$VFPi3$EXTD16$VFPS$VFMA$PE$A:L22UL41UL21$X:L11$S22US41US21$IEEE1$IW$USESV6$~STKCKD$USESV7$~SHL$OTIME$ROPI$IEEEJ$EBA8$UX$STANDARDLIB$REQ8$PRES8$EABIv2 0x00000000   Number         0  anon$$obj.o ABSOLUTE
    __ARM_use_no_argv                        0x00000000   Number         0  main.o ABSOLUTE
    __ARM_exceptions_init                     - Undefined Weak Reference
    __alloca_initialize                       - Undefined Weak Reference
    __arm_preinit_                            - Undefined Weak Reference
    __cpp_initialize__aeabi_                  - Undefined Weak Reference
    __cxa_finalize                            - Undefined Weak Reference
    __rt_locale                               - Undefined Weak Reference
    __sigvec_lookup                           - Undefined Weak Reference
    _atexit_init                              - Undefined Weak Reference
    _call_atexit_fns                          - Undefined Weak Reference
    _clock_init                               - Undefined Weak Reference
    _fp_trap_init                             - Undefined Weak Reference
    _fp_trap_shutdown                         - Undefined Weak Reference
    _get_lc_collate                           - Undefined Weak Reference
    _get_lc_ctype                             - Undefined Weak Reference
    _get_lc_monetary                          - Undefined Weak Reference
    _get_lc_numeric                           - Undefined Weak Reference
    _get_lc_time                              - Undefined Weak Reference
    _getenv_init                              - Undefined Weak Reference
    _handle_redirection                       - Undefined Weak Reference
    _init_alloc                               - Undefined Weak Reference
    _init_user_alloc                          - Undefined Weak Reference
    _initio                                   - Undefined Weak Reference
    _rand_init                                - Undefined Weak Reference
    _signal_finish                            - Undefined Weak Reference
    _signal_init                              - Undefined Weak Reference
    _terminate_alloc                          - Undefined Weak Reference
    _terminate_user_alloc                     - Undefined Weak Reference
    _terminateio                              - Undefined Weak Reference
    __Vectors_Size                           0x00000188   Number         0  startup_stm32f407xx.o ABSOLUTE
    __Vectors                                0x08000000   Data           4  startup_stm32f407xx.o(RESET)
    __Vectors_End                            0x08000188   Data           0  startup_stm32f407xx.o(RESET)
    __main                                   0x08000189   Thumb Code     8  __main.o(!!!main)
    __scatterload                            0x08000191   Thumb Code     0  __scatter.o(!!!scatter)
    __scatterload_rt2                        0x08000191   Thumb Code    44  __scatter.o(!!!scatter)
    __scatterload_rt2_thumb_only             0x08000191   Thumb Code     0  __scatter.o(!!!scatter)
    __scatterload_null                       0x0800019f   Thumb Code     0  __scatter.o(!!!scatter)
    __scatterload_copy                       0x080001c5   Thumb Code    26  __scatter_copy.o(!!handler_copy)
    __scatterload_zeroinit                   0x080001e1   Thumb Code    28  __scatter_zi.o(!!handler_zi)
    __rt_lib_init                            0x080001fd   Thumb Code     0  libinit.o(.ARM.Collect$$libinit$$00000000)
    __rt_lib_init_fp_1                       0x080001ff   Thumb Code     0  libinit2.o(.ARM.Collect$$libinit$$00000001)
    __rt_lib_init_alloca_1                   0x08000203   Thumb Code     0  libinit2.o(.ARM.Collect$$libinit$$0000002E)
    __rt_lib_init_argv_1                     0x08000203   Thumb Code     0  libinit2.o(.ARM.Collect$$libinit$$0000002C)
    __rt_lib_init_atexit_1                   0x08000203   Thumb Code     0  libinit2.o(.ARM.Collect$$libinit$$0000001B)
    __rt_lib_init_clock_1                    0x08000203   Thumb Code     0  libinit2.o(.ARM.Collect$$libinit$$00000021)
    __rt_lib_init_cpp_1                      0x08000203   Thumb Code     0  libinit2.o(.ARM.Collect$$libinit$$00000032)
    __rt_lib_init_exceptions_1               0x08000203   Thumb Code     0  libinit2.o(.ARM.Collect$$libinit$$00000030)
    __rt_lib_init_fp_trap_1                  0x08000203   Thumb Code     0  libinit2.o(.ARM.Collect$$libinit$$0000001F)
    __rt_lib_init_getenv_1                   0x08000203   Thumb Code     0  libinit2.o(.ARM.Collect$$libinit$$00000023)
    __rt_lib_init_heap_1                     0x08000203   Thumb Code     0  libinit2.o(.ARM.Collect$$libinit$$0000000A)
    __rt_lib_init_lc_collate_1               0x08000203   Thumb Code     0  libinit2.o(.ARM.Collect$$libinit$$00000011)
    __rt_lib_init_lc_ctype_1                 0x08000203   Thumb Code     0  libinit2.o(.ARM.Collect$$libinit$$00000013)
    __rt_lib_init_lc_monetary_1              0x08000203   Thumb Code     0  libinit2.o(.ARM.Collect$$libinit$$00000015)
    __rt_lib_init_lc_numeric_1               0x08000203   Thumb Code     0  libinit2.o(.ARM.Collect$$libinit$$00000017)
    __rt_lib_init_lc_time_1                  0x08000203   Thumb Code     0  libinit2.o(.ARM.Collect$$libinit$$00000019)
    __rt_lib_init_preinit_1                  0x08000203   Thumb Code     0  libinit2.o(.ARM.Collect$$libinit$$00000004)
    __rt_lib_init_rand_1                     0x08000203   Thumb Code     0  libinit2.o(.ARM.Collect$$libinit$$0000000E)
    __rt_lib_init_return                     0x08000203   Thumb Code     0  libinit2.o(.ARM.Collect$$libinit$$00000033)
    __rt_lib_init_signal_1                   0x08000203   Thumb Code     0  libinit2.o(.ARM.Collect$$libinit$$0000001D)
    __rt_lib_init_stdio_1                    0x08000203   Thumb Code     0  libinit2.o(.ARM.Collect$$libinit$$00000025)
    __rt_lib_init_user_alloc_1               0x08000203   Thumb Code     0  libinit2.o(.ARM.Collect$$libinit$$0000000C)
    __rt_lib_shutdown                        0x08000205   Thumb Code     0  libshutdown.o(.ARM.Collect$$libshutdown$$00000000)
    __rt_lib_shutdown_cpp_1                  0x08000207   Thumb Code     0  libshutdown2.o(.ARM.Collect$$libshutdown$$00000002)
    __rt_lib_shutdown_fp_trap_1              0x08000207   Thumb Code     0  libshutdown2.o(.ARM.Collect$$libshutdown$$00000007)
    __rt_lib_shutdown_heap_1                 0x08000207   Thumb Code     0  libshutdown2.o(.ARM.Collect$$libshutdown$$0000000F)
    __rt_lib_shutdown_return                 0x08000207   Thumb Code     0  libshutdown2.o(.ARM.Collect$$libshutdown$$00000010)
    __rt_lib_shutdown_signal_1               0x08000207   Thumb Code     0  libshutdown2.o(.ARM.Collect$$libshutdown$$0000000A)
    __rt_lib_shutdown_stdio_1                0x08000207   Thumb Code     0  libshutdown2.o(.ARM.Collect$$libshutdown$$00000004)
    __rt_lib_shutdown_user_alloc_1           0x08000207   Thumb Code     0  libshutdown2.o(.ARM.Collect$$libshutdown$$0000000C)
    __rt_entry                               0x08000209   Thumb Code     0  __rtentry.o(.ARM.Collect$$rtentry$$00000000)
    __rt_entry_presh_1                       0x08000209   Thumb Code     0  __rtentry2.o(.ARM.Collect$$rtentry$$00000002)
    __rt_entry_sh                            0x08000209   Thumb Code     0  __rtentry4.o(.ARM.Collect$$rtentry$$00000004)
    __rt_entry_li                            0x0800020f   Thumb Code     0  __rtentry2.o(.ARM.Collect$$rtentry$$0000000A)
    __rt_entry_postsh_1                      0x0800020f   Thumb Code     0  __rtentry2.o(.ARM.Collect$$rtentry$$00000009)
    __rt_entry_main                          0x08000213   Thumb Code     0  __rtentry2.o(.ARM.Collect$$rtentry$$0000000D)
    __rt_entry_postli_1                      0x08000213   Thumb Code     0  __rtentry2.o(.ARM.Collect$$rtentry$$0000000C)
    __rt_exit                                0x0800021b   Thumb Code     0  rtexit.o(.ARM.Collect$$rtexit$$00000000)
    __rt_exit_ls                             0x0800021d   Thumb Code     0  rtexit2.o(.ARM.Collect$$rtexit$$00000003)
    __rt_exit_prels_1                        0x0800021d   Thumb Code     0  rtexit2.o(.ARM.Collect$$rtexit$$00000002)
    __rt_exit_exit                           0x08000221   Thumb Code     0  rtexit2.o(.ARM.Collect$$rtexit$$00000004)
    SVC_Handler                              0x08000229   Thumb Code    28  port.o(.emb_text)
    __asm___6_port_c_39a90d8d__prvStartFirstTask 0x08000249   Thumb Code    36  port.o(.emb_text)
    __asm___6_port_c_39a90d8d__prvEnableVFP  0x08000271   Thumb Code    16  port.o(.emb_text)
    PendSV_Handler                           0x08000285   Thumb Code    88  port.o(.emb_text)
    vPortGetIPSR                             0x080002e1   Thumb Code     6  port.o(.emb_text)
    Reset_Handler                            0x080002e9   Thumb Code     8  startup_stm32f407xx.o(.text)
    ADC_IRQHandler                           0x08000303   Thumb Code     0  startup_stm32f407xx.o(.text)
    CAN1_RX0_IRQHandler                      0x08000303   Thumb Code     0  startup_stm32f407xx.o(.text)
    CAN1_RX1_IRQHandler                      0x08000303   Thumb Code     0  startup_stm32f407xx.o(.text)
    CAN1_SCE_IRQHandler                      0x08000303   Thumb Code     0  startup_stm32f407xx.o(.text)
    CAN1_TX_IRQHandler                       0x08000303   Thumb Code     0  startup_stm32f407xx.o(.text)
    CAN2_RX0_IRQHandler                      0x08000303   Thumb Code     0  startup_stm32f407xx.o(.text)
    CAN2_RX1_IRQHandler                      0x08000303   Thumb Code     0  startup_stm32f407xx.o(.text)
    CAN2_SCE_IRQHandler                      0x08000303   Thumb Code     0  startup_stm32f407xx.o(.text)
    CAN2_TX_IRQHandler                       0x08000303   Thumb Code     0  startup_stm32f407xx.o(.text)
    DCMI_IRQHandler                          0x08000303   Thumb Code     0  startup_stm32f407xx.o(.text)
    DMA1_Stream1_IRQHandler                  0x08000303   Thumb Code     0  startup_stm32f407xx.o(.text)
    DMA1_Stream2_IRQHandler                  0x08000303   Thumb Code     0  startup_stm32f407xx.o(.text)
    DMA1_Stream3_IRQHandler                  0x08000303   Thumb Code     0  startup_stm32f407xx.o(.text)
    DMA1_Stream4_IRQHandler                  0x08000303   Thumb Code     0  startup_stm32f407xx.o(.text)
    DMA1_Stream5_IRQHandler                  0x08000303   Thumb Code     0  startup_stm32f407xx.o(.text)
    DMA1_Stream7_IRQHandler                  0x08000303   Thumb Code     0  startup_stm32f407xx.o(.text)
    DMA2_Stream0_IRQHandler                  0x08000303   Thumb Code     0  startup_stm32f407xx.o(.text)
    DMA2_Stream1_IRQHandler                  0x08000303   Thumb Code     0  startup_stm32f407xx.o(.text)
    DMA2_Stream2_IRQHandler                  0x08000303   Thumb Code     0  startup_stm32f407xx.o(.text)
    DMA2_Stream3_IRQHandler                  0x08000303   Thumb Code     0  startup_stm32f407xx.o(.text)
    DMA2_Stream4_IRQHandler                  0x08000303   Thumb Code     0  startup_stm32f407xx.o(.text)
    DMA2_Stream5_IRQHandler                  0x08000303   Thumb Code     0  startup_stm32f407xx.o(.text)
    DMA2_Stream6_IRQHandler                  0x08000303   Thumb Code     0  startup_stm32f407xx.o(.text)
    DMA2_Stream7_IRQHandler                  0x08000303   Thumb Code     0  startup_stm32f407xx.o(.text)
    ETH_IRQHandler                           0x08000303   Thumb Code     0  startup_stm32f407xx.o(.text)
    ETH_WKUP_IRQHandler                      0x08000303   Thumb Code     0  startup_stm32f407xx.o(.text)
    EXTI0_IRQHandler                         0x08000303   Thumb Code     0  startup_stm32f407xx.o(.text)
    EXTI15_10_IRQHandler                     0x08000303   Thumb Code     0  startup_stm32f407xx.o(.text)
    EXTI1_IRQHandler                         0x08000303   Thumb Code     0  startup_stm32f407xx.o(.text)
    EXTI2_IRQHandler                         0x08000303   Thumb Code     0  startup_stm32f407xx.o(.text)
    EXTI3_IRQHandler                         0x08000303   Thumb Code     0  startup_stm32f407xx.o(.text)
    EXTI4_IRQHandler                         0x08000303   Thumb Code     0  startup_stm32f407xx.o(.text)
    EXTI9_5_IRQHandler                       0x08000303   Thumb Code     0  startup_stm32f407xx.o(.text)
    FLASH_IRQHandler                         0x08000303   Thumb Code     0  startup_stm32f407xx.o(.text)
    FMC_IRQHandler                           0x08000303   Thumb Code     0  startup_stm32f407xx.o(.text)
    FPU_IRQHandler                           0x08000303   Thumb Code     0  startup_stm32f407xx.o(.text)
    HASH_RNG_IRQHandler                      0x08000303   Thumb Code     0  startup_stm32f407xx.o(.text)
    I2C1_ER_IRQHandler                       0x08000303   Thumb Code     0  startup_stm32f407xx.o(.text)
    I2C1_EV_IRQHandler                       0x08000303   Thumb Code     0  startup_stm32f407xx.o(.text)
    I2C2_ER_IRQHandler                       0x08000303   Thumb Code     0  startup_stm32f407xx.o(.text)
    I2C2_EV_IRQHandler                       0x08000303   Thumb Code     0  startup_stm32f407xx.o(.text)
    I2C3_ER_IRQHandler                       0x08000303   Thumb Code     0  startup_stm32f407xx.o(.text)
    I2C3_EV_IRQHandler                       0x08000303   Thumb Code     0  startup_stm32f407xx.o(.text)
    OTG_FS_IRQHandler                        0x08000303   Thumb Code     0  startup_stm32f407xx.o(.text)
    OTG_FS_WKUP_IRQHandler                   0x08000303   Thumb Code     0  startup_stm32f407xx.o(.text)
    OTG_HS_EP1_IN_IRQHandler                 0x08000303   Thumb Code     0  startup_stm32f407xx.o(.text)
    OTG_HS_EP1_OUT_IRQHandler                0x08000303   Thumb Code     0  startup_stm32f407xx.o(.text)
    OTG_HS_IRQHandler                        0x08000303   Thumb Code     0  startup_stm32f407xx.o(.text)
    OTG_HS_WKUP_IRQHandler                   0x08000303   Thumb Code     0  startup_stm32f407xx.o(.text)
    PVD_IRQHandler                           0x08000303   Thumb Code     0  startup_stm32f407xx.o(.text)
    RCC_IRQHandler                           0x08000303   Thumb Code     0  startup_stm32f407xx.o(.text)
    RTC_Alarm_IRQHandler                     0x08000303   Thumb Code     0  startup_stm32f407xx.o(.text)
    RTC_WKUP_IRQHandler                      0x08000303   Thumb Code     0  startup_stm32f407xx.o(.text)
    SDIO_IRQHandler                          0x08000303   Thumb Code     0  startup_stm32f407xx.o(.text)
    SPI1_IRQHandler                          0x08000303   Thumb Code     0  startup_stm32f407xx.o(.text)
    SPI2_IRQHandler                          0x08000303   Thumb Code     0  startup_stm32f407xx.o(.text)
    SPI3_IRQHandler                          0x08000303   Thumb Code     0  startup_stm32f407xx.o(.text)
    TAMP_STAMP_IRQHandler                    0x08000303   Thumb Code     0  startup_stm32f407xx.o(.text)
    TIM1_BRK_TIM9_IRQHandler                 0x08000303   Thumb Code     0  startup_stm32f407xx.o(.text)
    TIM1_CC_IRQHandler                       0x08000303   Thumb Code     0  startup_stm32f407xx.o(.text)
    TIM1_TRG_COM_TIM11_IRQHandler            0x08000303   Thumb Code     0  startup_stm32f407xx.o(.text)
    TIM1_UP_TIM10_IRQHandler                 0x08000303   Thumb Code     0  startup_stm32f407xx.o(.text)
    TIM4_IRQHandler                          0x08000303   Thumb Code     0  startup_stm32f407xx.o(.text)
    TIM5_IRQHandler                          0x08000303   Thumb Code     0  startup_stm32f407xx.o(.text)
    TIM6_DAC_IRQHandler                      0x08000303   Thumb Code     0  startup_stm32f407xx.o(.text)
    TIM7_IRQHandler                          0x08000303   Thumb Code     0  startup_stm32f407xx.o(.text)
    TIM8_BRK_TIM12_IRQHandler                0x08000303   Thumb Code     0  startup_stm32f407xx.o(.text)
    TIM8_CC_IRQHandler                       0x08000303   Thumb Code     0  startup_stm32f407xx.o(.text)
    TIM8_UP_TIM13_IRQHandler                 0x08000303   Thumb Code     0  startup_stm32f407xx.o(.text)
    UART4_IRQHandler                         0x08000303   Thumb Code     0  startup_stm32f407xx.o(.text)
    UART5_IRQHandler                         0x08000303   Thumb Code     0  startup_stm32f407xx.o(.text)
    USART1_IRQHandler                        0x08000303   Thumb Code     0  startup_stm32f407xx.o(.text)
    USART2_IRQHandler                        0x08000303   Thumb Code     0  startup_stm32f407xx.o(.text)
    USART3_IRQHandler                        0x08000303   Thumb Code     0  startup_stm32f407xx.o(.text)
    USART6_IRQHandler                        0x08000303   Thumb Code     0  startup_stm32f407xx.o(.text)
    WWDG_IRQHandler                          0x08000303   Thumb Code     0  startup_stm32f407xx.o(.text)
    __user_initial_stackheap                 0x08000305   Thumb Code     0  startup_stm32f407xx.o(.text)
    __aeabi_uldivmod                         0x08000329   Thumb Code     0  lludivv7m.o(.text)
    _ll_udiv                                 0x08000329   Thumb Code   238  lludivv7m.o(.text)
    __aeabi_memcpy                           0x08000417   Thumb Code     0  rt_memcpy_v6.o(.text)
    __rt_memcpy                              0x08000417   Thumb Code   138  rt_memcpy_v6.o(.text)
    _memcpy_lastbytes                        0x0800047d   Thumb Code     0  rt_memcpy_v6.o(.text)
    __aeabi_memset                           0x080004a1   Thumb Code    16  aeabi_memset.o(.text)
    __aeabi_memclr4                          0x080004b1   Thumb Code     0  rt_memclr_w.o(.text)
    __aeabi_memclr8                          0x080004b1   Thumb Code     0  rt_memclr_w.o(.text)
    __rt_memclr_w                            0x080004b1   Thumb Code    78  rt_memclr_w.o(.text)
    _memset_w                                0x080004b5   Thumb Code     0  rt_memclr_w.o(.text)
    __use_two_region_memory                  0x080004ff   Thumb Code     2  heapauxi.o(.text)
    __rt_heap_escrow$2region                 0x08000501   Thumb Code     2  heapauxi.o(.text)
    __rt_heap_expand$2region                 0x08000503   Thumb Code     2  heapauxi.o(.text)
    __read_errno                             0x08000505   Thumb Code    10  _rserrno.o(.text)
    __set_errno                              0x0800050f   Thumb Code    12  _rserrno.o(.text)
    __aeabi_memcpy4                          0x0800051b   Thumb Code     0  rt_memcpy_w.o(.text)
    __aeabi_memcpy8                          0x0800051b   Thumb Code     0  rt_memcpy_w.o(.text)
    __rt_memcpy_w                            0x0800051b   Thumb Code   100  rt_memcpy_w.o(.text)
    _memcpy_lastbytes_aligned                0x08000563   Thumb Code     0  rt_memcpy_w.o(.text)
    __aeabi_memclr                           0x0800057f   Thumb Code     0  rt_memclr.o(.text)
    __rt_memclr                              0x0800057f   Thumb Code    68  rt_memclr.o(.text)
    _memset                                  0x08000583   Thumb Code     0  rt_memclr.o(.text)
    __aeabi_errno_addr                       0x080005c5   Thumb Code     8  rt_errno_addr_intlibspace.o(.text)
    __errno$intlibspace                      0x080005c5   Thumb Code     0  rt_errno_addr_intlibspace.o(.text)
    __rt_errno_addr$intlibspace              0x080005c5   Thumb Code     0  rt_errno_addr_intlibspace.o(.text)
    __user_libspace                          0x080005cd   Thumb Code     8  libspace.o(.text)
    __user_perproc_libspace                  0x080005cd   Thumb Code     0  libspace.o(.text)
    __user_perthread_libspace                0x080005cd   Thumb Code     0  libspace.o(.text)
    __user_setup_stackheap                   0x080005d5   Thumb Code    74  sys_stackheap_outer.o(.text)
    exit                                     0x0800061f   Thumb Code    18  exit.o(.text)
    _sys_exit                                0x08000631   Thumb Code     8  sys_exit.o(.text)
    __I$use$semihosting                      0x0800063d   Thumb Code     0  use_no_semi.o(.text)
    __use_no_semihosting_swi                 0x0800063d   Thumb Code     2  use_no_semi.o(.text)
    BusFault_Handler                         0x0800063f   Thumb Code     2  stm32f4xx_it.o(i.BusFault_Handler)
    __semihosting_library_function           0x0800063f   Thumb Code     0  indicate_semi.o(.text)
    Chassis_Init                             0x08000641   Thumb Code   152  chassis.o(i.Chassis_Init)
    Chassis_Moveto                           0x08000715   Thumb Code    82  chassis.o(i.Chassis_Moveto)
    Chassis_SetGyroData                      0x0800077d   Thumb Code    12  chassis.o(i.Chassis_SetGyroData)
    Chassis_SetHeadingLock                   0x0800078d   Thumb Code    22  chassis.o(i.Chassis_SetHeadingLock)
    Chassis_Update                           0x080007ad   Thumb Code   332  chassis.o(i.Chassis_Update)
    DMA1_Stream0_IRQHandler                  0x08000949   Thumb Code     6  stm32f4xx_it.o(i.DMA1_Stream0_IRQHandler)
    DMA1_Stream6_IRQHandler                  0x08000955   Thumb Code     6  stm32f4xx_it.o(i.DMA1_Stream6_IRQHandler)
    DebugMon_Handler                         0x08000a05   Thumb Code     2  stm32f4xx_it.o(i.DebugMon_Handler)
    Error_Handler                            0x08000a07   Thumb Code     4  main.o(i.Error_Handler)
    HAL_DMA_Abort_IT                         0x08000a0b   Thumb Code    36  stm32f4xx_hal_dma.o(i.HAL_DMA_Abort_IT)
    HAL_DMA_GetError                         0x08000a2f   Thumb Code     4  stm32f4xx_hal_dma.o(i.HAL_DMA_GetError)
    HAL_DMA_IRQHandler                       0x08000a35   Thumb Code   412  stm32f4xx_hal_dma.o(i.HAL_DMA_IRQHandler)
    HAL_DMA_Init                             0x08000bd5   Thumb Code   206  stm32f4xx_hal_dma.o(i.HAL_DMA_Init)
    HAL_DMA_Start_IT                         0x08000ca9   Thumb Code   110  stm32f4xx_hal_dma.o(i.HAL_DMA_Start_IT)
    HAL_Delay                                0x08000d19   Thumb Code    32  stm32f4xx_hal.o(i.HAL_Delay)
    HAL_GPIO_Init                            0x08000d3d   Thumb Code   450  stm32f4xx_hal_gpio.o(i.HAL_GPIO_Init)
    HAL_GPIO_WritePin                        0x08000f2d   Thumb Code    10  stm32f4xx_hal_gpio.o(i.HAL_GPIO_WritePin)
    HAL_GetTick                              0x08000f39   Thumb Code     6  stm32f4xx_hal.o(i.HAL_GetTick)
    HAL_I2C_ErrorCallback                    0x08000f45   Thumb Code     2  stm32f4xx_hal_i2c.o(i.HAL_I2C_ErrorCallback)
    HAL_I2C_Init                             0x08000f49   Thumb Code   376  stm32f4xx_hal_i2c.o(i.HAL_I2C_Init)
    HAL_I2C_MasterRxCpltCallback             0x080010d1   Thumb Code     2  stm32f4xx_hal_i2c.o(i.HAL_I2C_MasterRxCpltCallback)
    HAL_I2C_MemRxCpltCallback                0x080010d5   Thumb Code    16  stm32f4xx_it.o(i.HAL_I2C_MemRxCpltCallback)
    HAL_I2C_Mem_Read                         0x080010ed   Thumb Code   502  stm32f4xx_hal_i2c.o(i.HAL_I2C_Mem_Read)
    HAL_I2C_Mem_Read_DMA                     0x080012f1   Thumb Code   444  stm32f4xx_hal_i2c.o(i.HAL_I2C_Mem_Read_DMA)
    HAL_I2C_Mem_Write                        0x080014bd   Thumb Code   294  stm32f4xx_hal_i2c.o(i.HAL_I2C_Mem_Write)
    HAL_I2C_MspInit                          0x080015ed   Thumb Code   360  i2c.o(i.HAL_I2C_MspInit)
    HAL_I2C_SlaveRxCpltCallback              0x08001779   Thumb Code     2  stm32f4xx_hal_i2c.o(i.HAL_I2C_SlaveRxCpltCallback)
    HAL_I2C_SlaveTxCpltCallback              0x0800177b   Thumb Code     2  stm32f4xx_hal_i2c.o(i.HAL_I2C_SlaveTxCpltCallback)
    HAL_IncTick                              0x0800177d   Thumb Code    12  stm32f4xx_hal.o(i.HAL_IncTick)
    HAL_Init                                 0x0800178d   Thumb Code    48  stm32f4xx_hal.o(i.HAL_Init)
    HAL_InitTick                             0x080017c1   Thumb Code   132  stm32f4xx_hal_timebase_tim.o(i.HAL_InitTick)
    HAL_MspInit                              0x08001859   Thumb Code    52  stm32f4xx_hal_msp.o(i.HAL_MspInit)
    HAL_NVIC_EnableIRQ                       0x08001891   Thumb Code    26  stm32f4xx_hal_cortex.o(i.HAL_NVIC_EnableIRQ)
    HAL_NVIC_SetPriority                     0x080018ad   Thumb Code    60  stm32f4xx_hal_cortex.o(i.HAL_NVIC_SetPriority)
    HAL_NVIC_SetPriorityGrouping             0x080018ed   Thumb Code    26  stm32f4xx_hal_cortex.o(i.HAL_NVIC_SetPriorityGrouping)
    HAL_RCC_ClockConfig                      0x08001911   Thumb Code   288  stm32f4xx_hal_rcc.o(i.HAL_RCC_ClockConfig)
    HAL_RCC_GetClockConfig                   0x08001a45   Thumb Code    54  stm32f4xx_hal_rcc.o(i.HAL_RCC_GetClockConfig)
    HAL_RCC_GetPCLK1Freq                     0x08001a85   Thumb Code    20  stm32f4xx_hal_rcc.o(i.HAL_RCC_GetPCLK1Freq)
    HAL_RCC_GetPCLK2Freq                     0x08001aa5   Thumb Code    20  stm32f4xx_hal_rcc.o(i.HAL_RCC_GetPCLK2Freq)
    HAL_RCC_GetSysClockFreq                  0x08001ac5   Thumb Code    88  stm32f4xx_hal_rcc.o(i.HAL_RCC_GetSysClockFreq)
    HAL_RCC_OscConfig                        0x08001b25   Thumb Code   856  stm32f4xx_hal_rcc.o(i.HAL_RCC_OscConfig)
    HAL_TIMEx_BreakCallback                  0x08001e91   Thumb Code     2  stm32f4xx_hal_tim_ex.o(i.HAL_TIMEx_BreakCallback)
    HAL_TIMEx_CommutCallback                 0x08001e93   Thumb Code     2  stm32f4xx_hal_tim_ex.o(i.HAL_TIMEx_CommutCallback)
    HAL_TIMEx_MasterConfigSynchronization    0x08001e95   Thumb Code   116  stm32f4xx_hal_tim_ex.o(i.HAL_TIMEx_MasterConfigSynchronization)
    HAL_TIM_Base_Init                        0x08001f25   Thumb Code    90  stm32f4xx_hal_tim.o(i.HAL_TIM_Base_Init)
    HAL_TIM_Base_MspInit                     0x08001f7f   Thumb Code     2  stm32f4xx_hal_tim.o(i.HAL_TIM_Base_MspInit)
    HAL_TIM_Base_Start_IT                    0x08001f81   Thumb Code   100  stm32f4xx_hal_tim.o(i.HAL_TIM_Base_Start_IT)
    HAL_TIM_IC_CaptureCallback               0x08002001   Thumb Code     2  stm32f4xx_hal_tim.o(i.HAL_TIM_IC_CaptureCallback)
    HAL_TIM_IRQHandler                       0x08002003   Thumb Code   304  stm32f4xx_hal_tim.o(i.HAL_TIM_IRQHandler)
    HAL_TIM_MspPostInit                      0x08002135   Thumb Code   212  tim.o(i.HAL_TIM_MspPostInit)
    HAL_TIM_OC_DelayElapsedCallback          0x08002229   Thumb Code     2  stm32f4xx_hal_tim.o(i.HAL_TIM_OC_DelayElapsedCallback)
    HAL_TIM_PWM_ConfigChannel                0x0800222b   Thumb Code   204  stm32f4xx_hal_tim.o(i.HAL_TIM_PWM_ConfigChannel)
    HAL_TIM_PWM_Init                         0x080022f7   Thumb Code    90  stm32f4xx_hal_tim.o(i.HAL_TIM_PWM_Init)
    HAL_TIM_PWM_MspInit                      0x08002351   Thumb Code   122  tim.o(i.HAL_TIM_PWM_MspInit)
    HAL_TIM_PWM_PulseFinishedCallback        0x080023e1   Thumb Code     2  stm32f4xx_hal_tim.o(i.HAL_TIM_PWM_PulseFinishedCallback)
    HAL_TIM_PWM_Start                        0x080023e5   Thumb Code   172  stm32f4xx_hal_tim.o(i.HAL_TIM_PWM_Start)
    HAL_TIM_PeriodElapsedCallback            0x080024ad   Thumb Code    14  main.o(i.HAL_TIM_PeriodElapsedCallback)
    HAL_TIM_TriggerCallback                  0x080024c1   Thumb Code     2  stm32f4xx_hal_tim.o(i.HAL_TIM_TriggerCallback)
    HAL_UART_Init                            0x080024c3   Thumb Code   100  stm32f4xx_hal_uart.o(i.HAL_UART_Init)
    HAL_UART_MspInit                         0x08002529   Thumb Code   202  usart.o(i.HAL_UART_MspInit)
    HardFault_Handler                        0x0800260d   Thumb Code     2  stm32f4xx_it.o(i.HardFault_Handler)
    MPU6050_Init                             0x08002ca5   Thumb Code   102  mpu6050.o(i.MPU6050_Init)
    MPU6050_ProcessData                      0x08002d11   Thumb Code   126  mpu6050.o(i.MPU6050_ProcessData)
    MPU6050_ReadGyro_DMA                     0x08002da5   Thumb Code    22  mpu6050.o(i.MPU6050_ReadGyro_DMA)
    MPU6050_UpdateTemperature                0x08002dc1   Thumb Code    90  mpu6050.o(i.MPU6050_UpdateTemperature)
    MX_DMA_Init                              0x08002e2d   Thumb Code    56  dma.o(i.MX_DMA_Init)
    MX_FREERTOS_Init                         0x08002e69   Thumb Code    54  freertos.o(i.MX_FREERTOS_Init)
    MX_GPIO_Init                             0x08002eb5   Thumb Code   244  gpio.o(i.MX_GPIO_Init)
    MX_I2C1_Init                             0x08002fb9   Thumb Code    50  i2c.o(i.MX_I2C1_Init)
    MX_I2C2_Init                             0x08002ff9   Thumb Code    50  i2c.o(i.MX_I2C2_Init)
    MX_I2C3_Init                             0x08003039   Thumb Code    50  i2c.o(i.MX_I2C3_Init)
    MX_TIM2_Init                             0x08003079   Thumb Code   108  tim.o(i.MX_TIM2_Init)
    MX_TIM3_Init                             0x080030e9   Thumb Code   106  tim.o(i.MX_TIM3_Init)
    MX_TIM4_Init                             0x0800315d   Thumb Code   106  tim.o(i.MX_TIM4_Init)
    MX_TIM5_Init                             0x080031d1   Thumb Code   148  tim.o(i.MX_TIM5_Init)
    MX_TIM9_Init                             0x0800326d   Thumb Code    96  tim.o(i.MX_TIM9_Init)
    MX_USART2_UART_Init                      0x080032d5   Thumb Code    48  usart.o(i.MX_USART2_UART_Init)
    MX_USART3_UART_Init                      0x0800330d   Thumb Code    48  usart.o(i.MX_USART3_UART_Init)
    MX_USART6_UART_Init                      0x08003345   Thumb Code    48  usart.o(i.MX_USART6_UART_Init)
    MX_USB_OTG_FS_USB_Init                   0x0800337d   Thumb Code     2  usb_otg.o(i.MX_USB_OTG_FS_USB_Init)
    MemManage_Handler                        0x0800337f   Thumb Code     2  stm32f4xx_it.o(i.MemManage_Handler)
    Motor_Init                               0x08003381   Thumb Code   124  motor.o(i.Motor_Init)
    NMI_Handler                              0x080033fd   Thumb Code     2  stm32f4xx_it.o(i.NMI_Handler)
    StartDefaultTask                         0x08003401   Thumb Code    48  freertos.o(i.StartDefaultTask)
    StartGyroTask                            0x08003439   Thumb Code    56  freertos.o(i.StartGyroTask)
    Stepper_SetSpeed                         0x08003479   Thumb Code   134  motor.o(i.Stepper_SetSpeed)
    Stepper_SetWheelSpeed                    0x0800350d   Thumb Code    28  motor.o(i.Stepper_SetWheelSpeed)
    SysTick_Handler                          0x0800352d   Thumb Code    26  cmsis_os2.o(i.SysTick_Handler)
    SystemClock_Config                       0x08003549   Thumb Code   140  main.o(i.SystemClock_Config)
    SystemInit                               0x080035dd   Thumb Code    12  system_stm32f4xx_1.o(i.SystemInit)
    TIM2_IRQHandler                          0x080035ed   Thumb Code     6  stm32f4xx_it.o(i.TIM2_IRQHandler)
    TIM3_IRQHandler                          0x080035f9   Thumb Code     6  stm32f4xx_it.o(i.TIM3_IRQHandler)
    TIM8_TRG_COM_TIM14_IRQHandler            0x08003605   Thumb Code     6  stm32f4xx_it.o(i.TIM8_TRG_COM_TIM14_IRQHandler)
    TIM_Base_SetConfig                       0x08003611   Thumb Code   164  stm32f4xx_hal_tim.o(i.TIM_Base_SetConfig)
    TIM_CCxChannelCmd                        0x080036e1   Thumb Code    26  stm32f4xx_hal_tim.o(i.TIM_CCxChannelCmd)
    TIM_OC2_SetConfig                        0x0800375d   Thumb Code    98  stm32f4xx_hal_tim.o(i.TIM_OC2_SetConfig)
    TrapPlan_Init                            0x08003899   Thumb Code    56  trap_plan.o(i.TrapPlan_Init)
    TrapPlan_IsDone                          0x080038d1   Thumb Code    16  trap_plan.o(i.TrapPlan_IsDone)
    TrapPlan_SetTarget                       0x080038e1   Thumb Code   186  trap_plan.o(i.TrapPlan_SetTarget)
    TrapPlan_Stop                            0x080039a5   Thumb Code    22  trap_plan.o(i.TrapPlan_Stop)
    TrapPlan_Update                          0x080039c1   Thumb Code   398  trap_plan.o(i.TrapPlan_Update)
    UsageFault_Handler                       0x08003c65   Thumb Code     2  stm32f4xx_it.o(i.UsageFault_Handler)
    __hardfp_sqrtf                           0x08003c87   Thumb Code    58  sqrtf.o(i.__hardfp_sqrtf)
    main                                     0x08003ce1   Thumb Code    86  main.o(i.main)
    osDelay                                  0x08003e1f   Thumb Code    26  cmsis_os2.o(i.osDelay)
    osKernelInitialize                       0x08003e39   Thumb Code    32  cmsis_os2.o(i.osKernelInitialize)
    osKernelStart                            0x08003e5d   Thumb Code    48  cmsis_os2.o(i.osKernelStart)
    osThreadNew                              0x08003e95   Thumb Code   138  cmsis_os2.o(i.osThreadNew)
    osTimerNew                               0x08003f21   Thumb Code   116  cmsis_os2.o(i.osTimerNew)
    osTimerStart                             0x08003f99   Thumb Code    50  cmsis_os2.o(i.osTimerStart)
    pvPortMalloc                             0x080047b1   Thumb Code   216  heap_4.o(i.pvPortMalloc)
    pvTimerGetTimerID                        0x0800488d   Thumb Code    36  timers.o(i.pvTimerGetTimerID)
    pxPortInitialiseStack                    0x080048b1   Thumb Code    40  port.o(i.pxPortInitialiseStack)
    uxListRemove                             0x080048dd   Thumb Code    38  list.o(i.uxListRemove)
    vApplicationGetIdleTaskMemory            0x08004905   Thumb Code    16  cmsis_os2.o(i.vApplicationGetIdleTaskMemory)
    vApplicationGetTimerTaskMemory           0x08004919   Thumb Code    18  cmsis_os2.o(i.vApplicationGetTimerTaskMemory)
    vListInitialise                          0x08004931   Thumb Code    22  list.o(i.vListInitialise)
    vListInitialiseItem                      0x08004947   Thumb Code     6  list.o(i.vListInitialiseItem)
    vListInsert                              0x0800494d   Thumb Code    48  list.o(i.vListInsert)
    vListInsertEnd                           0x0800497d   Thumb Code    24  list.o(i.vListInsertEnd)
    vPortEnterCritical                       0x08004995   Thumb Code    54  port.o(i.vPortEnterCritical)
    vPortExitCritical                        0x080049d5   Thumb Code    34  port.o(i.vPortExitCritical)
    vPortFree                                0x080049fd   Thumb Code    94  heap_4.o(i.vPortFree)
    vPortSetupTimerInterrupt                 0x08004a61   Thumb Code    32  port.o(i.vPortSetupTimerInterrupt)
    vPortValidateInterruptPriority           0x08004a85   Thumb Code    74  port.o(i.vPortValidateInterruptPriority)
    vQueueAddToRegistry                      0x08004ad9   Thumb Code    34  queue.o(i.vQueueAddToRegistry)
    vQueueWaitForMessageRestricted           0x08004b01   Thumb Code    68  queue.o(i.vQueueWaitForMessageRestricted)
    vTaskDelay                               0x08004b45   Thumb Code    66  tasks.o(i.vTaskDelay)
    vTaskInternalSetTimeOutState             0x08004b91   Thumb Code    12  tasks.o(i.vTaskInternalSetTimeOutState)
    vTaskMissedYield                         0x08004ba1   Thumb Code     8  tasks.o(i.vTaskMissedYield)
    vTaskPlaceOnEventList                    0x08004bad   Thumb Code    44  tasks.o(i.vTaskPlaceOnEventList)
    vTaskPlaceOnEventListRestricted          0x08004bdd   Thumb Code    52  tasks.o(i.vTaskPlaceOnEventListRestricted)
    vTaskStartScheduler                      0x08004c15   Thumb Code   118  tasks.o(i.vTaskStartScheduler)
    vTaskSuspendAll                          0x08004c9d   Thumb Code    10  tasks.o(i.vTaskSuspendAll)
    vTaskSwitchContext                       0x08004cad   Thumb Code    90  tasks.o(i.vTaskSwitchContext)
    xPortStartScheduler                      0x08004d11   Thumb Code   222  port.o(i.xPortStartScheduler)
    xPortSysTickHandler                      0x08004e05   Thumb Code    38  port.o(i.xPortSysTickHandler)
    xQueueGenericCreateStatic                0x08004e31   Thumb Code   102  queue.o(i.xQueueGenericCreateStatic)
    xQueueGenericReset                       0x08004e99   Thumb Code   132  queue.o(i.xQueueGenericReset)
    xQueueGenericSend                        0x08004f21   Thumb Code   346  queue.o(i.xQueueGenericSend)
    xQueueGenericSendFromISR                 0x08005081   Thumb Code   190  queue.o(i.xQueueGenericSendFromISR)
    xQueueReceive                            0x08005141   Thumb Code   308  queue.o(i.xQueueReceive)
    xTaskCheckForTimeOut                     0x08005279   Thumb Code   112  tasks.o(i.xTaskCheckForTimeOut)
    xTaskCreate                              0x080052ed   Thumb Code    90  tasks.o(i.xTaskCreate)
    xTaskCreateStatic                        0x08005347   Thumb Code    86  tasks.o(i.xTaskCreateStatic)
    xTaskGetSchedulerState                   0x0800539d   Thumb Code    22  tasks.o(i.xTaskGetSchedulerState)
    xTaskGetTickCount                        0x080053b9   Thumb Code     6  tasks.o(i.xTaskGetTickCount)
    xTaskIncrementTick                       0x080053c5   Thumb Code   192  tasks.o(i.xTaskIncrementTick)
    xTaskPriorityDisinherit                  0x0800548d   Thumb Code   118  tasks.o(i.xTaskPriorityDisinherit)
    xTaskRemoveFromEventList                 0x0800550d   Thumb Code    98  tasks.o(i.xTaskRemoveFromEventList)
    xTaskResumeAll                           0x0800557d   Thumb Code   182  tasks.o(i.xTaskResumeAll)
    xTimerCreate                             0x08005641   Thumb Code    52  timers.o(i.xTimerCreate)
    xTimerCreateStatic                       0x08005675   Thumb Code    46  timers.o(i.xTimerCreateStatic)
    xTimerCreateTimerTask                    0x080056a5   Thumb Code    78  timers.o(i.xTimerCreateTimerTask)
    xTimerGenericCommand                     0x08005705   Thumb Code    98  timers.o(i.xTimerGenericCommand)
    _fp_init                                 0x0800576d   Thumb Code    10  fpinit.o(x$fpl$fpinit)
    __fplib_config_fpu_vfp                   0x08005775   Thumb Code     0  fpinit.o(x$fpl$fpinit)
    __fplib_config_pureend_doubles           0x08005775   Thumb Code     0  fpinit.o(x$fpl$fpinit)
    __I$use$fp                               0x08005776   Number         0  usenofp.o(x$fpl$usenofp)
    defaultTask_attributes                   0x08005778   Data          36  freertos.o(.constdata)
    controlTimer_attributes                  0x0800579c   Data          16  freertos.o(.constdata)
    gyroTask_attributes                      0x080057ac   Data          36  freertos.o(.constdata)
    AHBPrescTable                            0x080057d8   Data          16  system_stm32f4xx_1.o(.constdata)
    APBPrescTable                            0x080057e8   Data           8  system_stm32f4xx_1.o(.constdata)
    Region$$Table$$Base                      0x08005818   Number         0  anon$$obj.o(Region$$Table)
    Region$$Table$$Limit                     0x08005838   Number         0  anon$$obj.o(Region$$Table)
    defaultTaskHandle                        0x20000000   Data           4  freertos.o(.data)
    controlTimerHandle                       0x20000004   Data           4  freertos.o(.data)
    gyroTaskHandle                           0x20000008   Data           4  freertos.o(.data)
    g_gyro_z_bias_dps                        0x20000020   Data           4  mpu6050.o(.data)
    uwTickFreq                               0x20000038   Data           1  stm32f4xx_hal.o(.data)
    uwTickPrio                               0x2000003c   Data           4  stm32f4xx_hal.o(.data)
    uwTick                                   0x20000040   Data           4  stm32f4xx_hal.o(.data)
    SystemCoreClock                          0x20000044   Data           4  system_stm32f4xx_1.o(.data)
    pxCurrentTCB                             0x20000048   Data           4  tasks.o(.data)
    hi2c1                                    0x200000c8   Data          84  i2c.o(.bss)
    hi2c2                                    0x2000011c   Data          84  i2c.o(.bss)
    hi2c3                                    0x20000170   Data          84  i2c.o(.bss)
    hdma_i2c1_rx                             0x200001c4   Data          96  i2c.o(.bss)
    hdma_i2c1_tx                             0x20000224   Data          96  i2c.o(.bss)
    htim2                                    0x20000284   Data          72  tim.o(.bss)
    htim3                                    0x200002cc   Data          72  tim.o(.bss)
    htim4                                    0x20000314   Data          72  tim.o(.bss)
    htim5                                    0x2000035c   Data          72  tim.o(.bss)
    htim9                                    0x200003a4   Data          72  tim.o(.bss)
    huart2                                   0x200003ec   Data          72  usart.o(.bss)
    huart3                                   0x20000434   Data          72  usart.o(.bss)
    huart6                                   0x2000047c   Data          72  usart.o(.bss)
    htim14                                   0x200004c4   Data          72  stm32f4xx_hal_timebase_tim.o(.bss)
    g_motor_left                             0x2000054c   Data          36  motor.o(.bss)
    g_motor_right                            0x20000570   Data          36  motor.o(.bss)
    g_mpu6050_data                           0x20000594   Data          24  mpu6050.o(.bss)
    xQueueRegistry                           0x200005ac   Data          64  queue.o(.bss)
    __libspace_start                         0x20004e80   Data          96  libspace.o(.bss)
    __temporary_stack_top$libspace           0x20004ee0   Data           0  libspace.o(.bss)



==============================================================================

Memory Map of the image

  Image Entry point : 0x08000189

  Load Region LR_IROM1 (Base: 0x08000000, Size: 0x00005900, Max: 0x00100000, ABSOLUTE)

    Execution Region ER_IROM1 (Exec base: 0x08000000, Load base: 0x08000000, Size: 0x00005838, Max: 0x00100000, ABSOLUTE)

    Exec Addr    Load Addr    Size         Type   Attr      Idx    E Section Name        Object

    0x08000000   0x08000000   0x00000188   Data   RO            3    RESET               startup_stm32f407xx.o
    0x08000188   0x08000188   0x00000008   Code   RO         5703  * !!!main             c_w.l(__main.o)
    0x08000190   0x08000190   0x00000034   Code   RO         5894    !!!scatter          c_w.l(__scatter.o)
    0x080001c4   0x080001c4   0x0000001a   Code   RO         5896    !!handler_copy      c_w.l(__scatter_copy.o)
    0x080001de   0x080001de   0x00000002   PAD
    0x080001e0   0x080001e0   0x0000001c   Code   RO         5898    !!handler_zi        c_w.l(__scatter_zi.o)
    0x080001fc   0x080001fc   0x00000002   Code   RO         5767    .ARM.Collect$$libinit$$00000000  c_w.l(libinit.o)
    0x080001fe   0x080001fe   0x00000004   Code   RO         5776    .ARM.Collect$$libinit$$00000001  c_w.l(libinit2.o)
    0x08000202   0x08000202   0x00000000   Code   RO         5779    .ARM.Collect$$libinit$$00000004  c_w.l(libinit2.o)
    0x08000202   0x08000202   0x00000000   Code   RO         5782    .ARM.Collect$$libinit$$0000000A  c_w.l(libinit2.o)
    0x08000202   0x08000202   0x00000000   Code   RO         5784    .ARM.Collect$$libinit$$0000000C  c_w.l(libinit2.o)
    0x08000202   0x08000202   0x00000000   Code   RO         5786    .ARM.Collect$$libinit$$0000000E  c_w.l(libinit2.o)
    0x08000202   0x08000202   0x00000000   Code   RO         5789    .ARM.Collect$$libinit$$00000011  c_w.l(libinit2.o)
    0x08000202   0x08000202   0x00000000   Code   RO         5791    .ARM.Collect$$libinit$$00000013  c_w.l(libinit2.o)
    0x08000202   0x08000202   0x00000000   Code   RO         5793    .ARM.Collect$$libinit$$00000015  c_w.l(libinit2.o)
    0x08000202   0x08000202   0x00000000   Code   RO         5795    .ARM.Collect$$libinit$$00000017  c_w.l(libinit2.o)
    0x08000202   0x08000202   0x00000000   Code   RO         5797    .ARM.Collect$$libinit$$00000019  c_w.l(libinit2.o)
    0x08000202   0x08000202   0x00000000   Code   RO         5799    .ARM.Collect$$libinit$$0000001B  c_w.l(libinit2.o)
    0x08000202   0x08000202   0x00000000   Code   RO         5801    .ARM.Collect$$libinit$$0000001D  c_w.l(libinit2.o)
    0x08000202   0x08000202   0x00000000   Code   RO         5803    .ARM.Collect$$libinit$$0000001F  c_w.l(libinit2.o)
    0x08000202   0x08000202   0x00000000   Code   RO         5805    .ARM.Collect$$libinit$$00000021  c_w.l(libinit2.o)
    0x08000202   0x08000202   0x00000000   Code   RO         5807    .ARM.Collect$$libinit$$00000023  c_w.l(libinit2.o)
    0x08000202   0x08000202   0x00000000   Code   RO         5809    .ARM.Collect$$libinit$$00000025  c_w.l(libinit2.o)
    0x08000202   0x08000202   0x00000000   Code   RO         5813    .ARM.Collect$$libinit$$0000002C  c_w.l(libinit2.o)
    0x08000202   0x08000202   0x00000000   Code   RO         5815    .ARM.Collect$$libinit$$0000002E  c_w.l(libinit2.o)
    0x08000202   0x08000202   0x00000000   Code   RO         5817    .ARM.Collect$$libinit$$00000030  c_w.l(libinit2.o)
    0x08000202   0x08000202   0x00000000   Code   RO         5819    .ARM.Collect$$libinit$$00000032  c_w.l(libinit2.o)
    0x08000202   0x08000202   0x00000002   Code   RO         5820    .ARM.Collect$$libinit$$00000033  c_w.l(libinit2.o)
    0x08000204   0x08000204   0x00000002   Code   RO         5851    .ARM.Collect$$libshutdown$$00000000  c_w.l(libshutdown.o)
    0x08000206   0x08000206   0x00000000   Code   RO         5877    .ARM.Collect$$libshutdown$$00000002  c_w.l(libshutdown2.o)
    0x08000206   0x08000206   0x00000000   Code   RO         5879    .ARM.Collect$$libshutdown$$00000004  c_w.l(libshutdown2.o)
    0x08000206   0x08000206   0x00000000   Code   RO         5882    .ARM.Collect$$libshutdown$$00000007  c_w.l(libshutdown2.o)
    0x08000206   0x08000206   0x00000000   Code   RO         5885    .ARM.Collect$$libshutdown$$0000000A  c_w.l(libshutdown2.o)
    0x08000206   0x08000206   0x00000000   Code   RO         5887    .ARM.Collect$$libshutdown$$0000000C  c_w.l(libshutdown2.o)
    0x08000206   0x08000206   0x00000000   Code   RO         5890    .ARM.Collect$$libshutdown$$0000000F  c_w.l(libshutdown2.o)
    0x08000206   0x08000206   0x00000002   Code   RO         5891    .ARM.Collect$$libshutdown$$00000010  c_w.l(libshutdown2.o)
    0x08000208   0x08000208   0x00000000   Code   RO         5717    .ARM.Collect$$rtentry$$00000000  c_w.l(__rtentry.o)
    0x08000208   0x08000208   0x00000000   Code   RO         5730    .ARM.Collect$$rtentry$$00000002  c_w.l(__rtentry2.o)
    0x08000208   0x08000208   0x00000006   Code   RO         5742    .ARM.Collect$$rtentry$$00000004  c_w.l(__rtentry4.o)
    0x0800020e   0x0800020e   0x00000000   Code   RO         5732    .ARM.Collect$$rtentry$$00000009  c_w.l(__rtentry2.o)
    0x0800020e   0x0800020e   0x00000004   Code   RO         5733    .ARM.Collect$$rtentry$$0000000A  c_w.l(__rtentry2.o)
    0x08000212   0x08000212   0x00000000   Code   RO         5735    .ARM.Collect$$rtentry$$0000000C  c_w.l(__rtentry2.o)
    0x08000212   0x08000212   0x00000008   Code   RO         5736    .ARM.Collect$$rtentry$$0000000D  c_w.l(__rtentry2.o)
    0x0800021a   0x0800021a   0x00000002   Code   RO         5768    .ARM.Collect$$rtexit$$00000000  c_w.l(rtexit.o)
    0x0800021c   0x0800021c   0x00000000   Code   RO         5824    .ARM.Collect$$rtexit$$00000002  c_w.l(rtexit2.o)
    0x0800021c   0x0800021c   0x00000004   Code   RO         5825    .ARM.Collect$$rtexit$$00000003  c_w.l(rtexit2.o)
    0x08000220   0x08000220   0x00000006   Code   RO         5826    .ARM.Collect$$rtexit$$00000004  c_w.l(rtexit2.o)
    0x08000226   0x08000226   0x00000002   PAD
    0x08000228   0x08000228   0x000000be   Code   RO         5612    .emb_text           port.o
    0x080002e6   0x080002e6   0x00000002   PAD
    0x080002e8   0x080002e8   0x00000040   Code   RO            4    .text               startup_stm32f407xx.o
    0x08000328   0x08000328   0x000000ee   Code   RO         5691    .text               c_w.l(lludivv7m.o)
    0x08000416   0x08000416   0x0000008a   Code   RO         5693    .text               c_w.l(rt_memcpy_v6.o)
    0x080004a0   0x080004a0   0x00000010   Code   RO         5697    .text               c_w.l(aeabi_memset.o)
    0x080004b0   0x080004b0   0x0000004e   Code   RO         5699    .text               c_w.l(rt_memclr_w.o)
    0x080004fe   0x080004fe   0x00000006   Code   RO         5701    .text               c_w.l(heapauxi.o)
    0x08000504   0x08000504   0x00000016   Code   RO         5722    .text               c_w.l(_rserrno.o)
    0x0800051a   0x0800051a   0x00000064   Code   RO         5724    .text               c_w.l(rt_memcpy_w.o)
    0x0800057e   0x0800057e   0x00000044   Code   RO         5726    .text               c_w.l(rt_memclr.o)
    0x080005c2   0x080005c2   0x00000002   PAD
    0x080005c4   0x080005c4   0x00000008   Code   RO         5749    .text               c_w.l(rt_errno_addr_intlibspace.o)
    0x080005cc   0x080005cc   0x00000008   Code   RO         5751    .text               c_w.l(libspace.o)
    0x080005d4   0x080005d4   0x0000004a   Code   RO         5754    .text               c_w.l(sys_stackheap_outer.o)
    0x0800061e   0x0800061e   0x00000012   Code   RO         5756    .text               c_w.l(exit.o)
    0x08000630   0x08000630   0x0000000c   Code   RO         5821    .text               c_w.l(sys_exit.o)
    0x0800063c   0x0800063c   0x00000002   Code   RO         5840    .text               c_w.l(use_no_semi.o)
    0x0800063e   0x0800063e   0x00000000   Code   RO         5842    .text               c_w.l(indicate_semi.o)
    0x0800063e   0x0800063e   0x00000002   Code   RO          535    i.BusFault_Handler  stm32f4xx_it.o
    0x08000640   0x08000640   0x000000d4   Code   RO          692    i.Chassis_Init      chassis.o
    0x08000714   0x08000714   0x00000068   Code   RO          696    i.Chassis_Moveto    chassis.o
    0x0800077c   0x0800077c   0x00000010   Code   RO          698    i.Chassis_SetGyroData  chassis.o
    0x0800078c   0x0800078c   0x00000020   Code   RO          699    i.Chassis_SetHeadingLock  chassis.o
    0x080007ac   0x080007ac   0x00000198   Code   RO          701    i.Chassis_Update    chassis.o
    0x08000944   0x08000944   0x00000004   Code   RO          240    i.ControlTimerCallback  freertos.o
    0x08000948   0x08000948   0x0000000c   Code   RO          536    i.DMA1_Stream0_IRQHandler  stm32f4xx_it.o
    0x08000954   0x08000954   0x0000000c   Code   RO          537    i.DMA1_Stream6_IRQHandler  stm32f4xx_it.o
    0x08000960   0x08000960   0x00000028   Code   RO         2393    i.DMA_CalcBaseAndBitshift  stm32f4xx_hal_dma.o
    0x08000988   0x08000988   0x00000054   Code   RO         2394    i.DMA_CheckFifoParam  stm32f4xx_hal_dma.o
    0x080009dc   0x080009dc   0x00000028   Code   RO         2395    i.DMA_SetConfig     stm32f4xx_hal_dma.o
    0x08000a04   0x08000a04   0x00000002   Code   RO          538    i.DebugMon_Handler  stm32f4xx_it.o
    0x08000a06   0x08000a06   0x00000004   Code   RO           13    i.Error_Handler     main.o
    0x08000a0a   0x08000a0a   0x00000024   Code   RO         2397    i.HAL_DMA_Abort_IT  stm32f4xx_hal_dma.o
    0x08000a2e   0x08000a2e   0x00000004   Code   RO         2399    i.HAL_DMA_GetError  stm32f4xx_hal_dma.o
    0x08000a32   0x08000a32   0x00000002   PAD
    0x08000a34   0x08000a34   0x000001a0   Code   RO         2401    i.HAL_DMA_IRQHandler  stm32f4xx_hal_dma.o
    0x08000bd4   0x08000bd4   0x000000d4   Code   RO         2402    i.HAL_DMA_Init      stm32f4xx_hal_dma.o
    0x08000ca8   0x08000ca8   0x0000006e   Code   RO         2406    i.HAL_DMA_Start_IT  stm32f4xx_hal_dma.o
    0x08000d16   0x08000d16   0x00000002   PAD
    0x08000d18   0x08000d18   0x00000024   Code   RO         2833    i.HAL_Delay         stm32f4xx_hal.o
    0x08000d3c   0x08000d3c   0x000001f0   Code   RO         2289    i.HAL_GPIO_Init     stm32f4xx_hal_gpio.o
    0x08000f2c   0x08000f2c   0x0000000a   Code   RO         2293    i.HAL_GPIO_WritePin  stm32f4xx_hal_gpio.o
    0x08000f36   0x08000f36   0x00000002   PAD
    0x08000f38   0x08000f38   0x0000000c   Code   RO         2839    i.HAL_GetTick       stm32f4xx_hal.o
    0x08000f44   0x08000f44   0x00000002   Code   RO         3091    i.HAL_I2C_ErrorCallback  stm32f4xx_hal_i2c.o
    0x08000f46   0x08000f46   0x00000002   PAD
    0x08000f48   0x08000f48   0x00000188   Code   RO         3095    i.HAL_I2C_Init      stm32f4xx_hal_i2c.o
    0x080010d0   0x080010d0   0x00000002   Code   RO         3098    i.HAL_I2C_MasterRxCpltCallback  stm32f4xx_hal_i2c.o
    0x080010d2   0x080010d2   0x00000002   PAD
    0x080010d4   0x080010d4   0x00000018   Code   RO          539    i.HAL_I2C_MemRxCpltCallback  stm32f4xx_it.o
    0x080010ec   0x080010ec   0x00000204   Code   RO         3113    i.HAL_I2C_Mem_Read  stm32f4xx_hal_i2c.o
    0x080012f0   0x080012f0   0x000001cc   Code   RO         3114    i.HAL_I2C_Mem_Read_DMA  stm32f4xx_hal_i2c.o
    0x080014bc   0x080014bc   0x00000130   Code   RO         3116    i.HAL_I2C_Mem_Write  stm32f4xx_hal_i2c.o
    0x080015ec   0x080015ec   0x0000018c   Code   RO          332    i.HAL_I2C_MspInit   i2c.o
    0x08001778   0x08001778   0x00000002   Code   RO         3121    i.HAL_I2C_SlaveRxCpltCallback  stm32f4xx_hal_i2c.o
    0x0800177a   0x0800177a   0x00000002   Code   RO         3122    i.HAL_I2C_SlaveTxCpltCallback  stm32f4xx_hal_i2c.o
    0x0800177c   0x0800177c   0x00000010   Code   RO         2845    i.HAL_IncTick       stm32f4xx_hal.o
    0x0800178c   0x0800178c   0x00000034   Code   RO         2846    i.HAL_Init          stm32f4xx_hal.o
    0x080017c0   0x080017c0   0x00000098   Code   RO          653    i.HAL_InitTick      stm32f4xx_hal_timebase_tim.o
    0x08001858   0x08001858   0x00000038   Code   RO          629    i.HAL_MspInit       stm32f4xx_hal_msp.o
    0x08001890   0x08001890   0x0000001a   Code   RO         2681    i.HAL_NVIC_EnableIRQ  stm32f4xx_hal_cortex.o
    0x080018aa   0x080018aa   0x00000002   PAD
    0x080018ac   0x080018ac   0x00000040   Code   RO         2687    i.HAL_NVIC_SetPriority  stm32f4xx_hal_cortex.o
    0x080018ec   0x080018ec   0x00000024   Code   RO         2688    i.HAL_NVIC_SetPriorityGrouping  stm32f4xx_hal_cortex.o
    0x08001910   0x08001910   0x00000134   Code   RO         1935    i.HAL_RCC_ClockConfig  stm32f4xx_hal_rcc.o
    0x08001a44   0x08001a44   0x00000040   Code   RO         1939    i.HAL_RCC_GetClockConfig  stm32f4xx_hal_rcc.o
    0x08001a84   0x08001a84   0x00000020   Code   RO         1942    i.HAL_RCC_GetPCLK1Freq  stm32f4xx_hal_rcc.o
    0x08001aa4   0x08001aa4   0x00000020   Code   RO         1943    i.HAL_RCC_GetPCLK2Freq  stm32f4xx_hal_rcc.o
    0x08001ac4   0x08001ac4   0x00000060   Code   RO         1944    i.HAL_RCC_GetSysClockFreq  stm32f4xx_hal_rcc.o
    0x08001b24   0x08001b24   0x0000036c   Code   RO         1947    i.HAL_RCC_OscConfig  stm32f4xx_hal_rcc.o
    0x08001e90   0x08001e90   0x00000002   Code   RO         1667    i.HAL_TIMEx_BreakCallback  stm32f4xx_hal_tim_ex.o
    0x08001e92   0x08001e92   0x00000002   Code   RO         1668    i.HAL_TIMEx_CommutCallback  stm32f4xx_hal_tim_ex.o
    0x08001e94   0x08001e94   0x00000090   Code   RO         1686    i.HAL_TIMEx_MasterConfigSynchronization  stm32f4xx_hal_tim_ex.o
    0x08001f24   0x08001f24   0x0000005a   Code   RO          963    i.HAL_TIM_Base_Init  stm32f4xx_hal_tim.o
    0x08001f7e   0x08001f7e   0x00000002   Code   RO          965    i.HAL_TIM_Base_MspInit  stm32f4xx_hal_tim.o
    0x08001f80   0x08001f80   0x00000080   Code   RO          968    i.HAL_TIM_Base_Start_IT  stm32f4xx_hal_tim.o
    0x08002000   0x08002000   0x00000002   Code   RO          997    i.HAL_TIM_IC_CaptureCallback  stm32f4xx_hal_tim.o
    0x08002002   0x08002002   0x00000130   Code   RO         1011    i.HAL_TIM_IRQHandler  stm32f4xx_hal_tim.o
    0x08002132   0x08002132   0x00000002   PAD
    0x08002134   0x08002134   0x000000f4   Code   RO          385    i.HAL_TIM_MspPostInit  tim.o
    0x08002228   0x08002228   0x00000002   Code   RO         1014    i.HAL_TIM_OC_DelayElapsedCallback  stm32f4xx_hal_tim.o
    0x0800222a   0x0800222a   0x000000cc   Code   RO         1035    i.HAL_TIM_PWM_ConfigChannel  stm32f4xx_hal_tim.o
    0x080022f6   0x080022f6   0x0000005a   Code   RO         1038    i.HAL_TIM_PWM_Init  stm32f4xx_hal_tim.o
    0x08002350   0x08002350   0x00000090   Code   RO          387    i.HAL_TIM_PWM_MspInit  tim.o
    0x080023e0   0x080023e0   0x00000002   Code   RO         1041    i.HAL_TIM_PWM_PulseFinishedCallback  stm32f4xx_hal_tim.o
    0x080023e2   0x080023e2   0x00000002   PAD
    0x080023e4   0x080023e4   0x000000c8   Code   RO         1043    i.HAL_TIM_PWM_Start  stm32f4xx_hal_tim.o
    0x080024ac   0x080024ac   0x00000014   Code   RO           14    i.HAL_TIM_PeriodElapsedCallback  main.o
    0x080024c0   0x080024c0   0x00000002   Code   RO         1054    i.HAL_TIM_TriggerCallback  stm32f4xx_hal_tim.o
    0x080024c2   0x080024c2   0x00000064   Code   RO         3569    i.HAL_UART_Init     stm32f4xx_hal_uart.o
    0x08002526   0x08002526   0x00000002   PAD
    0x08002528   0x08002528   0x000000e4   Code   RO          458    i.HAL_UART_MspInit  usart.o
    0x0800260c   0x0800260c   0x00000002   Code   RO          540    i.HardFault_Handler  stm32f4xx_it.o
    0x0800260e   0x0800260e   0x00000040   Code   RO         3134    i.I2C_DMAError      stm32f4xx_hal_i2c.o
    0x0800264e   0x0800264e   0x00000112   Code   RO         3135    i.I2C_DMAXferCplt   stm32f4xx_hal_i2c.o
    0x08002760   0x08002760   0x0000002e   Code   RO         3138    i.I2C_IsAcknowledgeFailed  stm32f4xx_hal_i2c.o
    0x0800278e   0x0800278e   0x00000002   PAD
    0x08002790   0x08002790   0x000000fc   Code   RO         3148    i.I2C_RequestMemoryRead  stm32f4xx_hal_i2c.o
    0x0800288c   0x0800288c   0x000000a8   Code   RO         3149    i.I2C_RequestMemoryWrite  stm32f4xx_hal_i2c.o
    0x08002934   0x08002934   0x00000056   Code   RO         3153    i.I2C_WaitOnBTFFlagUntilTimeout  stm32f4xx_hal_i2c.o
    0x0800298a   0x0800298a   0x00000002   PAD
    0x0800298c   0x0800298c   0x00000090   Code   RO         3154    i.I2C_WaitOnFlagUntilTimeout  stm32f4xx_hal_i2c.o
    0x08002a1c   0x08002a1c   0x000000bc   Code   RO         3155    i.I2C_WaitOnMasterAddressFlagUntilTimeout  stm32f4xx_hal_i2c.o
    0x08002ad8   0x08002ad8   0x00000070   Code   RO         3156    i.I2C_WaitOnRXNEFlagUntilTimeout  stm32f4xx_hal_i2c.o
    0x08002b48   0x08002b48   0x00000056   Code   RO         3157    i.I2C_WaitOnTXEFlagUntilTimeout  stm32f4xx_hal_i2c.o
    0x08002b9e   0x08002b9e   0x00000002   PAD
    0x08002ba0   0x08002ba0   0x00000104   Code   RO          902    i.MPU6050_Calibrate  mpu6050.o
    0x08002ca4   0x08002ca4   0x0000006c   Code   RO          903    i.MPU6050_Init      mpu6050.o
    0x08002d10   0x08002d10   0x00000094   Code   RO          904    i.MPU6050_ProcessData  mpu6050.o
    0x08002da4   0x08002da4   0x0000001c   Code   RO          905    i.MPU6050_ReadGyro_DMA  mpu6050.o
    0x08002dc0   0x08002dc0   0x0000006c   Code   RO          906    i.MPU6050_UpdateTemperature  mpu6050.o
    0x08002e2c   0x08002e2c   0x0000003c   Code   RO          307    i.MX_DMA_Init       dma.o
    0x08002e68   0x08002e68   0x0000004c   Code   RO          241    i.MX_FREERTOS_Init  freertos.o
    0x08002eb4   0x08002eb4   0x00000104   Code   RO          216    i.MX_GPIO_Init      gpio.o
    0x08002fb8   0x08002fb8   0x00000040   Code   RO          333    i.MX_I2C1_Init      i2c.o
    0x08002ff8   0x08002ff8   0x00000040   Code   RO          334    i.MX_I2C2_Init      i2c.o
    0x08003038   0x08003038   0x00000040   Code   RO          335    i.MX_I2C3_Init      i2c.o
    0x08003078   0x08003078   0x00000070   Code   RO          388    i.MX_TIM2_Init      tim.o
    0x080030e8   0x080030e8   0x00000074   Code   RO          389    i.MX_TIM3_Init      tim.o
    0x0800315c   0x0800315c   0x00000074   Code   RO          390    i.MX_TIM4_Init      tim.o
    0x080031d0   0x080031d0   0x0000009c   Code   RO          391    i.MX_TIM5_Init      tim.o
    0x0800326c   0x0800326c   0x00000068   Code   RO          392    i.MX_TIM9_Init      tim.o
    0x080032d4   0x080032d4   0x00000038   Code   RO          459    i.MX_USART2_UART_Init  usart.o
    0x0800330c   0x0800330c   0x00000038   Code   RO          460    i.MX_USART3_UART_Init  usart.o
    0x08003344   0x08003344   0x00000038   Code   RO          461    i.MX_USART6_UART_Init  usart.o
    0x0800337c   0x0800337c   0x00000002   Code   RO          511    i.MX_USB_OTG_FS_USB_Init  usb_otg.o
    0x0800337e   0x0800337e   0x00000002   Code   RO          541    i.MemManage_Handler  stm32f4xx_it.o
    0x08003380   0x08003380   0x0000007c   Code   RO          781    i.Motor_Init        motor.o
    0x080033fc   0x080033fc   0x00000002   Code   RO          542    i.NMI_Handler       stm32f4xx_it.o
    0x080033fe   0x080033fe   0x00000002   PAD
    0x08003400   0x08003400   0x00000038   Code   RO          242    i.StartDefaultTask  freertos.o
    0x08003438   0x08003438   0x00000040   Code   RO          243    i.StartGyroTask     freertos.o
    0x08003478   0x08003478   0x00000094   Code   RO          783    i.Stepper_SetSpeed  motor.o
    0x0800350c   0x0800350c   0x00000020   Code   RO          784    i.Stepper_SetWheelSpeed  motor.o
    0x0800352c   0x0800352c   0x0000001a   Code   RO         5044    i.SysTick_Handler   cmsis_os2.o
    0x08003546   0x08003546   0x00000002   PAD
    0x08003548   0x08003548   0x00000094   Code   RO           15    i.SystemClock_Config  main.o
    0x080035dc   0x080035dc   0x00000010   Code   RO         3903    i.SystemInit        system_stm32f4xx_1.o
    0x080035ec   0x080035ec   0x0000000c   Code   RO          543    i.TIM2_IRQHandler   stm32f4xx_it.o
    0x080035f8   0x080035f8   0x0000000c   Code   RO          544    i.TIM3_IRQHandler   stm32f4xx_it.o
    0x08003604   0x08003604   0x0000000c   Code   RO          545    i.TIM8_TRG_COM_TIM14_IRQHandler  stm32f4xx_it.o
    0x08003610   0x08003610   0x000000d0   Code   RO         1056    i.TIM_Base_SetConfig  stm32f4xx_hal_tim.o
    0x080036e0   0x080036e0   0x0000001a   Code   RO         1057    i.TIM_CCxChannelCmd  stm32f4xx_hal_tim.o
    0x080036fa   0x080036fa   0x00000002   PAD
    0x080036fc   0x080036fc   0x00000060   Code   RO         1069    i.TIM_OC1_SetConfig  stm32f4xx_hal_tim.o
    0x0800375c   0x0800375c   0x0000006c   Code   RO         1070    i.TIM_OC2_SetConfig  stm32f4xx_hal_tim.o
    0x080037c8   0x080037c8   0x00000068   Code   RO         1071    i.TIM_OC3_SetConfig  stm32f4xx_hal_tim.o
    0x08003830   0x08003830   0x00000050   Code   RO         1072    i.TIM_OC4_SetConfig  stm32f4xx_hal_tim.o
    0x08003880   0x08003880   0x00000018   Code   RO         5045    i.TimerCallback     cmsis_os2.o
    0x08003898   0x08003898   0x00000038   Code   RO          850    i.TrapPlan_Init     trap_plan.o
    0x080038d0   0x080038d0   0x00000010   Code   RO          851    i.TrapPlan_IsDone   trap_plan.o
    0x080038e0   0x080038e0   0x000000c4   Code   RO          852    i.TrapPlan_SetTarget  trap_plan.o
    0x080039a4   0x080039a4   0x0000001c   Code   RO          853    i.TrapPlan_Stop     trap_plan.o
    0x080039c0   0x080039c0   0x00000198   Code   RO          854    i.TrapPlan_Update   trap_plan.o
    0x08003b58   0x08003b58   0x0000010c   Code   RO         3595    i.UART_SetConfig    stm32f4xx_hal_uart.o
    0x08003c64   0x08003c64   0x00000002   Code   RO          546    i.UsageFault_Handler  stm32f4xx_it.o
    0x08003c66   0x08003c66   0x00000020   Code   RO         2694    i.__NVIC_SetPriority  stm32f4xx_hal_cortex.o
    0x08003c86   0x08003c86   0x0000003a   Code   RO         5705    i.__hardfp_sqrtf    m_wm.l(sqrtf.o)
    0x08003cc0   0x08003cc0   0x00000020   Code   RO          785    i.clampf            motor.o
    0x08003ce0   0x08003ce0   0x00000056   Code   RO           16    i.main              main.o
    0x08003d36   0x08003d36   0x00000002   PAD
    0x08003d38   0x08003d38   0x000000bc   Code   RO          786    i.motor_write_hw    motor.o
    0x08003df4   0x08003df4   0x0000001a   Code   RO          907    i.mpu_write_reg     mpu6050.o
    0x08003e0e   0x08003e0e   0x00000010   Code   RO          855    i.my_abs            trap_plan.o
    0x08003e1e   0x08003e1e   0x0000001a   Code   RO         5046    i.osDelay           cmsis_os2.o
    0x08003e38   0x08003e38   0x00000024   Code   RO         5060    i.osKernelInitialize  cmsis_os2.o
    0x08003e5c   0x08003e5c   0x00000038   Code   RO         5063    i.osKernelStart     cmsis_os2.o
    0x08003e94   0x08003e94   0x0000008a   Code   RO         5105    i.osThreadNew       cmsis_os2.o
    0x08003f1e   0x08003f1e   0x00000002   PAD
    0x08003f20   0x08003f20   0x00000078   Code   RO         5114    i.osTimerNew        cmsis_os2.o
    0x08003f98   0x08003f98   0x00000032   Code   RO         5115    i.osTimerStart      cmsis_os2.o
    0x08003fca   0x08003fca   0x00000002   PAD
    0x08003fcc   0x08003fcc   0x0000005c   Code   RO         4505    i.prvAddCurrentTaskToDelayedList  tasks.o
    0x08004028   0x08004028   0x000000d0   Code   RO         4506    i.prvAddNewTaskToReadyList  tasks.o
    0x080040f8   0x080040f8   0x00000058   Code   RO         4870    i.prvCheckForValidListAndQueue  timers.o
    0x08004150   0x08004150   0x00000026   Code   RO         4105    i.prvCopyDataFromQueue  queue.o
    0x08004176   0x08004176   0x0000006c   Code   RO         4106    i.prvCopyDataToQueue  queue.o
    0x080041e2   0x080041e2   0x00000034   Code   RO         4507    i.prvDeleteTCB      tasks.o
    0x08004216   0x08004216   0x00000002   PAD
    0x08004218   0x08004218   0x0000004c   Code   RO         5557    i.prvHeapInit       heap_4.o
    0x08004264   0x08004264   0x00000060   Code   RO         4508    i.prvIdleTask       tasks.o
    0x080042c4   0x080042c4   0x00000022   Code   RO         4108    i.prvInitialiseNewQueue  queue.o
    0x080042e6   0x080042e6   0x00000002   PAD
    0x080042e8   0x080042e8   0x000000b0   Code   RO         4509    i.prvInitialiseNewTask  tasks.o
    0x08004398   0x08004398   0x0000004e   Code   RO         4871    i.prvInitialiseNewTimer  timers.o
    0x080043e6   0x080043e6   0x00000002   PAD
    0x080043e8   0x080043e8   0x0000004c   Code   RO         5558    i.prvInsertBlockIntoFreeList  heap_4.o
    0x08004434   0x08004434   0x00000038   Code   RO         4872    i.prvInsertTimerInActiveList  timers.o
    0x0800446c   0x0800446c   0x0000001c   Code   RO         4109    i.prvIsQueueEmpty   queue.o
    0x08004488   0x08004488   0x000000fc   Code   RO         4873    i.prvProcessReceivedCommands  timers.o
    0x08004584   0x08004584   0x000000c0   Code   RO         4874    i.prvProcessTimerOrBlockTask  timers.o
    0x08004644   0x08004644   0x00000020   Code   RO         4511    i.prvResetNextTaskUnblockTime  tasks.o
    0x08004664   0x08004664   0x00000028   Code   RO         4875    i.prvSampleTimeNow  timers.o
    0x0800468c   0x0800468c   0x0000006c   Code   RO         4876    i.prvSwitchTimerLists  timers.o
    0x080046f8   0x080046f8   0x00000028   Code   RO         5613    i.prvTaskExitError  port.o
    0x08004720   0x08004720   0x00000024   Code   RO         4877    i.prvTimerTask      timers.o
    0x08004744   0x08004744   0x0000006a   Code   RO         4110    i.prvUnlockQueue    queue.o
    0x080047ae   0x080047ae   0x00000002   PAD
    0x080047b0   0x080047b0   0x000000dc   Code   RO         5559    i.pvPortMalloc      heap_4.o
    0x0800488c   0x0800488c   0x00000024   Code   RO         4878    i.pvTimerGetTimerID  timers.o
    0x080048b0   0x080048b0   0x0000002c   Code   RO         5614    i.pxPortInitialiseStack  port.o
    0x080048dc   0x080048dc   0x00000026   Code   RO         4065    i.uxListRemove      list.o
    0x08004902   0x08004902   0x00000002   PAD
    0x08004904   0x08004904   0x00000014   Code   RO         5117    i.vApplicationGetIdleTaskMemory  cmsis_os2.o
    0x08004918   0x08004918   0x00000018   Code   RO         5118    i.vApplicationGetTimerTaskMemory  cmsis_os2.o
    0x08004930   0x08004930   0x00000016   Code   RO         4066    i.vListInitialise   list.o
    0x08004946   0x08004946   0x00000006   Code   RO         4067    i.vListInitialiseItem  list.o
    0x0800494c   0x0800494c   0x00000030   Code   RO         4068    i.vListInsert       list.o
    0x0800497c   0x0800497c   0x00000018   Code   RO         4069    i.vListInsertEnd    list.o
    0x08004994   0x08004994   0x00000040   Code   RO         5616    i.vPortEnterCritical  port.o
    0x080049d4   0x080049d4   0x00000028   Code   RO         5617    i.vPortExitCritical  port.o
    0x080049fc   0x080049fc   0x00000064   Code   RO         5560    i.vPortFree         heap_4.o
    0x08004a60   0x08004a60   0x00000024   Code   RO         5618    i.vPortSetupTimerInterrupt  port.o
    0x08004a84   0x08004a84   0x00000054   Code   RO         5619    i.vPortValidateInterruptPriority  port.o
    0x08004ad8   0x08004ad8   0x00000028   Code   RO         4116    i.vQueueAddToRegistry  queue.o
    0x08004b00   0x08004b00   0x00000044   Code   RO         4120    i.vQueueWaitForMessageRestricted  queue.o
    0x08004b44   0x08004b44   0x0000004c   Code   RO         4524    i.vTaskDelay        tasks.o
    0x08004b90   0x08004b90   0x00000010   Code   RO         4529    i.vTaskInternalSetTimeOutState  tasks.o
    0x08004ba0   0x08004ba0   0x0000000c   Code   RO         4530    i.vTaskMissedYield  tasks.o
    0x08004bac   0x08004bac   0x00000030   Code   RO         4532    i.vTaskPlaceOnEventList  tasks.o
    0x08004bdc   0x08004bdc   0x00000038   Code   RO         4533    i.vTaskPlaceOnEventListRestricted  tasks.o
    0x08004c14   0x08004c14   0x00000088   Code   RO         4541    i.vTaskStartScheduler  tasks.o
    0x08004c9c   0x08004c9c   0x00000010   Code   RO         4543    i.vTaskSuspendAll   tasks.o
    0x08004cac   0x08004cac   0x00000064   Code   RO         4544    i.vTaskSwitchContext  tasks.o
    0x08004d10   0x08004d10   0x000000f4   Code   RO         5620    i.xPortStartScheduler  port.o
    0x08004e04   0x08004e04   0x0000002c   Code   RO         5621    i.xPortSysTickHandler  port.o
    0x08004e30   0x08004e30   0x00000066   Code   RO         4126    i.xQueueGenericCreateStatic  queue.o
    0x08004e96   0x08004e96   0x00000002   PAD
    0x08004e98   0x08004e98   0x00000088   Code   RO         4127    i.xQueueGenericReset  queue.o
    0x08004f20   0x08004f20   0x00000160   Code   RO         4128    i.xQueueGenericSend  queue.o
    0x08005080   0x08005080   0x000000be   Code   RO         4129    i.xQueueGenericSendFromISR  queue.o
    0x0800513e   0x0800513e   0x00000002   PAD
    0x08005140   0x08005140   0x00000138   Code   RO         4138    i.xQueueReceive     queue.o
    0x08005278   0x08005278   0x00000074   Code   RO         4546    i.xTaskCheckForTimeOut  tasks.o
    0x080052ec   0x080052ec   0x0000005a   Code   RO         4547    i.xTaskCreate       tasks.o
    0x08005346   0x08005346   0x00000056   Code   RO         4548    i.xTaskCreateStatic  tasks.o
    0x0800539c   0x0800539c   0x0000001c   Code   RO         4552    i.xTaskGetSchedulerState  tasks.o
    0x080053b8   0x080053b8   0x0000000c   Code   RO         4553    i.xTaskGetTickCount  tasks.o
    0x080053c4   0x080053c4   0x000000c8   Code   RO         4555    i.xTaskIncrementTick  tasks.o
    0x0800548c   0x0800548c   0x00000080   Code   RO         4558    i.xTaskPriorityDisinherit  tasks.o
    0x0800550c   0x0800550c   0x00000070   Code   RO         4560    i.xTaskRemoveFromEventList  tasks.o
    0x0800557c   0x0800557c   0x000000c4   Code   RO         4561    i.xTaskResumeAll    tasks.o
    0x08005640   0x08005640   0x00000034   Code   RO         4884    i.xTimerCreate      timers.o
    0x08005674   0x08005674   0x0000002e   Code   RO         4885    i.xTimerCreateStatic  timers.o
    0x080056a2   0x080056a2   0x00000002   PAD
    0x080056a4   0x080056a4   0x00000060   Code   RO         4886    i.xTimerCreateTimerTask  timers.o
    0x08005704   0x08005704   0x00000068   Code   RO         4887    i.xTimerGenericCommand  timers.o
    0x0800576c   0x0800576c   0x0000000a   Code   RO         5836    x$fpl$fpinit        fz_wm.l(fpinit.o)
    0x08005776   0x08005776   0x00000000   Code   RO         5728    x$fpl$usenofp       fz_wm.l(usenofp.o)
    0x08005776   0x08005776   0x00000002   PAD
    0x08005778   0x08005778   0x00000058   Data   RO          244    .constdata          freertos.o
    0x080057d0   0x080057d0   0x00000008   Data   RO         2408    .constdata          stm32f4xx_hal_dma.o
    0x080057d8   0x080057d8   0x00000010   Data   RO         3904    .constdata          system_stm32f4xx_1.o
    0x080057e8   0x080057e8   0x00000008   Data   RO         3905    .constdata          system_stm32f4xx_1.o
    0x080057f0   0x080057f0   0x00000025   Data   RO          245    .conststring        freertos.o
    0x08005815   0x08005815   0x00000003   PAD
    0x08005818   0x08005818   0x00000020   Data   RO         5892    Region$$Table       anon$$obj.o


    Execution Region RW_IRAM1 (Exec base: 0x20000000, Load base: 0x08005838, Size: 0x000054e0, Max: 0x0001c000, ABSOLUTE)

    Exec Addr    Load Addr    Size         Type   Attr      Idx    E Section Name        Object

    0x20000000   0x08005838   0x0000000c   Data   RW          246    .data               freertos.o
    0x2000000c   0x08005844   0x00000014   Data   RW          703    .data               chassis.o
    0x20000020   0x08005858   0x00000016   Data   RW          909    .data               mpu6050.o
    0x20000036   0x0800586e   0x00000002   PAD
    0x20000038   0x08005870   0x0000000c   Data   RW         2853    .data               stm32f4xx_hal.o
    0x20000044   0x0800587c   0x00000004   Data   RW         3906    .data               system_stm32f4xx_1.o
    0x20000048   0x08005880   0x0000003c   Data   RW         4564    .data               tasks.o
    0x20000084   0x080058bc   0x00000014   Data   RW         4895    .data               timers.o
    0x20000098   0x080058d0   0x00000004   Data   RW         5120    .data               cmsis_os2.o
    0x2000009c   0x080058d4   0x00000020   Data   RW         5566    .data               heap_4.o
    0x200000bc   0x080058f4   0x0000000c   Data   RW         5622    .data               port.o
    0x200000c8        -       0x000001bc   Zero   RW          336    .bss                i2c.o
    0x20000284        -       0x00000168   Zero   RW          393    .bss                tim.o
    0x200003ec        -       0x000000d8   Zero   RW          462    .bss                usart.o
    0x200004c4        -       0x00000048   Zero   RW          656    .bss                stm32f4xx_hal_timebase_tim.o
    0x2000050c        -       0x00000040   Zero   RW          702    .bss                chassis.o
    0x2000054c        -       0x00000024   Zero   RW          787    .bss                motor.o
    0x20000570        -       0x00000024   Zero   RW          788    .bss                motor.o
    0x20000594        -       0x00000018   Zero   RW          908    .bss                mpu6050.o
    0x200005ac        -       0x00000040   Zero   RW         4142    .bss                queue.o
    0x200005ec        -       0x000004c4   Zero   RW         4563    .bss                tasks.o
    0x20000ab0        -       0x00000118   Zero   RW         4894    .bss                timers.o
    0x20000bc8        -       0x000006b8   Zero   RW         5119    .bss                cmsis_os2.o
    0x20001280        -       0x00003c00   Zero   RW         5565    .bss                heap_4.o
    0x20004e80        -       0x00000060   Zero   RW         5752    .bss                c_w.l(libspace.o)
    0x20004ee0        -       0x00000200   Zero   RW            2    HEAP                startup_stm32f407xx.o
    0x200050e0        -       0x00000400   Zero   RW            1    STACK               startup_stm32f407xx.o


    Execution Region RW_IRAM2 (Exec base: 0x2001c000, Load base: 0x08005900, Size: 0x00000000, Max: 0x00004000, ABSOLUTE)

    **** No section assigned to this execution region ****


==============================================================================

Image component sizes


      Code (inc. data)   RO Data    RW Data    ZI Data      Debug   Object Name

       772        172          0         20         64       3976   chassis.o
       520         26          0          4       1720      67771   cmsis_os2.o
        60          4          0          0          0        770   dma.o
         0          0          0          0          0      19420   event_groups.o
       200         38        125         12          0       6095   freertos.o
       260         16          0          0          0       1067   gpio.o
       472         24          0         32      15360       4827   heap_4.o
       588         78          0          0        444       3249   i2c.o
       138          0          0          0          0       3510   list.o
       258         14          0          0          0     712124   main.o
       524         28          0          0         72       5429   motor.o
       678         74          0         22         24       5943   mpu6050.o
       786         82          0         12          0      11433   port.o
      1514         20          0          0         64      17324   queue.o
        64         26        392          0       1536        836   startup_stm32f407xx.o
       116         18          0         12          0       8674   stm32f4xx_hal.o
       158         14          0          0          0      32998   stm32f4xx_hal_cortex.o
       942         16          8          0          0       6993   stm32f4xx_hal_dma.o
       506         46          0          0          0       2176   stm32f4xx_hal_gpio.o
      3100         68          0          0          0      18504   stm32f4xx_hal_i2c.o
        56          4          0          0          0        854   stm32f4xx_hal_msp.o
      1408         82          0          0          0       5877   stm32f4xx_hal_rcc.o
      1648        136          0          0          0      13595   stm32f4xx_hal_tim.o
       148         28          0          0          0       2465   stm32f4xx_hal_tim_ex.o
       152         20          0          0         72       1464   stm32f4xx_hal_timebase_tim.o
       368         10          0          0          0       2024   stm32f4xx_hal_uart.o
        96         38          0          0          0       6100   stm32f4xx_it.o
        16          4         24          4          0       1111   system_stm32f4xx_1.o
      2084        168          0         60       1220      26748   tasks.o
       992         94          0          0        360       5271   tim.o
      1184         80          0         20        280      35883   timers.o
       720         26          0          0          0       5729   trap_plan.o
       396         50          0          0        216       3084   usart.o
         2          0          0          0          0        457   usb_otg.o

    ----------------------------------------------------------------------
     20980       1504        584        200      21432    1043781   Object Totals
         0          0         32          0          0          0   (incl. Generated)
        54          0          3          2          0          0   (incl. Padding)

    ----------------------------------------------------------------------

      Code (inc. data)   RO Data    RW Data    ZI Data      Debug   Library Member Name

         8          0          0          0          0         68   __main.o
         0          0          0          0          0          0   __rtentry.o
        12          0          0          0          0          0   __rtentry2.o
         6          0          0          0          0          0   __rtentry4.o
        52          8          0          0          0          0   __scatter.o
        26          0          0          0          0          0   __scatter_copy.o
        28          0          0          0          0          0   __scatter_zi.o
        22          0          0          0          0        100   _rserrno.o
        16          0          0          0          0         68   aeabi_memset.o
        18          0          0          0          0         80   exit.o
         6          0          0          0          0        152   heapauxi.o
         0          0          0          0          0          0   indicate_semi.o
         2          0          0          0          0          0   libinit.o
         6          0          0          0          0          0   libinit2.o
         2          0          0          0          0          0   libshutdown.o
         2          0          0          0          0          0   libshutdown2.o
         8          4          0          0         96         68   libspace.o
       238          0          0          0          0        100   lludivv7m.o
         8          4          0          0          0         68   rt_errno_addr_intlibspace.o
        68          0          0          0          0         68   rt_memclr.o
        78          0          0          0          0         80   rt_memclr_w.o
       138          0          0          0          0         68   rt_memcpy_v6.o
       100          0          0          0          0         80   rt_memcpy_w.o
         2          0          0          0          0          0   rtexit.o
        10          0          0          0          0          0   rtexit2.o
        12          4          0          0          0         68   sys_exit.o
        74          0          0          0          0         80   sys_stackheap_outer.o
         2          0          0          0          0         68   use_no_semi.o
        10          0          0          0          0        116   fpinit.o
         0          0          0          0          0          0   usenofp.o
        58          0          0          0          0        136   sqrtf.o

    ----------------------------------------------------------------------
      1020         20          0          0         96       1468   Library Totals
         8          0          0          0          0          0   (incl. Padding)

    ----------------------------------------------------------------------

      Code (inc. data)   RO Data    RW Data    ZI Data      Debug   Library Name

       944         20          0          0         96       1216   c_w.l
        10          0          0          0          0        116   fz_wm.l
        58          0          0          0          0        136   m_wm.l

    ----------------------------------------------------------------------
      1020         20          0          0         96       1468   Library Totals

    ----------------------------------------------------------------------

==============================================================================


      Code (inc. data)   RO Data    RW Data    ZI Data      Debug   

     22000       1524        584        200      21528    1025277   Grand Totals
     22000       1524        584        200      21528    1025277   ELF Image Totals
     22000       1524        584        200          0          0   ROM Totals

==============================================================================

    Total RO  Size (Code + RO Data)                22584 (  22.05kB)
    Total RW  Size (RW Data + ZI Data)             21728 (  21.22kB)
    Total ROM Size (Code + RO Data + RW Data)      22784 (  22.25kB)

==============================================================================

