<html>
<body>
<pre>
<h1>�Vision Build Log</h1>
<h2>Tool Versions:</h2>
IDE-Version: ��Vision V5.24.2.0
Copyright (C) 2017 ARM Ltd and ARM Germany GmbH. All rights reserved.
License Information: d dhr, 563, LIC=65ISZ-JNSWA-VECHA-1W3XC-C1LVX-F7PUL
 
Tool Versions:
Toolchain:       MDK-ARM Plus  Version: 5.24.1
Toolchain Path:  C:\Keil_v5\ARM\ARMCC\Bin
C Compiler:      Armcc.exe V5.06 update 5 (build 528)
Assembler:       Armasm.exe V5.06 update 5 (build 528)
Linker/Locator:  ArmLink.exe V5.06 update 5 (build 528)
Library Manager: ArmAr.exe V5.06 update 5 (build 528)
Hex Converter:   FromElf.exe V5.06 update 5 (build 528)
CPU DLL:         SARMCM3.DLL V5.24.1
Dialog DLL:      DCM.DLL V1.16.0.0
Target DLL:      CMSIS_AGDI.dll V1.28.3.0
Dialog DLL:      TCM.DLL V1.32.0.0
 
<h2>Project:</h2>
C:\Users\dhr\Desktop\guangdian\MDK-ARM\guangdian.uvprojx
Project File Date:  07/20/2026

<h2>Output:</h2>
*** Using Compiler 'V5.06 update 5 (build 528)', folder: 'C:\Keil_v5\ARM\ARMCC\Bin'
Build target 'guangdian'
compiling chassis.c...
../Core/Inc/motor.h(86): warning:  #1-D: last line of file ends without a newline
  #endif /* __MOTOR_H__ */
../Core/Inc/trap_plan.h(96): warning:  #1-D: last line of file ends without a newline
  #endif /* __TRAP_PLAN_H__ */
../Core/Inc/chassis.h(157): warning:  #1-D: last line of file ends without a newline
  #endif /* __CHASSIS_H__ */
..\Core\Src\chassis.c(274): warning:  #1-D: last line of file ends without a newline
  }
..\Core\Src\chassis.c(39): warning:  #550-D: variable "g_gyro_angular_rad_s"  was set but never used
  static float g_gyro_angular_rad_s = 0.0f;    /* 当前 Z 轴角速度 (rad/s) */
..\Core\Src\chassis.c: 5 warnings, 0 errors
compiling mpu6050.c...
..\Core\Src\mpu6050.c(177): warning:  #167-D: argument of type "volatile uint8_t *" is incompatible with parameter of type "uint8_t *"
                                  g_rx_buf,
..\Core\Src\mpu6050.c(246): warning:  #223-D: function "pvPortMalloc" declared implicitly
      float *buf = (float *)pvPortMalloc(samples * sizeof(float));
..\Core\Src\mpu6050.c(264): warning:  #223-D: function "vPortFree" declared implicitly
          vPortFree(buf);
..\Core\Src\mpu6050.c(284): warning:  #223-D: function "vPortFree" declared implicitly
      vPortFree(buf);
..\Core\Src\mpu6050.c(316): warning:  #167-D: argument of type "volatile uint8_t *" is incompatible with parameter of type "uint8_t *"
                                  g_rx_buf,
..\Core\Src\mpu6050.c(19): warning:  #177-D: variable "g_temp_buf"  was declared but never referenced
  static uint8_t  g_temp_buf[7];              /* 阻塞读温度用的临时缓�? */
..\Core\Src\mpu6050.c: 6 warnings, 0 errors
compiling stm32f4xx_it.c...
compiling freertos.c...
../Core/Inc/motor.h(86): warning:  #1-D: last line of file ends without a newline
  #endif /* __MOTOR_H__ */
../Core/Inc/trap_plan.h(96): warning:  #1-D: last line of file ends without a newline
  #endif /* __TRAP_PLAN_H__ */
../Core/Inc/chassis.h(157): warning:  #1-D: last line of file ends without a newline
  #endif /* __CHASSIS_H__ */
../Core/Src/freertos.c(305): warning:  #1-D: last line of file ends without a newline
  /* USER CODE END Application */
../Core/Src/freertos.c: 4 warnings, 0 errors
linking...
Program Size: Code=32476 RO-data=780 RW-data=212 ZI-data=21532  
FromELF: creating hex file...
"guangdian\guangdian.axf" - 0 Error(s), 15 Warning(s).

<h2>Software Packages used:</h2>

Package Vendor: ARM
                http://www.keil.com/pack/ARM.CMSIS.5.0.1.pack
                ARM.CMSIS.5.0.1
                CMSIS (Cortex Microcontroller Software Interface Standard)
   * Component: CORE Version: 5.0.1

Package Vendor: Keil
                https://www.keil.com/pack/Keil.STM32F4xx_DFP.3.1.2-dev.pack
                Keil.STM32F4xx_DFP.3.1.2-dev
                STMicroelectronics STM32F4 Series Device Support

<h2>Collection of Component include folders:</h2>
  .\RTE\_guangdian
  C:\Keil_v5\ARM\PACK\ARM\CMSIS\5.0.1\CMSIS\Include

<h2>Collection of Component Files used:</h2>

   * Component: ARM::CMSIS:CORE:5.0.1
Build Time Elapsed:  00:00:03
</pre>
</body>
</html>
